SourceFilePath: "src/Test.cpp"
	IndexedPath: "src/Test.cpp"
	IndexedPath: "test/indexed/header/path"
	CompilerFlag: "clang-tool"
	CompilerFlag: "-fms-extensions"
	CompilerFlag: "-fms-compatibility"
	CompilerFlag: "-fms-compatibility-version=19"
	CompilerFlag: "-isystem"
	CompilerFlag: "/include/path/from/cdb"
	CompilerFlag: "-D"
	CompilerFlag: "DEFINE_FROM_CDB=some_value"
	CompilerFlag: "-std=c++14"
	CompilerFlag: "/FS"
	CompilerFlag: "./Test.cpp"
	CompilerFlag: "-isystem"
	CompilerFlag: "data/cxx/include/"
	CompilerFlag: "-isystem"
	CompilerFlag: "header_search/local"
	CompilerFlag: "-isystem"
	CompilerFlag: "test/header/search/path"
	CompilerFlag: "-iframework"
	CompilerFlag: "framework_search/local"
	CompilerFlag: "-iframework"
	CompilerFlag: "test/framework/search/path"
	CompilerFlag: "-local-flag"
	ExcludeFilter: "**/excluded/**"
