FILE: Declaration.java
SYMBOL_PACKAGE: com.github.javaparser.symbolsolver.model.declarations [Declaration.java <17:50 17:61>]
QUALIFIER: com.github.javaparser.symbolsolver.model [Declaration.java <17:44 17:48>]
SYMBOL_PACKAGE: com.github.javaparser.symbolsolver.model
QUALIFIER: com.github.javaparser.symbolsolver [Declaration.java <17:31 17:42>]
SYMBOL_PACKAGE: com.github.javaparser.symbolsolver
QUALIFIER: com.github.javaparser [Declaration.java <17:20 17:29>]
SYMBOL_PACKAGE: com.github.javaparser
QUALIFIER: com.github [Declaration.java <17:13 17:18>]
SYMBOL_PACKAGE: com.github
QUALIFIER: com [Declaration.java <17:9 17:11>]
SYMBOL_PACKAGE: com
SYMBOL_INTERFACE: public com.github.javaparser.symbolsolver.model.declarations.Declaration [Declaration.java <24:1 <24:18 24:28> 93:1>]
SYMBOL_METHOD: default boolean com.github.javaparser.symbolsolver.model.declarations.Declaration.hasName() [Declaration.java <29:1 <29:1 <29:21 29:27> 29:29> 31:5>]
SYMBOL_BUILTIN_TYPE: boolean
SYMBOL_METHOD: default java.lang.String com.github.javaparser.symbolsolver.model.declarations.Declaration.getName() [Declaration.java <36:1 <36:1 <36:12 36:18> 36:20> 36:21>]
SYMBOL_PACKAGE: java.lang
QUALIFIER: java.lang.String [Declaration.java <70:49 70:54>]
QUALIFIER: java.lang.String [Declaration.java <77:49 77:54>]
QUALIFIER: java.lang.String [Declaration.java <84:49 84:54>]
QUALIFIER: java.lang.String [Declaration.java <91:49 91:54>]
SYMBOL_METHOD: default boolean com.github.javaparser.symbolsolver.model.declarations.Declaration.isField() [Declaration.java <41:1 <41:1 <41:21 41:27> 41:29> 43:5>]
SYMBOL_METHOD: default boolean com.github.javaparser.symbolsolver.model.declarations.Declaration.isParameter() [Declaration.java <48:1 <48:1 <48:21 48:31> 48:33> 50:5>]
SYMBOL_METHOD: default boolean com.github.javaparser.symbolsolver.model.declarations.Declaration.isType() [Declaration.java <55:1 <55:1 <55:21 55:26> 55:28> 57:5>]
SYMBOL_METHOD: default boolean com.github.javaparser.symbolsolver.model.declarations.Declaration.isMethod() [Declaration.java <62:1 <62:1 <62:21 62:28> 62:30> 64:5>]
SYMBOL_METHOD: default com.github.javaparser.symbolsolver.model.declarations.FieldDeclaration com.github.javaparser.symbolsolver.model.declarations.Declaration.asField() [Declaration.java <69:1 <69:1 <69:30 69:36> 69:38> 71:5>]
SYMBOL_METHOD: java.lang.UnsupportedOperationException.UnsupportedOperationException(java.lang.String)
SYMBOL_METHOD: static java.lang.String java.lang.String.format(java.lang.String, java.lang.Object)
SYMBOL_METHOD: default com.github.javaparser.symbolsolver.model.declarations.ParameterDeclaration com.github.javaparser.symbolsolver.model.declarations.Declaration.asParameter() [Declaration.java <76:1 <76:1 <76:34 76:44> 76:46> 78:5>]
SYMBOL_METHOD: default com.github.javaparser.symbolsolver.model.declarations.TypeDeclaration com.github.javaparser.symbolsolver.model.declarations.Declaration.asType() [Declaration.java <83:1 <83:1 <83:29 83:34> 83:36> 85:5>]
SYMBOL_METHOD: default com.github.javaparser.symbolsolver.model.declarations.MethodDeclaration com.github.javaparser.symbolsolver.model.declarations.Declaration.asMethod() [Declaration.java <90:1 <90:1 <90:31 90:38> 90:40> 92:5>]
REFERENCE_TYPE_USAGE: boolean com.github.javaparser.symbolsolver.model.declarations.Declaration.hasName() -> boolean [Declaration.java <29:13 29:19>]
REFERENCE_TYPE_USAGE: java.lang.String com.github.javaparser.symbolsolver.model.declarations.Declaration.getName() -> java.lang.String [Declaration.java <36:5 36:10>]
REFERENCE_TYPE_USAGE: boolean com.github.javaparser.symbolsolver.model.declarations.Declaration.isField() -> boolean [Declaration.java <41:13 41:19>]
REFERENCE_TYPE_USAGE: boolean com.github.javaparser.symbolsolver.model.declarations.Declaration.isParameter() -> boolean [Declaration.java <48:13 48:19>]
REFERENCE_TYPE_USAGE: boolean com.github.javaparser.symbolsolver.model.declarations.Declaration.isType() -> boolean [Declaration.java <55:13 55:19>]
REFERENCE_TYPE_USAGE: boolean com.github.javaparser.symbolsolver.model.declarations.Declaration.isMethod() -> boolean [Declaration.java <62:13 62:19>]
REFERENCE_TYPE_USAGE: com.github.javaparser.symbolsolver.model.declarations.FieldDeclaration com.github.javaparser.symbolsolver.model.declarations.Declaration.asField() -> com.github.javaparser.symbolsolver.model.declarations.FieldDeclaration [Declaration.java <69:13 69:28>]
REFERENCE_CALL: com.github.javaparser.symbolsolver.model.declarations.FieldDeclaration com.github.javaparser.symbolsolver.model.declarations.Declaration.asField() -> java.lang.UnsupportedOperationException.UnsupportedOperationException(java.lang.String) [Declaration.java <70:19 70:47>]
REFERENCE_TYPE_USAGE: com.github.javaparser.symbolsolver.model.declarations.FieldDeclaration com.github.javaparser.symbolsolver.model.declarations.Declaration.asField() -> java.lang.UnsupportedOperationException [Declaration.java <70:19 70:47>]
REFERENCE_CALL: com.github.javaparser.symbolsolver.model.declarations.FieldDeclaration com.github.javaparser.symbolsolver.model.declarations.Declaration.asField() -> static java.lang.String java.lang.String.format(java.lang.String, java.lang.Object) [Declaration.java <70:56 70:61>]
REFERENCE_TYPE_USAGE: com.github.javaparser.symbolsolver.model.declarations.ParameterDeclaration com.github.javaparser.symbolsolver.model.declarations.Declaration.asParameter() -> com.github.javaparser.symbolsolver.model.declarations.ParameterDeclaration [Declaration.java <76:13 76:32>]
REFERENCE_CALL: com.github.javaparser.symbolsolver.model.declarations.ParameterDeclaration com.github.javaparser.symbolsolver.model.declarations.Declaration.asParameter() -> java.lang.UnsupportedOperationException.UnsupportedOperationException(java.lang.String) [Declaration.java <77:19 77:47>]
REFERENCE_TYPE_USAGE: com.github.javaparser.symbolsolver.model.declarations.ParameterDeclaration com.github.javaparser.symbolsolver.model.declarations.Declaration.asParameter() -> java.lang.UnsupportedOperationException [Declaration.java <77:19 77:47>]
REFERENCE_CALL: com.github.javaparser.symbolsolver.model.declarations.ParameterDeclaration com.github.javaparser.symbolsolver.model.declarations.Declaration.asParameter() -> static java.lang.String java.lang.String.format(java.lang.String, java.lang.Object) [Declaration.java <77:56 77:61>]
REFERENCE_TYPE_USAGE: com.github.javaparser.symbolsolver.model.declarations.TypeDeclaration com.github.javaparser.symbolsolver.model.declarations.Declaration.asType() -> com.github.javaparser.symbolsolver.model.declarations.TypeDeclaration [Declaration.java <83:13 83:27>]
REFERENCE_CALL: com.github.javaparser.symbolsolver.model.declarations.TypeDeclaration com.github.javaparser.symbolsolver.model.declarations.Declaration.asType() -> java.lang.UnsupportedOperationException.UnsupportedOperationException(java.lang.String) [Declaration.java <84:19 84:47>]
REFERENCE_TYPE_USAGE: com.github.javaparser.symbolsolver.model.declarations.TypeDeclaration com.github.javaparser.symbolsolver.model.declarations.Declaration.asType() -> java.lang.UnsupportedOperationException [Declaration.java <84:19 84:47>]
REFERENCE_CALL: com.github.javaparser.symbolsolver.model.declarations.TypeDeclaration com.github.javaparser.symbolsolver.model.declarations.Declaration.asType() -> static java.lang.String java.lang.String.format(java.lang.String, java.lang.Object) [Declaration.java <84:56 84:61>]
REFERENCE_TYPE_USAGE: com.github.javaparser.symbolsolver.model.declarations.MethodDeclaration com.github.javaparser.symbolsolver.model.declarations.Declaration.asMethod() -> com.github.javaparser.symbolsolver.model.declarations.MethodDeclaration [Declaration.java <90:13 90:29>]
REFERENCE_CALL: com.github.javaparser.symbolsolver.model.declarations.MethodDeclaration com.github.javaparser.symbolsolver.model.declarations.Declaration.asMethod() -> java.lang.UnsupportedOperationException.UnsupportedOperationException(java.lang.String) [Declaration.java <91:19 91:47>]
REFERENCE_TYPE_USAGE: com.github.javaparser.symbolsolver.model.declarations.MethodDeclaration com.github.javaparser.symbolsolver.model.declarations.Declaration.asMethod() -> java.lang.UnsupportedOperationException [Declaration.java <91:19 91:47>]
REFERENCE_CALL: com.github.javaparser.symbolsolver.model.declarations.MethodDeclaration com.github.javaparser.symbolsolver.model.declarations.Declaration.asMethod() -> static java.lang.String java.lang.String.format(java.lang.String, java.lang.Object) [Declaration.java <91:56 91:61>]
LOCAL_SYMBOL: Declaration.java<24:30> [Declaration.java <24:30 24:30>]
LOCAL_SYMBOL: Declaration.java<24:30> [Declaration.java <93:1 93:1>]
LOCAL_SYMBOL: Declaration.java<29:31> [Declaration.java <29:31 29:31>]
LOCAL_SYMBOL: Declaration.java<29:31> [Declaration.java <31:5 31:5>]
LOCAL_SYMBOL: Declaration.java<41:31> [Declaration.java <41:31 41:31>]
LOCAL_SYMBOL: Declaration.java<41:31> [Declaration.java <43:5 43:5>]
LOCAL_SYMBOL: Declaration.java<48:35> [Declaration.java <48:35 48:35>]
LOCAL_SYMBOL: Declaration.java<48:35> [Declaration.java <50:5 50:5>]
LOCAL_SYMBOL: Declaration.java<55:30> [Declaration.java <55:30 55:30>]
LOCAL_SYMBOL: Declaration.java<55:30> [Declaration.java <57:5 57:5>]
LOCAL_SYMBOL: Declaration.java<62:32> [Declaration.java <62:32 62:32>]
LOCAL_SYMBOL: Declaration.java<62:32> [Declaration.java <64:5 64:5>]
LOCAL_SYMBOL: Declaration.java<69:40> [Declaration.java <69:40 69:40>]
LOCAL_SYMBOL: Declaration.java<69:40> [Declaration.java <71:5 71:5>]
LOCAL_SYMBOL: Declaration.java<76:48> [Declaration.java <76:48 76:48>]
LOCAL_SYMBOL: Declaration.java<76:48> [Declaration.java <78:5 78:5>]
LOCAL_SYMBOL: Declaration.java<83:38> [Declaration.java <83:38 83:38>]
LOCAL_SYMBOL: Declaration.java<83:38> [Declaration.java <85:5 85:5>]
LOCAL_SYMBOL: Declaration.java<90:42> [Declaration.java <90:42 90:42>]
LOCAL_SYMBOL: Declaration.java<90:42> [Declaration.java <92:5 92:5>]
COMMENT: comment [Declaration.java <1:1 15:3>]
COMMENT: comment [Declaration.java <19:1 23:3>]
COMMENT: comment [Declaration.java <26:5 28:7>]
COMMENT: comment [Declaration.java <33:5 35:7>]
COMMENT: comment [Declaration.java <38:5 40:7>]
COMMENT: comment [Declaration.java <45:5 47:7>]
COMMENT: comment [Declaration.java <52:5 54:7>]
COMMENT: comment [Declaration.java <59:5 61:7>]
COMMENT: comment [Declaration.java <66:5 68:7>]
COMMENT: comment [Declaration.java <73:5 75:7>]
COMMENT: comment [Declaration.java <80:5 82:7>]
COMMENT: comment [Declaration.java <87:5 89:7>]
