FILE: NoSymbolDeclarator.java
SYMBOL_PACKAGE: com.github.javaparser.symbolsolver.javaparsermodel.declarators [NoSymbolDeclarator.java <17:60 17:70>]
QUALIFIER: com.github.javaparser.symbolsolver.javaparsermodel [NoSymbolDeclarator.java <17:44 17:58>]
SYMBOL_PACKAGE: com.github.javaparser.symbolsolver.javaparsermodel
QUALIFIER: com.github.javaparser.symbolsolver [NoSymbolDeclarator.java <17:31 17:42>]
QUALIFIER: com.github.javaparser.symbolsolver [NoSymbolDeclarator.java <20:30 20:41>]
QUALIFIER: com.github.javaparser.symbolsolver [NoSymbolDeclarator.java <21:30 21:41>]
SYMBOL_PACKAGE: com.github.javaparser.symbolsolver
QUALIFIER: com.github.javaparser [NoSymbolDeclarator.java <17:20 17:29>]
QUALIFIER: com.github.javaparser [NoSymbolDeclarator.java <19:19 19:28>]
QUALIFIER: com.github.javaparser [NoSymbolDeclarator.java <20:19 20:28>]
QUALIFIER: com.github.javaparser [NoSymbolDeclarator.java <21:19 21:28>]
SYMBOL_PACKAGE: com.github.javaparser
QUALIFIER: com.github [NoSymbolDeclarator.java <17:13 17:18>]
QUALIFIER: com.github [NoSymbolDeclarator.java <19:12 19:17>]
QUALIFIER: com.github [NoSymbolDeclarator.java <20:12 20:17>]
QUALIFIER: com.github [NoSymbolDeclarator.java <21:12 21:17>]
SYMBOL_PACKAGE: com.github
QUALIFIER: com [NoSymbolDeclarator.java <17:9 17:11>]
QUALIFIER: com [NoSymbolDeclarator.java <19:8 19:10>]
QUALIFIER: com [NoSymbolDeclarator.java <20:8 20:10>]
QUALIFIER: com [NoSymbolDeclarator.java <21:8 21:10>]
SYMBOL_PACKAGE: com
QUALIFIER: com.github.javaparser.ast [NoSymbolDeclarator.java <19:30 19:32>]
SYMBOL_PACKAGE: com.github.javaparser.ast
QUALIFIER: com.github.javaparser.symbolsolver.model.declarations [NoSymbolDeclarator.java <20:49 20:60>]
SYMBOL_PACKAGE: com.github.javaparser.symbolsolver.model.declarations
QUALIFIER: com.github.javaparser.symbolsolver.model [NoSymbolDeclarator.java <20:43 20:47>]
QUALIFIER: com.github.javaparser.symbolsolver.model [NoSymbolDeclarator.java <21:43 21:47>]
SYMBOL_PACKAGE: com.github.javaparser.symbolsolver.model
QUALIFIER: com.github.javaparser.symbolsolver.model.resolution [NoSymbolDeclarator.java <21:49 21:58>]
SYMBOL_PACKAGE: com.github.javaparser.symbolsolver.model.resolution
QUALIFIER: java.util.Collections [NoSymbolDeclarator.java <37:16 37:26>]
QUALIFIER: java.util [NoSymbolDeclarator.java <23:13 23:16>]
QUALIFIER: java.util [NoSymbolDeclarator.java <24:13 24:16>]
SYMBOL_PACKAGE: java.util
QUALIFIER: java [NoSymbolDeclarator.java <23:8 23:11>]
QUALIFIER: java [NoSymbolDeclarator.java <24:8 24:11>]
SYMBOL_PACKAGE: java
SYMBOL_CLASS: public com.github.javaparser.symbolsolver.javaparsermodel.declarators.NoSymbolDeclarator<N> [NoSymbolDeclarator.java <29:1 <29:14 29:31> 40:1>]
SYMBOL_TYPE_PARAMETER: com.github.javaparser.symbolsolver.javaparsermodel.declarators.NoSymbolDeclarator<N>.N [NoSymbolDeclarator.java <29:33 29:33>]
SYMBOL_METHOD: public com.github.javaparser.symbolsolver.javaparsermodel.declarators.NoSymbolDeclarator<N>.NoSymbolDeclarator(com.github.javaparser.symbolsolver.javaparsermodel.declarators.NoSymbolDeclarator<N>.N, com.github.javaparser.symbolsolver.model.resolution.TypeSolver) [NoSymbolDeclarator.java <31:5 <31:5 <31:12 31:29> 31:67> 33:5>]
SYMBOL_METHOD: com.github.javaparser.symbolsolver.javaparsermodel.declarators.AbstractSymbolDeclarator<N>.AbstractSymbolDeclarator(com.github.javaparser.symbolsolver.javaparsermodel.declarators.AbstractSymbolDeclarator<N>.N, com.github.javaparser.symbolsolver.model.resolution.TypeSolver)
SYMBOL_METHOD: public java.util.List<com.github.javaparser.symbolsolver.model.declarations.ValueDeclaration> com.github.javaparser.symbolsolver.javaparsermodel.declarators.NoSymbolDeclarator<N>.getSymbolDeclarations() [NoSymbolDeclarator.java <35:5 <35:5 <36:35 36:55> 36:57> 38:5>]
SYMBOL_METHOD: java.util.List<com.github.javaparser.symbolsolver.model.declarations.ValueDeclaration> com.github.javaparser.symbolsolver.resolution.SymbolDeclarator.getSymbolDeclarations()
SYMBOL_PACKAGE: java.lang
SYMBOL_METHOD: static java.util.List<T> java.util.Collections.emptyList<T>()
REFERENCE_IMPORT: NoSymbolDeclarator.java -> com.github.javaparser.ast.Node [NoSymbolDeclarator.java <19:34 19:37>]
REFERENCE_IMPORT: NoSymbolDeclarator.java -> com.github.javaparser.symbolsolver.model.declarations.ValueDeclaration [NoSymbolDeclarator.java <20:62 20:77>]
REFERENCE_IMPORT: NoSymbolDeclarator.java -> com.github.javaparser.symbolsolver.model.resolution.TypeSolver [NoSymbolDeclarator.java <21:60 21:69>]
REFERENCE_IMPORT: NoSymbolDeclarator.java -> java.util.Collections [NoSymbolDeclarator.java <23:18 23:28>]
REFERENCE_IMPORT: NoSymbolDeclarator.java -> java.util.List<E> [NoSymbolDeclarator.java <24:18 24:21>]
REFERENCE_TYPE_USAGE: com.github.javaparser.symbolsolver.javaparsermodel.declarators.NoSymbolDeclarator<N>.N -> com.github.javaparser.ast.Node [NoSymbolDeclarator.java <29:43 29:46>]
REFERENCE_TYPE_ARGUMENT: com.github.javaparser.symbolsolver.javaparsermodel.declarators.AbstractSymbolDeclarator<N> -> com.github.javaparser.symbolsolver.javaparsermodel.declarators.NoSymbolDeclarator<N>.N [NoSymbolDeclarator.java <29:82 29:82>]
REFERENCE_INHERITANCE: com.github.javaparser.symbolsolver.javaparsermodel.declarators.NoSymbolDeclarator<N> -> com.github.javaparser.symbolsolver.javaparsermodel.declarators.AbstractSymbolDeclarator<N> [NoSymbolDeclarator.java <29:57 29:80>]
REFERENCE_TYPE_USAGE: com.github.javaparser.symbolsolver.javaparsermodel.declarators.NoSymbolDeclarator<N> -> com.github.javaparser.symbolsolver.javaparsermodel.declarators.NoSymbolDeclarator<N>.N [NoSymbolDeclarator.java <29:82 29:82>]
REFERENCE_OVERRIDE: com.github.javaparser.symbolsolver.javaparsermodel.declarators.NoSymbolDeclarator<N>.NoSymbolDeclarator(com.github.javaparser.symbolsolver.javaparsermodel.declarators.NoSymbolDeclarator<N>.N, com.github.javaparser.symbolsolver.model.resolution.TypeSolver) -> com.github.javaparser.symbolsolver.javaparsermodel.declarators.AbstractSymbolDeclarator<N>.AbstractSymbolDeclarator(com.github.javaparser.symbolsolver.javaparsermodel.declarators.AbstractSymbolDeclarator<N>.N, com.github.javaparser.symbolsolver.model.resolution.TypeSolver) [NoSymbolDeclarator.java <31:12 31:29>]
REFERENCE_TYPE_USAGE: com.github.javaparser.symbolsolver.javaparsermodel.declarators.NoSymbolDeclarator<N>.NoSymbolDeclarator(com.github.javaparser.symbolsolver.javaparsermodel.declarators.NoSymbolDeclarator<N>.N, com.github.javaparser.symbolsolver.model.resolution.TypeSolver) -> com.github.javaparser.symbolsolver.javaparsermodel.declarators.NoSymbolDeclarator<N>.N [NoSymbolDeclarator.java <31:31 31:31>]
REFERENCE_TYPE_USAGE: com.github.javaparser.symbolsolver.javaparsermodel.declarators.NoSymbolDeclarator<N>.NoSymbolDeclarator(com.github.javaparser.symbolsolver.javaparsermodel.declarators.NoSymbolDeclarator<N>.N, com.github.javaparser.symbolsolver.model.resolution.TypeSolver) -> com.github.javaparser.symbolsolver.model.resolution.TypeSolver [NoSymbolDeclarator.java <31:46 31:55>]
REFERENCE_CALL: com.github.javaparser.symbolsolver.javaparsermodel.declarators.NoSymbolDeclarator<N>.NoSymbolDeclarator(com.github.javaparser.symbolsolver.javaparsermodel.declarators.NoSymbolDeclarator<N>.N, com.github.javaparser.symbolsolver.model.resolution.TypeSolver) -> com.github.javaparser.symbolsolver.javaparsermodel.declarators.AbstractSymbolDeclarator<N>.AbstractSymbolDeclarator(com.github.javaparser.symbolsolver.javaparsermodel.declarators.AbstractSymbolDeclarator<N>.N, com.github.javaparser.symbolsolver.model.resolution.TypeSolver) [NoSymbolDeclarator.java <32:9 32:13>]
REFERENCE_OVERRIDE: java.util.List<com.github.javaparser.symbolsolver.model.declarations.ValueDeclaration> com.github.javaparser.symbolsolver.javaparsermodel.declarators.NoSymbolDeclarator<N>.getSymbolDeclarations() -> java.util.List<com.github.javaparser.symbolsolver.model.declarations.ValueDeclaration> com.github.javaparser.symbolsolver.resolution.SymbolDeclarator.getSymbolDeclarations() [NoSymbolDeclarator.java <36:35 36:55>]
REFERENCE_ANNOTATION_USAGE: java.util.List<com.github.javaparser.symbolsolver.model.declarations.ValueDeclaration> com.github.javaparser.symbolsolver.javaparsermodel.declarators.NoSymbolDeclarator<N>.getSymbolDeclarations() -> java.lang.Override [NoSymbolDeclarator.java <35:6 35:13>]
REFERENCE_TYPE_ARGUMENT: java.util.List<E> -> com.github.javaparser.symbolsolver.model.declarations.ValueDeclaration [NoSymbolDeclarator.java <36:17 36:32>]
REFERENCE_TYPE_USAGE: java.util.List<com.github.javaparser.symbolsolver.model.declarations.ValueDeclaration> com.github.javaparser.symbolsolver.javaparsermodel.declarators.NoSymbolDeclarator<N>.getSymbolDeclarations() -> java.util.List<E> [NoSymbolDeclarator.java <36:12 36:15>]
REFERENCE_TYPE_USAGE: java.util.List<com.github.javaparser.symbolsolver.model.declarations.ValueDeclaration> com.github.javaparser.symbolsolver.javaparsermodel.declarators.NoSymbolDeclarator<N>.getSymbolDeclarations() -> com.github.javaparser.symbolsolver.model.declarations.ValueDeclaration [NoSymbolDeclarator.java <36:17 36:32>]
REFERENCE_CALL: java.util.List<com.github.javaparser.symbolsolver.model.declarations.ValueDeclaration> com.github.javaparser.symbolsolver.javaparsermodel.declarators.NoSymbolDeclarator<N>.getSymbolDeclarations() -> static java.util.List<T> java.util.Collections.emptyList<T>() [NoSymbolDeclarator.java <37:28 37:36>]
LOCAL_SYMBOL: NoSymbolDeclarator.java<29:85> [NoSymbolDeclarator.java <29:85 29:85>]
LOCAL_SYMBOL: NoSymbolDeclarator.java<29:85> [NoSymbolDeclarator.java <40:1 40:1>]
LOCAL_SYMBOL: NoSymbolDeclarator.java<31:69> [NoSymbolDeclarator.java <31:69 31:69>]
LOCAL_SYMBOL: NoSymbolDeclarator.java<31:69> [NoSymbolDeclarator.java <33:5 33:5>]
LOCAL_SYMBOL: NoSymbolDeclarator.java<36:59> [NoSymbolDeclarator.java <36:59 36:59>]
LOCAL_SYMBOL: NoSymbolDeclarator.java<36:59> [NoSymbolDeclarator.java <38:5 38:5>]
LOCAL_SYMBOL: com.github.javaparser.symbolsolver.javaparsermodel.declarators.NoSymbolDeclarator<N>.NoSymbolDeclarator<0> [NoSymbolDeclarator.java <31:33 31:43>]
LOCAL_SYMBOL: com.github.javaparser.symbolsolver.javaparsermodel.declarators.NoSymbolDeclarator<N>.NoSymbolDeclarator<0> [NoSymbolDeclarator.java <32:15 32:25>]
LOCAL_SYMBOL: com.github.javaparser.symbolsolver.javaparsermodel.declarators.NoSymbolDeclarator<N>.NoSymbolDeclarator<1> [NoSymbolDeclarator.java <31:57 31:66>]
LOCAL_SYMBOL: com.github.javaparser.symbolsolver.javaparsermodel.declarators.NoSymbolDeclarator<N>.NoSymbolDeclarator<1> [NoSymbolDeclarator.java <32:28 32:37>]
COMMENT: comment [NoSymbolDeclarator.java <1:1 15:3>]
COMMENT: comment [NoSymbolDeclarator.java <26:1 28:3>]
