FILE: AbstractSymbolDeclarator.java
SYMBOL_PACKAGE: com.github.javaparser.symbolsolver.javaparsermodel.declarators [AbstractSymbolDeclarator.java <17:60 17:70>]
QUALIFIER: com.github.javaparser.symbolsolver.javaparsermodel [AbstractSymbolDeclarator.java <17:44 17:58>]
SYMBOL_PACKAGE: com.github.javaparser.symbolsolver.javaparsermodel
QUALIFIER: com.github.javaparser.symbolsolver [AbstractSymbolDeclarator.java <17:31 17:42>]
QUALIFIER: com.github.javaparser.symbolsolver [AbstractSymbolDeclarator.java <20:30 20:41>]
QUALIFIER: com.github.javaparser.symbolsolver [AbstractSymbolDeclarator.java <21:30 21:41>]
SYMBOL_PACKAGE: com.github.javaparser.symbolsolver
QUALIFIER: com.github.javaparser [AbstractSymbolDeclarator.java <17:20 17:29>]
QUALIFIER: com.github.javaparser [AbstractSymbolDeclarator.java <19:19 19:28>]
QUALIFIER: com.github.javaparser [AbstractSymbolDeclarator.java <20:19 20:28>]
QUALIFIER: com.github.javaparser [AbstractSymbolDeclarator.java <21:19 21:28>]
SYMBOL_PACKAGE: com.github.javaparser
QUALIFIER: com.github [AbstractSymbolDeclarator.java <17:13 17:18>]
QUALIFIER: com.github [AbstractSymbolDeclarator.java <19:12 19:17>]
QUALIFIER: com.github [AbstractSymbolDeclarator.java <20:12 20:17>]
QUALIFIER: com.github [AbstractSymbolDeclarator.java <21:12 21:17>]
SYMBOL_PACKAGE: com.github
QUALIFIER: com [AbstractSymbolDeclarator.java <17:9 17:11>]
QUALIFIER: com [AbstractSymbolDeclarator.java <19:8 19:10>]
QUALIFIER: com [AbstractSymbolDeclarator.java <20:8 20:10>]
QUALIFIER: com [AbstractSymbolDeclarator.java <21:8 21:10>]
SYMBOL_PACKAGE: com
QUALIFIER: com.github.javaparser.ast [AbstractSymbolDeclarator.java <19:30 19:32>]
SYMBOL_PACKAGE: com.github.javaparser.ast
QUALIFIER: com.github.javaparser.symbolsolver.model.resolution [AbstractSymbolDeclarator.java <20:49 20:58>]
SYMBOL_PACKAGE: com.github.javaparser.symbolsolver.model.resolution
QUALIFIER: com.github.javaparser.symbolsolver.model [AbstractSymbolDeclarator.java <20:43 20:47>]
SYMBOL_PACKAGE: com.github.javaparser.symbolsolver.model
QUALIFIER: com.github.javaparser.symbolsolver.resolution [AbstractSymbolDeclarator.java <21:43 21:52>]
SYMBOL_PACKAGE: com.github.javaparser.symbolsolver.resolution
QUALIFIER: com.github.javaparser.symbolsolver.javaparsermodel.declarators.AbstractSymbolDeclarator<N> [AbstractSymbolDeclarator.java <32:9 32:12>]
QUALIFIER: com.github.javaparser.symbolsolver.javaparsermodel.declarators.AbstractSymbolDeclarator<N> [AbstractSymbolDeclarator.java <33:9 33:12>]
SYMBOL_CLASS: public com.github.javaparser.symbolsolver.javaparsermodel.declarators.AbstractSymbolDeclarator<N> [AbstractSymbolDeclarator.java <26:1 <26:23 26:46> 35:1>]
SYMBOL_TYPE_PARAMETER: com.github.javaparser.symbolsolver.javaparsermodel.declarators.AbstractSymbolDeclarator<N>.N [AbstractSymbolDeclarator.java <26:48 26:48>]
SYMBOL_FIELD: protected com.github.javaparser.symbolsolver.javaparsermodel.declarators.AbstractSymbolDeclarator<N>.N com.github.javaparser.symbolsolver.javaparsermodel.declarators.AbstractSymbolDeclarator<N>.wrappedNode [AbstractSymbolDeclarator.java <28:17 28:27>]
SYMBOL_FIELD: protected com.github.javaparser.symbolsolver.model.resolution.TypeSolver com.github.javaparser.symbolsolver.javaparsermodel.declarators.AbstractSymbolDeclarator<N>.typeSolver [AbstractSymbolDeclarator.java <29:26 29:35>]
SYMBOL_METHOD: public com.github.javaparser.symbolsolver.javaparsermodel.declarators.AbstractSymbolDeclarator<N>.AbstractSymbolDeclarator(com.github.javaparser.symbolsolver.javaparsermodel.declarators.AbstractSymbolDeclarator<N>.N, com.github.javaparser.symbolsolver.model.resolution.TypeSolver) [AbstractSymbolDeclarator.java <31:5 <31:5 <31:12 31:35> 31:73> 34:5>]
REFERENCE_IMPORT: AbstractSymbolDeclarator.java -> com.github.javaparser.ast.Node [AbstractSymbolDeclarator.java <19:34 19:37>]
REFERENCE_IMPORT: AbstractSymbolDeclarator.java -> com.github.javaparser.symbolsolver.model.resolution.TypeSolver [AbstractSymbolDeclarator.java <20:60 20:69>]
REFERENCE_IMPORT: AbstractSymbolDeclarator.java -> com.github.javaparser.symbolsolver.resolution.SymbolDeclarator [AbstractSymbolDeclarator.java <21:54 21:69>]
REFERENCE_TYPE_USAGE: com.github.javaparser.symbolsolver.javaparsermodel.declarators.AbstractSymbolDeclarator<N>.N -> com.github.javaparser.ast.Node [AbstractSymbolDeclarator.java <26:58 26:61>]
REFERENCE_INHERITANCE: com.github.javaparser.symbolsolver.javaparsermodel.declarators.AbstractSymbolDeclarator<N> -> com.github.javaparser.symbolsolver.resolution.SymbolDeclarator [AbstractSymbolDeclarator.java <26:75 26:90>]
REFERENCE_TYPE_USAGE: com.github.javaparser.symbolsolver.javaparsermodel.declarators.AbstractSymbolDeclarator<N>.N com.github.javaparser.symbolsolver.javaparsermodel.declarators.AbstractSymbolDeclarator<N>.wrappedNode -> com.github.javaparser.symbolsolver.javaparsermodel.declarators.AbstractSymbolDeclarator<N>.N [AbstractSymbolDeclarator.java <28:15 28:15>]
REFERENCE_TYPE_USAGE: com.github.javaparser.symbolsolver.model.resolution.TypeSolver com.github.javaparser.symbolsolver.javaparsermodel.declarators.AbstractSymbolDeclarator<N>.typeSolver -> com.github.javaparser.symbolsolver.model.resolution.TypeSolver [AbstractSymbolDeclarator.java <29:15 29:24>]
REFERENCE_TYPE_USAGE: com.github.javaparser.symbolsolver.javaparsermodel.declarators.AbstractSymbolDeclarator<N>.AbstractSymbolDeclarator(com.github.javaparser.symbolsolver.javaparsermodel.declarators.AbstractSymbolDeclarator<N>.N, com.github.javaparser.symbolsolver.model.resolution.TypeSolver) -> com.github.javaparser.symbolsolver.javaparsermodel.declarators.AbstractSymbolDeclarator<N>.N [AbstractSymbolDeclarator.java <31:37 31:37>]
REFERENCE_TYPE_USAGE: com.github.javaparser.symbolsolver.javaparsermodel.declarators.AbstractSymbolDeclarator<N>.AbstractSymbolDeclarator(com.github.javaparser.symbolsolver.javaparsermodel.declarators.AbstractSymbolDeclarator<N>.N, com.github.javaparser.symbolsolver.model.resolution.TypeSolver) -> com.github.javaparser.symbolsolver.model.resolution.TypeSolver [AbstractSymbolDeclarator.java <31:52 31:61>]
REFERENCE_USAGE: com.github.javaparser.symbolsolver.javaparsermodel.declarators.AbstractSymbolDeclarator<N>.AbstractSymbolDeclarator(com.github.javaparser.symbolsolver.javaparsermodel.declarators.AbstractSymbolDeclarator<N>.N, com.github.javaparser.symbolsolver.model.resolution.TypeSolver) -> com.github.javaparser.symbolsolver.javaparsermodel.declarators.AbstractSymbolDeclarator<N>.N com.github.javaparser.symbolsolver.javaparsermodel.declarators.AbstractSymbolDeclarator<N>.wrappedNode [AbstractSymbolDeclarator.java <32:14 32:24>]
REFERENCE_USAGE: com.github.javaparser.symbolsolver.javaparsermodel.declarators.AbstractSymbolDeclarator<N>.AbstractSymbolDeclarator(com.github.javaparser.symbolsolver.javaparsermodel.declarators.AbstractSymbolDeclarator<N>.N, com.github.javaparser.symbolsolver.model.resolution.TypeSolver) -> com.github.javaparser.symbolsolver.model.resolution.TypeSolver com.github.javaparser.symbolsolver.javaparsermodel.declarators.AbstractSymbolDeclarator<N>.typeSolver [AbstractSymbolDeclarator.java <33:14 33:23>]
LOCAL_SYMBOL: AbstractSymbolDeclarator.java<26:92> [AbstractSymbolDeclarator.java <26:92 26:92>]
LOCAL_SYMBOL: AbstractSymbolDeclarator.java<26:92> [AbstractSymbolDeclarator.java <35:1 35:1>]
LOCAL_SYMBOL: AbstractSymbolDeclarator.java<31:75> [AbstractSymbolDeclarator.java <31:75 31:75>]
LOCAL_SYMBOL: AbstractSymbolDeclarator.java<31:75> [AbstractSymbolDeclarator.java <34:5 34:5>]
LOCAL_SYMBOL: com.github.javaparser.symbolsolver.javaparsermodel.declarators.AbstractSymbolDeclarator<N>.AbstractSymbolDeclarator<0> [AbstractSymbolDeclarator.java <31:39 31:49>]
LOCAL_SYMBOL: com.github.javaparser.symbolsolver.javaparsermodel.declarators.AbstractSymbolDeclarator<N>.AbstractSymbolDeclarator<0> [AbstractSymbolDeclarator.java <32:28 32:38>]
LOCAL_SYMBOL: com.github.javaparser.symbolsolver.javaparsermodel.declarators.AbstractSymbolDeclarator<N>.AbstractSymbolDeclarator<1> [AbstractSymbolDeclarator.java <31:63 31:72>]
LOCAL_SYMBOL: com.github.javaparser.symbolsolver.javaparsermodel.declarators.AbstractSymbolDeclarator<N>.AbstractSymbolDeclarator<1> [AbstractSymbolDeclarator.java <33:27 33:36>]
COMMENT: comment [AbstractSymbolDeclarator.java <1:1 15:3>]
COMMENT: comment [AbstractSymbolDeclarator.java <23:1 25:3>]
