FILE: ClassDeclaration.java
SYMBOL_PACKAGE: com.github.javaparser.symbolsolver.model.declarations [ClassDeclaration.java <17:50 17:61>]
QUALIFIER: com.github.javaparser.symbolsolver.model [ClassDeclaration.java <17:44 17:48>]
QUALIFIER: com.github.javaparser.symbolsolver.model [ClassDeclaration.java <19:43 19:47>]
SYMBOL_PACKAGE: com.github.javaparser.symbolsolver.model
QUALIFIER: com.github.javaparser.symbolsolver [ClassDeclaration.java <17:31 17:42>]
QUALIFIER: com.github.javaparser.symbolsolver [ClassDeclaration.java <19:30 19:41>]
SYMBOL_PACKAGE: com.github.javaparser.symbolsolver
QUALIFIER: com.github.javaparser [ClassDeclaration.java <17:20 17:29>]
QUALIFIER: com.github.javaparser [ClassDeclaration.java <19:19 19:28>]
SYMBOL_PACKAGE: com.github.javaparser
QUALIFIER: com.github [ClassDeclaration.java <17:13 17:18>]
QUALIFIER: com.github [ClassDeclaration.java <19:12 19:17>]
SYMBOL_PACKAGE: com.github
QUALIFIER: com [ClassDeclaration.java <17:9 17:11>]
QUALIFIER: com [ClassDeclaration.java <19:8 19:10>]
SYMBOL_PACKAGE: com
QUALIFIER: com.github.javaparser.symbolsolver.model.typesystem [ClassDeclaration.java <19:49 19:58>]
SYMBOL_PACKAGE: com.github.javaparser.symbolsolver.model.typesystem
QUALIFIER: java.util [ClassDeclaration.java <21:13 21:16>]
SYMBOL_PACKAGE: java.util
QUALIFIER: java [ClassDeclaration.java <21:8 21:11>]
SYMBOL_PACKAGE: java
SYMBOL_INTERFACE: public com.github.javaparser.symbolsolver.model.declarations.ClassDeclaration [ClassDeclaration.java <28:1 <28:18 28:33> 79:1>]
SYMBOL_METHOD: default boolean com.github.javaparser.symbolsolver.model.declarations.ClassDeclaration.isClass() [ClassDeclaration.java <33:1 <33:1 <34:21 34:27> 34:29> 36:5>]
SYMBOL_METHOD: boolean com.github.javaparser.symbolsolver.model.declarations.TypeDeclaration.isClass()
SYMBOL_PACKAGE: java.lang
SYMBOL_BUILTIN_TYPE: boolean
SYMBOL_METHOD: default com.github.javaparser.symbolsolver.model.typesystem.ReferenceType com.github.javaparser.symbolsolver.model.declarations.ClassDeclaration.getSuperClass() [ClassDeclaration.java <45:1 <45:1 <45:19 45:31> 45:33> 45:34>]
SYMBOL_METHOD: default java.util.List<com.github.javaparser.symbolsolver.model.typesystem.ReferenceType> com.github.javaparser.symbolsolver.model.declarations.ClassDeclaration.getInterfaces() [ClassDeclaration.java <52:1 <52:1 <52:25 52:37> 52:39> 52:40>]
SYMBOL_METHOD: default java.util.List<com.github.javaparser.symbolsolver.model.typesystem.ReferenceType> com.github.javaparser.symbolsolver.model.declarations.ClassDeclaration.getAllSuperClasses() [ClassDeclaration.java <58:1 <58:1 <58:25 58:42> 58:44> 58:45>]
SYMBOL_METHOD: default java.util.List<com.github.javaparser.symbolsolver.model.typesystem.ReferenceType> com.github.javaparser.symbolsolver.model.declarations.ClassDeclaration.getAllInterfaces() [ClassDeclaration.java <67:1 <67:1 <67:25 67:40> 67:42> 67:43>]
SYMBOL_METHOD: default java.util.List<com.github.javaparser.symbolsolver.model.declarations.ConstructorDeclaration> com.github.javaparser.symbolsolver.model.declarations.ClassDeclaration.getConstructors() [ClassDeclaration.java <77:1 <77:1 <77:34 77:48> 77:50> 77:51>]
REFERENCE_IMPORT: ClassDeclaration.java -> com.github.javaparser.symbolsolver.model.typesystem.ReferenceType [ClassDeclaration.java <19:60 19:72>]
REFERENCE_IMPORT: ClassDeclaration.java -> java.util.List<E> [ClassDeclaration.java <21:18 21:21>]
REFERENCE_INHERITANCE: com.github.javaparser.symbolsolver.model.declarations.ClassDeclaration -> com.github.javaparser.symbolsolver.model.declarations.ReferenceTypeDeclaration [ClassDeclaration.java <28:43 28:66>]
REFERENCE_INHERITANCE: com.github.javaparser.symbolsolver.model.declarations.ClassDeclaration -> com.github.javaparser.symbolsolver.model.declarations.TypeParametrizable [ClassDeclaration.java <28:69 28:86>]
REFERENCE_INHERITANCE: com.github.javaparser.symbolsolver.model.declarations.ClassDeclaration -> com.github.javaparser.symbolsolver.model.declarations.HasAccessLevel [ClassDeclaration.java <28:89 28:102>]
REFERENCE_OVERRIDE: boolean com.github.javaparser.symbolsolver.model.declarations.ClassDeclaration.isClass() -> boolean com.github.javaparser.symbolsolver.model.declarations.TypeDeclaration.isClass() [ClassDeclaration.java <34:21 34:27>]
REFERENCE_ANNOTATION_USAGE: boolean com.github.javaparser.symbolsolver.model.declarations.ClassDeclaration.isClass() -> java.lang.Override [ClassDeclaration.java <33:6 33:13>]
REFERENCE_TYPE_USAGE: boolean com.github.javaparser.symbolsolver.model.declarations.ClassDeclaration.isClass() -> boolean [ClassDeclaration.java <34:13 34:19>]
REFERENCE_TYPE_USAGE: com.github.javaparser.symbolsolver.model.typesystem.ReferenceType com.github.javaparser.symbolsolver.model.declarations.ClassDeclaration.getSuperClass() -> com.github.javaparser.symbolsolver.model.typesystem.ReferenceType [ClassDeclaration.java <45:5 45:17>]
REFERENCE_TYPE_ARGUMENT: java.util.List<E> -> com.github.javaparser.symbolsolver.model.typesystem.ReferenceType [ClassDeclaration.java <52:10 52:22>]
REFERENCE_TYPE_ARGUMENT: java.util.List<E> -> com.github.javaparser.symbolsolver.model.typesystem.ReferenceType [ClassDeclaration.java <58:10 58:22>]
REFERENCE_TYPE_ARGUMENT: java.util.List<E> -> com.github.javaparser.symbolsolver.model.typesystem.ReferenceType [ClassDeclaration.java <67:10 67:22>]
REFERENCE_TYPE_USAGE: java.util.List<com.github.javaparser.symbolsolver.model.typesystem.ReferenceType> com.github.javaparser.symbolsolver.model.declarations.ClassDeclaration.getInterfaces() -> java.util.List<E> [ClassDeclaration.java <52:5 52:8>]
REFERENCE_TYPE_USAGE: java.util.List<com.github.javaparser.symbolsolver.model.typesystem.ReferenceType> com.github.javaparser.symbolsolver.model.declarations.ClassDeclaration.getInterfaces() -> com.github.javaparser.symbolsolver.model.typesystem.ReferenceType [ClassDeclaration.java <52:10 52:22>]
REFERENCE_TYPE_USAGE: java.util.List<com.github.javaparser.symbolsolver.model.typesystem.ReferenceType> com.github.javaparser.symbolsolver.model.declarations.ClassDeclaration.getAllSuperClasses() -> java.util.List<E> [ClassDeclaration.java <58:5 58:8>]
REFERENCE_TYPE_USAGE: java.util.List<com.github.javaparser.symbolsolver.model.typesystem.ReferenceType> com.github.javaparser.symbolsolver.model.declarations.ClassDeclaration.getAllSuperClasses() -> com.github.javaparser.symbolsolver.model.typesystem.ReferenceType [ClassDeclaration.java <58:10 58:22>]
REFERENCE_TYPE_USAGE: java.util.List<com.github.javaparser.symbolsolver.model.typesystem.ReferenceType> com.github.javaparser.symbolsolver.model.declarations.ClassDeclaration.getAllInterfaces() -> java.util.List<E> [ClassDeclaration.java <67:5 67:8>]
REFERENCE_TYPE_USAGE: java.util.List<com.github.javaparser.symbolsolver.model.typesystem.ReferenceType> com.github.javaparser.symbolsolver.model.declarations.ClassDeclaration.getAllInterfaces() -> com.github.javaparser.symbolsolver.model.typesystem.ReferenceType [ClassDeclaration.java <67:10 67:22>]
REFERENCE_TYPE_ARGUMENT: java.util.List<E> -> com.github.javaparser.symbolsolver.model.declarations.ConstructorDeclaration [ClassDeclaration.java <77:10 77:31>]
REFERENCE_TYPE_USAGE: java.util.List<com.github.javaparser.symbolsolver.model.declarations.ConstructorDeclaration> com.github.javaparser.symbolsolver.model.declarations.ClassDeclaration.getConstructors() -> java.util.List<E> [ClassDeclaration.java <77:5 77:8>]
REFERENCE_TYPE_USAGE: java.util.List<com.github.javaparser.symbolsolver.model.declarations.ConstructorDeclaration> com.github.javaparser.symbolsolver.model.declarations.ClassDeclaration.getConstructors() -> com.github.javaparser.symbolsolver.model.declarations.ConstructorDeclaration [ClassDeclaration.java <77:10 77:31>]
LOCAL_SYMBOL: ClassDeclaration.java<28:104> [ClassDeclaration.java <28:104 28:104>]
LOCAL_SYMBOL: ClassDeclaration.java<28:104> [ClassDeclaration.java <79:1 79:1>]
LOCAL_SYMBOL: ClassDeclaration.java<34:31> [ClassDeclaration.java <34:31 34:31>]
LOCAL_SYMBOL: ClassDeclaration.java<34:31> [ClassDeclaration.java <36:5 36:5>]
COMMENT: comment [ClassDeclaration.java <1:1 15:3>]
COMMENT: comment [ClassDeclaration.java <23:1 27:3>]
COMMENT: comment [ClassDeclaration.java <30:5 32:7>]
COMMENT: comment [ClassDeclaration.java <38:5 44:7>]
COMMENT: comment [ClassDeclaration.java <47:5 51:7>]
COMMENT: comment [ClassDeclaration.java <54:5 57:7>]
COMMENT: comment [ClassDeclaration.java <60:5 66:7>]
COMMENT: comment [ClassDeclaration.java <69:5 69:7>]
COMMENT: comment [ClassDeclaration.java <70:5 70:20>]
COMMENT: comment [ClassDeclaration.java <71:5 71:7>]
COMMENT: comment [ClassDeclaration.java <73:5 76:7>]
