FILE: package-info.java
SYMBOL_PACKAGE: com.github.javaparser.symbolsolver.javaparser [package-info.java <20:44 20:53>]
QUALIFIER: com.github.javaparser.symbolsolver [package-info.java <20:31 20:42>]
SYMBOL_PACKAGE: com.github.javaparser.symbolsolver
QUALIFIER: com.github.javaparser [package-info.java <20:20 20:29>]
SYMBOL_PACKAGE: com.github.javaparser
QUALIFIER: com.github [package-info.java <20:13 20:18>]
SYMBOL_PACKAGE: com.github
QUALIFIER: com [package-info.java <20:9 20:11>]
SYMBOL_PACKAGE: com
COMMENT: comment [package-info.java <1:1 15:3>]
COMMENT: comment [package-info.java <17:1 19:3>]
