FILE: JavassistParameterDeclaration.java
SYMBOL_PACKAGE: com.github.javaparser.symbolsolver.javassistmodel [JavassistParameterDeclaration.java <17:44 17:57>]
QUALIFIER: com.github.javaparser.symbolsolver [JavassistParameterDeclaration.java <17:31 17:42>]
QUALIFIER: com.github.javaparser.symbolsolver [JavassistParameterDeclaration.java <19:30 19:41>]
QUALIFIER: com.github.javaparser.symbolsolver [JavassistParameterDeclaration.java <20:30 20:41>]
QUALIFIER: com.github.javaparser.symbolsolver [JavassistParameterDeclaration.java <21:30 21:41>]
SYMBOL_PACKAGE: com.github.javaparser.symbolsolver
QUALIFIER: com.github.javaparser [JavassistParameterDeclaration.java <17:20 17:29>]
QUALIFIER: com.github.javaparser [JavassistParameterDeclaration.java <19:19 19:28>]
QUALIFIER: com.github.javaparser [JavassistParameterDeclaration.java <20:19 20:28>]
QUALIFIER: com.github.javaparser [JavassistParameterDeclaration.java <21:19 21:28>]
SYMBOL_PACKAGE: com.github.javaparser
QUALIFIER: com.github [JavassistParameterDeclaration.java <17:13 17:18>]
QUALIFIER: com.github [JavassistParameterDeclaration.java <19:12 19:17>]
QUALIFIER: com.github [JavassistParameterDeclaration.java <20:12 20:17>]
QUALIFIER: com.github [JavassistParameterDeclaration.java <21:12 21:17>]
SYMBOL_PACKAGE: com.github
QUALIFIER: com [JavassistParameterDeclaration.java <17:9 17:11>]
QUALIFIER: com [JavassistParameterDeclaration.java <19:8 19:10>]
QUALIFIER: com [JavassistParameterDeclaration.java <20:8 20:10>]
QUALIFIER: com [JavassistParameterDeclaration.java <21:8 21:10>]
SYMBOL_PACKAGE: com
QUALIFIER: com.github.javaparser.symbolsolver.model.declarations [JavassistParameterDeclaration.java <19:49 19:60>]
SYMBOL_PACKAGE: com.github.javaparser.symbolsolver.model.declarations
QUALIFIER: com.github.javaparser.symbolsolver.model [JavassistParameterDeclaration.java <19:43 19:47>]
QUALIFIER: com.github.javaparser.symbolsolver.model [JavassistParameterDeclaration.java <20:43 20:47>]
QUALIFIER: com.github.javaparser.symbolsolver.model [JavassistParameterDeclaration.java <21:43 21:47>]
SYMBOL_PACKAGE: com.github.javaparser.symbolsolver.model
QUALIFIER: com.github.javaparser.symbolsolver.model.resolution [JavassistParameterDeclaration.java <20:49 20:58>]
SYMBOL_PACKAGE: com.github.javaparser.symbolsolver.model.resolution
QUALIFIER: com.github.javaparser.symbolsolver.model.typesystem [JavassistParameterDeclaration.java <21:49 21:58>]
SYMBOL_PACKAGE: com.github.javaparser.symbolsolver.model.typesystem
QUALIFIER: javassist [JavassistParameterDeclaration.java <22:8 22:16>]
SYMBOL_PACKAGE: javassist
QUALIFIER: com.github.javaparser.symbolsolver.javassistmodel.JavassistParameterDeclaration [JavassistParameterDeclaration.java <37:9 37:12>]
QUALIFIER: com.github.javaparser.symbolsolver.javassistmodel.JavassistParameterDeclaration [JavassistParameterDeclaration.java <38:9 38:12>]
QUALIFIER: com.github.javaparser.symbolsolver.javassistmodel.JavassistParameterDeclaration [JavassistParameterDeclaration.java <39:9 39:12>]
SYMBOL_CLASS: public com.github.javaparser.symbolsolver.javassistmodel.JavassistParameterDeclaration [JavassistParameterDeclaration.java <27:1 <27:14 27:42> 80:1>]
SYMBOL_FIELD: private com.github.javaparser.symbolsolver.model.typesystem.Type com.github.javaparser.symbolsolver.javassistmodel.JavassistParameterDeclaration.type [JavassistParameterDeclaration.java <28:18 28:21>]
SYMBOL_FIELD: private com.github.javaparser.symbolsolver.model.resolution.TypeSolver com.github.javaparser.symbolsolver.javassistmodel.JavassistParameterDeclaration.typeSolver [JavassistParameterDeclaration.java <29:24 29:33>]
SYMBOL_FIELD: private boolean com.github.javaparser.symbolsolver.javassistmodel.JavassistParameterDeclaration.variadic [JavassistParameterDeclaration.java <30:21 30:28>]
SYMBOL_BUILTIN_TYPE: boolean
SYMBOL_METHOD: public com.github.javaparser.symbolsolver.javassistmodel.JavassistParameterDeclaration.JavassistParameterDeclaration(javassist.CtClass, com.github.javaparser.symbolsolver.model.resolution.TypeSolver, boolean) [JavassistParameterDeclaration.java <32:5 <32:5 <32:12 32:40> 32:95> 34:5>]
SYMBOL_METHOD: public com.github.javaparser.symbolsolver.javassistmodel.JavassistParameterDeclaration.JavassistParameterDeclaration(com.github.javaparser.symbolsolver.model.typesystem.Type, com.github.javaparser.symbolsolver.model.resolution.TypeSolver, boolean) [JavassistParameterDeclaration.java <36:5 <36:5 <36:12 36:40> 36:92> 40:5>]
SYMBOL_METHOD: static com.github.javaparser.symbolsolver.model.typesystem.Type com.github.javaparser.symbolsolver.javassistmodel.JavassistFactory.typeUsageFor(javassist.CtClass, com.github.javaparser.symbolsolver.model.resolution.TypeSolver)
QUALIFIER: com.github.javaparser.symbolsolver.javassistmodel.JavassistFactory [JavassistParameterDeclaration.java <33:14 33:29>]
SYMBOL_METHOD: public java.lang.String com.github.javaparser.symbolsolver.javassistmodel.JavassistParameterDeclaration.toString() [JavassistParameterDeclaration.java <42:5 <42:5 <43:19 43:26> 43:28> 49:5>]
SYMBOL_METHOD: java.lang.String java.lang.Object.toString()
SYMBOL_PACKAGE: java.lang
SYMBOL_METHOD: public java.lang.String com.github.javaparser.symbolsolver.javassistmodel.JavassistParameterDeclaration.getName() [JavassistParameterDeclaration.java <51:5 <51:5 <52:19 52:25> 52:27> 54:5>]
SYMBOL_METHOD: java.lang.String com.github.javaparser.symbolsolver.model.declarations.Declaration.getName()
SYMBOL_METHOD: java.lang.UnsupportedOperationException.UnsupportedOperationException()
SYMBOL_METHOD: public boolean com.github.javaparser.symbolsolver.javassistmodel.JavassistParameterDeclaration.isField() [JavassistParameterDeclaration.java <56:5 <56:5 <57:20 57:26> 57:28> 59:5>]
SYMBOL_METHOD: boolean com.github.javaparser.symbolsolver.model.declarations.Declaration.isField()
SYMBOL_METHOD: public boolean com.github.javaparser.symbolsolver.javassistmodel.JavassistParameterDeclaration.isParameter() [JavassistParameterDeclaration.java <61:5 <61:5 <62:20 62:30> 62:32> 64:5>]
SYMBOL_METHOD: boolean com.github.javaparser.symbolsolver.model.declarations.ParameterDeclaration.isParameter()
SYMBOL_METHOD: public boolean com.github.javaparser.symbolsolver.javassistmodel.JavassistParameterDeclaration.isVariadic() [JavassistParameterDeclaration.java <66:5 <66:5 <67:20 67:29> 67:31> 69:5>]
SYMBOL_METHOD: boolean com.github.javaparser.symbolsolver.model.declarations.ParameterDeclaration.isVariadic()
SYMBOL_METHOD: public boolean com.github.javaparser.symbolsolver.javassistmodel.JavassistParameterDeclaration.isType() [JavassistParameterDeclaration.java <71:5 <71:5 <72:20 72:25> 72:27> 74:5>]
SYMBOL_METHOD: boolean com.github.javaparser.symbolsolver.model.declarations.Declaration.isType()
SYMBOL_METHOD: public com.github.javaparser.symbolsolver.model.typesystem.Type com.github.javaparser.symbolsolver.javassistmodel.JavassistParameterDeclaration.getType() [JavassistParameterDeclaration.java <76:5 <76:5 <77:17 77:23> 77:25> 79:5>]
SYMBOL_METHOD: com.github.javaparser.symbolsolver.model.typesystem.Type com.github.javaparser.symbolsolver.model.declarations.ValueDeclaration.getType()
REFERENCE_IMPORT: JavassistParameterDeclaration.java -> com.github.javaparser.symbolsolver.model.declarations.ParameterDeclaration [JavassistParameterDeclaration.java <19:62 19:81>]
REFERENCE_IMPORT: JavassistParameterDeclaration.java -> com.github.javaparser.symbolsolver.model.resolution.TypeSolver [JavassistParameterDeclaration.java <20:60 20:69>]
REFERENCE_IMPORT: JavassistParameterDeclaration.java -> com.github.javaparser.symbolsolver.model.typesystem.Type [JavassistParameterDeclaration.java <21:60 21:63>]
REFERENCE_IMPORT: JavassistParameterDeclaration.java -> javassist.CtClass [JavassistParameterDeclaration.java <22:18 22:24>]
REFERENCE_INHERITANCE: com.github.javaparser.symbolsolver.javassistmodel.JavassistParameterDeclaration -> com.github.javaparser.symbolsolver.model.declarations.ParameterDeclaration [JavassistParameterDeclaration.java <27:55 27:74>]
REFERENCE_TYPE_USAGE: com.github.javaparser.symbolsolver.model.typesystem.Type com.github.javaparser.symbolsolver.javassistmodel.JavassistParameterDeclaration.type -> com.github.javaparser.symbolsolver.model.typesystem.Type [JavassistParameterDeclaration.java <28:13 28:16>]
REFERENCE_TYPE_USAGE: com.github.javaparser.symbolsolver.model.resolution.TypeSolver com.github.javaparser.symbolsolver.javassistmodel.JavassistParameterDeclaration.typeSolver -> com.github.javaparser.symbolsolver.model.resolution.TypeSolver [JavassistParameterDeclaration.java <29:13 29:22>]
REFERENCE_TYPE_USAGE: boolean com.github.javaparser.symbolsolver.javassistmodel.JavassistParameterDeclaration.variadic -> boolean [JavassistParameterDeclaration.java <30:13 30:19>]
REFERENCE_TYPE_USAGE: com.github.javaparser.symbolsolver.javassistmodel.JavassistParameterDeclaration.JavassistParameterDeclaration(javassist.CtClass, com.github.javaparser.symbolsolver.model.resolution.TypeSolver, boolean) -> javassist.CtClass [JavassistParameterDeclaration.java <32:42 32:48>]
REFERENCE_TYPE_USAGE: com.github.javaparser.symbolsolver.javassistmodel.JavassistParameterDeclaration.JavassistParameterDeclaration(javassist.CtClass, com.github.javaparser.symbolsolver.model.resolution.TypeSolver, boolean) -> com.github.javaparser.symbolsolver.model.resolution.TypeSolver [JavassistParameterDeclaration.java <32:56 32:65>]
REFERENCE_TYPE_USAGE: com.github.javaparser.symbolsolver.javassistmodel.JavassistParameterDeclaration.JavassistParameterDeclaration(javassist.CtClass, com.github.javaparser.symbolsolver.model.resolution.TypeSolver, boolean) -> boolean [JavassistParameterDeclaration.java <32:79 32:85>]
REFERENCE_CALL: com.github.javaparser.symbolsolver.javassistmodel.JavassistParameterDeclaration.JavassistParameterDeclaration(javassist.CtClass, com.github.javaparser.symbolsolver.model.resolution.TypeSolver, boolean) -> com.github.javaparser.symbolsolver.javassistmodel.JavassistParameterDeclaration.JavassistParameterDeclaration(com.github.javaparser.symbolsolver.model.typesystem.Type, com.github.javaparser.symbolsolver.model.resolution.TypeSolver, boolean) [JavassistParameterDeclaration.java <33:9 33:12>]
REFERENCE_CALL: com.github.javaparser.symbolsolver.javassistmodel.JavassistParameterDeclaration.JavassistParameterDeclaration(javassist.CtClass, com.github.javaparser.symbolsolver.model.resolution.TypeSolver, boolean) -> static com.github.javaparser.symbolsolver.model.typesystem.Type com.github.javaparser.symbolsolver.javassistmodel.JavassistFactory.typeUsageFor(javassist.CtClass, com.github.javaparser.symbolsolver.model.resolution.TypeSolver) [JavassistParameterDeclaration.java <33:31 33:42>]
REFERENCE_TYPE_USAGE: com.github.javaparser.symbolsolver.javassistmodel.JavassistParameterDeclaration.JavassistParameterDeclaration(com.github.javaparser.symbolsolver.model.typesystem.Type, com.github.javaparser.symbolsolver.model.resolution.TypeSolver, boolean) -> com.github.javaparser.symbolsolver.model.typesystem.Type [JavassistParameterDeclaration.java <36:42 36:45>]
REFERENCE_TYPE_USAGE: com.github.javaparser.symbolsolver.javassistmodel.JavassistParameterDeclaration.JavassistParameterDeclaration(com.github.javaparser.symbolsolver.model.typesystem.Type, com.github.javaparser.symbolsolver.model.resolution.TypeSolver, boolean) -> com.github.javaparser.symbolsolver.model.resolution.TypeSolver [JavassistParameterDeclaration.java <36:53 36:62>]
REFERENCE_TYPE_USAGE: com.github.javaparser.symbolsolver.javassistmodel.JavassistParameterDeclaration.JavassistParameterDeclaration(com.github.javaparser.symbolsolver.model.typesystem.Type, com.github.javaparser.symbolsolver.model.resolution.TypeSolver, boolean) -> boolean [JavassistParameterDeclaration.java <36:76 36:82>]
REFERENCE_USAGE: com.github.javaparser.symbolsolver.javassistmodel.JavassistParameterDeclaration.JavassistParameterDeclaration(com.github.javaparser.symbolsolver.model.typesystem.Type, com.github.javaparser.symbolsolver.model.resolution.TypeSolver, boolean) -> com.github.javaparser.symbolsolver.model.typesystem.Type com.github.javaparser.symbolsolver.javassistmodel.JavassistParameterDeclaration.type [JavassistParameterDeclaration.java <37:14 37:17>]
REFERENCE_USAGE: com.github.javaparser.symbolsolver.javassistmodel.JavassistParameterDeclaration.JavassistParameterDeclaration(com.github.javaparser.symbolsolver.model.typesystem.Type, com.github.javaparser.symbolsolver.model.resolution.TypeSolver, boolean) -> com.github.javaparser.symbolsolver.model.resolution.TypeSolver com.github.javaparser.symbolsolver.javassistmodel.JavassistParameterDeclaration.typeSolver [JavassistParameterDeclaration.java <38:14 38:23>]
REFERENCE_USAGE: com.github.javaparser.symbolsolver.javassistmodel.JavassistParameterDeclaration.JavassistParameterDeclaration(com.github.javaparser.symbolsolver.model.typesystem.Type, com.github.javaparser.symbolsolver.model.resolution.TypeSolver, boolean) -> boolean com.github.javaparser.symbolsolver.javassistmodel.JavassistParameterDeclaration.variadic [JavassistParameterDeclaration.java <39:14 39:21>]
REFERENCE_OVERRIDE: java.lang.String com.github.javaparser.symbolsolver.javassistmodel.JavassistParameterDeclaration.toString() -> java.lang.String java.lang.Object.toString() [JavassistParameterDeclaration.java <43:19 43:26>]
REFERENCE_ANNOTATION_USAGE: java.lang.String com.github.javaparser.symbolsolver.javassistmodel.JavassistParameterDeclaration.toString() -> java.lang.Override [JavassistParameterDeclaration.java <42:6 42:13>]
REFERENCE_TYPE_USAGE: java.lang.String com.github.javaparser.symbolsolver.javassistmodel.JavassistParameterDeclaration.toString() -> java.lang.String [JavassistParameterDeclaration.java <43:12 43:17>]
REFERENCE_USAGE: java.lang.String com.github.javaparser.symbolsolver.javassistmodel.JavassistParameterDeclaration.toString() -> com.github.javaparser.symbolsolver.model.typesystem.Type com.github.javaparser.symbolsolver.javassistmodel.JavassistParameterDeclaration.type [JavassistParameterDeclaration.java <45:27 45:30>]
REFERENCE_USAGE: java.lang.String com.github.javaparser.symbolsolver.javassistmodel.JavassistParameterDeclaration.toString() -> com.github.javaparser.symbolsolver.model.resolution.TypeSolver com.github.javaparser.symbolsolver.javassistmodel.JavassistParameterDeclaration.typeSolver [JavassistParameterDeclaration.java <46:35 46:44>]
REFERENCE_USAGE: java.lang.String com.github.javaparser.symbolsolver.javassistmodel.JavassistParameterDeclaration.toString() -> boolean com.github.javaparser.symbolsolver.javassistmodel.JavassistParameterDeclaration.variadic [JavassistParameterDeclaration.java <47:33 47:40>]
REFERENCE_OVERRIDE: java.lang.String com.github.javaparser.symbolsolver.javassistmodel.JavassistParameterDeclaration.getName() -> java.lang.String com.github.javaparser.symbolsolver.model.declarations.Declaration.getName() [JavassistParameterDeclaration.java <52:19 52:25>]
REFERENCE_ANNOTATION_USAGE: java.lang.String com.github.javaparser.symbolsolver.javassistmodel.JavassistParameterDeclaration.getName() -> java.lang.Override [JavassistParameterDeclaration.java <51:6 51:13>]
REFERENCE_TYPE_USAGE: java.lang.String com.github.javaparser.symbolsolver.javassistmodel.JavassistParameterDeclaration.getName() -> java.lang.String [JavassistParameterDeclaration.java <52:12 52:17>]
REFERENCE_CALL: java.lang.String com.github.javaparser.symbolsolver.javassistmodel.JavassistParameterDeclaration.getName() -> java.lang.UnsupportedOperationException.UnsupportedOperationException() [JavassistParameterDeclaration.java <53:19 53:47>]
REFERENCE_TYPE_USAGE: java.lang.String com.github.javaparser.symbolsolver.javassistmodel.JavassistParameterDeclaration.getName() -> java.lang.UnsupportedOperationException [JavassistParameterDeclaration.java <53:19 53:47>]
REFERENCE_OVERRIDE: boolean com.github.javaparser.symbolsolver.javassistmodel.JavassistParameterDeclaration.isField() -> boolean com.github.javaparser.symbolsolver.model.declarations.Declaration.isField() [JavassistParameterDeclaration.java <57:20 57:26>]
REFERENCE_ANNOTATION_USAGE: boolean com.github.javaparser.symbolsolver.javassistmodel.JavassistParameterDeclaration.isField() -> java.lang.Override [JavassistParameterDeclaration.java <56:6 56:13>]
REFERENCE_TYPE_USAGE: boolean com.github.javaparser.symbolsolver.javassistmodel.JavassistParameterDeclaration.isField() -> boolean [JavassistParameterDeclaration.java <57:12 57:18>]
REFERENCE_CALL: boolean com.github.javaparser.symbolsolver.javassistmodel.JavassistParameterDeclaration.isField() -> java.lang.UnsupportedOperationException.UnsupportedOperationException() [JavassistParameterDeclaration.java <58:19 58:47>]
REFERENCE_TYPE_USAGE: boolean com.github.javaparser.symbolsolver.javassistmodel.JavassistParameterDeclaration.isField() -> java.lang.UnsupportedOperationException [JavassistParameterDeclaration.java <58:19 58:47>]
REFERENCE_OVERRIDE: boolean com.github.javaparser.symbolsolver.javassistmodel.JavassistParameterDeclaration.isParameter() -> boolean com.github.javaparser.symbolsolver.model.declarations.ParameterDeclaration.isParameter() [JavassistParameterDeclaration.java <62:20 62:30>]
REFERENCE_ANNOTATION_USAGE: boolean com.github.javaparser.symbolsolver.javassistmodel.JavassistParameterDeclaration.isParameter() -> java.lang.Override [JavassistParameterDeclaration.java <61:6 61:13>]
REFERENCE_TYPE_USAGE: boolean com.github.javaparser.symbolsolver.javassistmodel.JavassistParameterDeclaration.isParameter() -> boolean [JavassistParameterDeclaration.java <62:12 62:18>]
REFERENCE_CALL: boolean com.github.javaparser.symbolsolver.javassistmodel.JavassistParameterDeclaration.isParameter() -> java.lang.UnsupportedOperationException.UnsupportedOperationException() [JavassistParameterDeclaration.java <63:19 63:47>]
REFERENCE_TYPE_USAGE: boolean com.github.javaparser.symbolsolver.javassistmodel.JavassistParameterDeclaration.isParameter() -> java.lang.UnsupportedOperationException [JavassistParameterDeclaration.java <63:19 63:47>]
REFERENCE_OVERRIDE: boolean com.github.javaparser.symbolsolver.javassistmodel.JavassistParameterDeclaration.isVariadic() -> boolean com.github.javaparser.symbolsolver.model.declarations.ParameterDeclaration.isVariadic() [JavassistParameterDeclaration.java <67:20 67:29>]
REFERENCE_ANNOTATION_USAGE: boolean com.github.javaparser.symbolsolver.javassistmodel.JavassistParameterDeclaration.isVariadic() -> java.lang.Override [JavassistParameterDeclaration.java <66:6 66:13>]
REFERENCE_TYPE_USAGE: boolean com.github.javaparser.symbolsolver.javassistmodel.JavassistParameterDeclaration.isVariadic() -> boolean [JavassistParameterDeclaration.java <67:12 67:18>]
REFERENCE_USAGE: boolean com.github.javaparser.symbolsolver.javassistmodel.JavassistParameterDeclaration.isVariadic() -> boolean com.github.javaparser.symbolsolver.javassistmodel.JavassistParameterDeclaration.variadic [JavassistParameterDeclaration.java <68:16 68:23>]
REFERENCE_OVERRIDE: boolean com.github.javaparser.symbolsolver.javassistmodel.JavassistParameterDeclaration.isType() -> boolean com.github.javaparser.symbolsolver.model.declarations.Declaration.isType() [JavassistParameterDeclaration.java <72:20 72:25>]
REFERENCE_ANNOTATION_USAGE: boolean com.github.javaparser.symbolsolver.javassistmodel.JavassistParameterDeclaration.isType() -> java.lang.Override [JavassistParameterDeclaration.java <71:6 71:13>]
REFERENCE_TYPE_USAGE: boolean com.github.javaparser.symbolsolver.javassistmodel.JavassistParameterDeclaration.isType() -> boolean [JavassistParameterDeclaration.java <72:12 72:18>]
REFERENCE_CALL: boolean com.github.javaparser.symbolsolver.javassistmodel.JavassistParameterDeclaration.isType() -> java.lang.UnsupportedOperationException.UnsupportedOperationException() [JavassistParameterDeclaration.java <73:19 73:47>]
REFERENCE_TYPE_USAGE: boolean com.github.javaparser.symbolsolver.javassistmodel.JavassistParameterDeclaration.isType() -> java.lang.UnsupportedOperationException [JavassistParameterDeclaration.java <73:19 73:47>]
REFERENCE_OVERRIDE: com.github.javaparser.symbolsolver.model.typesystem.Type com.github.javaparser.symbolsolver.javassistmodel.JavassistParameterDeclaration.getType() -> com.github.javaparser.symbolsolver.model.typesystem.Type com.github.javaparser.symbolsolver.model.declarations.ValueDeclaration.getType() [JavassistParameterDeclaration.java <77:17 77:23>]
REFERENCE_ANNOTATION_USAGE: com.github.javaparser.symbolsolver.model.typesystem.Type com.github.javaparser.symbolsolver.javassistmodel.JavassistParameterDeclaration.getType() -> java.lang.Override [JavassistParameterDeclaration.java <76:6 76:13>]
REFERENCE_TYPE_USAGE: com.github.javaparser.symbolsolver.model.typesystem.Type com.github.javaparser.symbolsolver.javassistmodel.JavassistParameterDeclaration.getType() -> com.github.javaparser.symbolsolver.model.typesystem.Type [JavassistParameterDeclaration.java <77:12 77:15>]
REFERENCE_USAGE: com.github.javaparser.symbolsolver.model.typesystem.Type com.github.javaparser.symbolsolver.javassistmodel.JavassistParameterDeclaration.getType() -> com.github.javaparser.symbolsolver.model.typesystem.Type com.github.javaparser.symbolsolver.javassistmodel.JavassistParameterDeclaration.type [JavassistParameterDeclaration.java <78:16 78:19>]
LOCAL_SYMBOL: JavassistParameterDeclaration.java<27:76> [JavassistParameterDeclaration.java <27:76 27:76>]
LOCAL_SYMBOL: JavassistParameterDeclaration.java<27:76> [JavassistParameterDeclaration.java <80:1 80:1>]
LOCAL_SYMBOL: JavassistParameterDeclaration.java<32:97> [JavassistParameterDeclaration.java <32:97 32:97>]
LOCAL_SYMBOL: JavassistParameterDeclaration.java<32:97> [JavassistParameterDeclaration.java <34:5 34:5>]
LOCAL_SYMBOL: JavassistParameterDeclaration.java<36:94> [JavassistParameterDeclaration.java <36:94 36:94>]
LOCAL_SYMBOL: JavassistParameterDeclaration.java<36:94> [JavassistParameterDeclaration.java <40:5 40:5>]
LOCAL_SYMBOL: JavassistParameterDeclaration.java<43:30> [JavassistParameterDeclaration.java <43:30 43:30>]
LOCAL_SYMBOL: JavassistParameterDeclaration.java<43:30> [JavassistParameterDeclaration.java <49:5 49:5>]
LOCAL_SYMBOL: JavassistParameterDeclaration.java<52:29> [JavassistParameterDeclaration.java <52:29 52:29>]
LOCAL_SYMBOL: JavassistParameterDeclaration.java<52:29> [JavassistParameterDeclaration.java <54:5 54:5>]
LOCAL_SYMBOL: JavassistParameterDeclaration.java<57:30> [JavassistParameterDeclaration.java <57:30 57:30>]
LOCAL_SYMBOL: JavassistParameterDeclaration.java<57:30> [JavassistParameterDeclaration.java <59:5 59:5>]
LOCAL_SYMBOL: JavassistParameterDeclaration.java<62:34> [JavassistParameterDeclaration.java <62:34 62:34>]
LOCAL_SYMBOL: JavassistParameterDeclaration.java<62:34> [JavassistParameterDeclaration.java <64:5 64:5>]
LOCAL_SYMBOL: JavassistParameterDeclaration.java<67:33> [JavassistParameterDeclaration.java <67:33 67:33>]
LOCAL_SYMBOL: JavassistParameterDeclaration.java<67:33> [JavassistParameterDeclaration.java <69:5 69:5>]
LOCAL_SYMBOL: JavassistParameterDeclaration.java<72:29> [JavassistParameterDeclaration.java <72:29 72:29>]
LOCAL_SYMBOL: JavassistParameterDeclaration.java<72:29> [JavassistParameterDeclaration.java <74:5 74:5>]
LOCAL_SYMBOL: JavassistParameterDeclaration.java<77:27> [JavassistParameterDeclaration.java <77:27 77:27>]
LOCAL_SYMBOL: JavassistParameterDeclaration.java<77:27> [JavassistParameterDeclaration.java <79:5 79:5>]
LOCAL_SYMBOL: com.github.javaparser.symbolsolver.javassistmodel.JavassistParameterDeclaration.JavassistParameterDeclaration<0> [JavassistParameterDeclaration.java <32:50 32:53>]
LOCAL_SYMBOL: com.github.javaparser.symbolsolver.javassistmodel.JavassistParameterDeclaration.JavassistParameterDeclaration<0> [JavassistParameterDeclaration.java <33:44 33:47>]
LOCAL_SYMBOL: com.github.javaparser.symbolsolver.javassistmodel.JavassistParameterDeclaration.JavassistParameterDeclaration<0> [JavassistParameterDeclaration.java <36:47 36:50>]
LOCAL_SYMBOL: com.github.javaparser.symbolsolver.javassistmodel.JavassistParameterDeclaration.JavassistParameterDeclaration<0> [JavassistParameterDeclaration.java <37:21 37:24>]
LOCAL_SYMBOL: com.github.javaparser.symbolsolver.javassistmodel.JavassistParameterDeclaration.JavassistParameterDeclaration<1> [JavassistParameterDeclaration.java <32:67 32:76>]
LOCAL_SYMBOL: com.github.javaparser.symbolsolver.javassistmodel.JavassistParameterDeclaration.JavassistParameterDeclaration<1> [JavassistParameterDeclaration.java <33:50 33:59>]
LOCAL_SYMBOL: com.github.javaparser.symbolsolver.javassistmodel.JavassistParameterDeclaration.JavassistParameterDeclaration<1> [JavassistParameterDeclaration.java <33:63 33:72>]
LOCAL_SYMBOL: com.github.javaparser.symbolsolver.javassistmodel.JavassistParameterDeclaration.JavassistParameterDeclaration<1> [JavassistParameterDeclaration.java <36:64 36:73>]
LOCAL_SYMBOL: com.github.javaparser.symbolsolver.javassistmodel.JavassistParameterDeclaration.JavassistParameterDeclaration<1> [JavassistParameterDeclaration.java <38:27 38:36>]
LOCAL_SYMBOL: com.github.javaparser.symbolsolver.javassistmodel.JavassistParameterDeclaration.JavassistParameterDeclaration<2> [JavassistParameterDeclaration.java <32:87 32:94>]
LOCAL_SYMBOL: com.github.javaparser.symbolsolver.javassistmodel.JavassistParameterDeclaration.JavassistParameterDeclaration<2> [JavassistParameterDeclaration.java <33:75 33:82>]
LOCAL_SYMBOL: com.github.javaparser.symbolsolver.javassistmodel.JavassistParameterDeclaration.JavassistParameterDeclaration<2> [JavassistParameterDeclaration.java <36:84 36:91>]
LOCAL_SYMBOL: com.github.javaparser.symbolsolver.javassistmodel.JavassistParameterDeclaration.JavassistParameterDeclaration<2> [JavassistParameterDeclaration.java <39:25 39:32>]
COMMENT: comment [JavassistParameterDeclaration.java <1:1 15:3>]
COMMENT: comment [JavassistParameterDeclaration.java <24:1 26:3>]
