FILE: EnumDeclaration.java
SYMBOL_PACKAGE: com.github.javaparser.symbolsolver.model.declarations [EnumDeclaration.java <17:50 17:61>]
QUALIFIER: com.github.javaparser.symbolsolver.model [EnumDeclaration.java <17:44 17:48>]
SYMBOL_PACKAGE: com.github.javaparser.symbolsolver.model
QUALIFIER: com.github.javaparser.symbolsolver [EnumDeclaration.java <17:31 17:42>]
SYMBOL_PACKAGE: com.github.javaparser.symbolsolver
QUALIFIER: com.github.javaparser [EnumDeclaration.java <17:20 17:29>]
SYMBOL_PACKAGE: com.github.javaparser
QUALIFIER: com.github [EnumDeclaration.java <17:13 17:18>]
SYMBOL_PACKAGE: com.github
QUALIFIER: com [EnumDeclaration.java <17:9 17:11>]
SYMBOL_PACKAGE: com
SYMBOL_INTERFACE: public com.github.javaparser.symbolsolver.model.declarations.EnumDeclaration [EnumDeclaration.java <24:1 <24:18 24:32> 35:1>]
SYMBOL_METHOD: default boolean com.github.javaparser.symbolsolver.model.declarations.EnumDeclaration.isEnum() [EnumDeclaration.java <26:5 <26:5 <27:21 27:26> 27:28> 29:5>]
SYMBOL_METHOD: boolean com.github.javaparser.symbolsolver.model.declarations.TypeDeclaration.isEnum()
SYMBOL_PACKAGE: java.lang
SYMBOL_BUILTIN_TYPE: boolean
SYMBOL_METHOD: default com.github.javaparser.symbolsolver.model.declarations.EnumDeclaration com.github.javaparser.symbolsolver.model.declarations.EnumDeclaration.asEnum() [EnumDeclaration.java <31:5 <31:5 <32:29 32:34> 32:36> 34:5>]
SYMBOL_METHOD: com.github.javaparser.symbolsolver.model.declarations.EnumDeclaration com.github.javaparser.symbolsolver.model.declarations.TypeDeclaration.asEnum()
REFERENCE_INHERITANCE: com.github.javaparser.symbolsolver.model.declarations.EnumDeclaration -> com.github.javaparser.symbolsolver.model.declarations.ReferenceTypeDeclaration [EnumDeclaration.java <24:42 24:65>]
REFERENCE_INHERITANCE: com.github.javaparser.symbolsolver.model.declarations.EnumDeclaration -> com.github.javaparser.symbolsolver.model.declarations.HasAccessLevel [EnumDeclaration.java <24:68 24:81>]
REFERENCE_OVERRIDE: boolean com.github.javaparser.symbolsolver.model.declarations.EnumDeclaration.isEnum() -> boolean com.github.javaparser.symbolsolver.model.declarations.TypeDeclaration.isEnum() [EnumDeclaration.java <27:21 27:26>]
REFERENCE_ANNOTATION_USAGE: boolean com.github.javaparser.symbolsolver.model.declarations.EnumDeclaration.isEnum() -> java.lang.Override [EnumDeclaration.java <26:6 26:13>]
REFERENCE_TYPE_USAGE: boolean com.github.javaparser.symbolsolver.model.declarations.EnumDeclaration.isEnum() -> boolean [EnumDeclaration.java <27:13 27:19>]
REFERENCE_OVERRIDE: com.github.javaparser.symbolsolver.model.declarations.EnumDeclaration com.github.javaparser.symbolsolver.model.declarations.EnumDeclaration.asEnum() -> com.github.javaparser.symbolsolver.model.declarations.EnumDeclaration com.github.javaparser.symbolsolver.model.declarations.TypeDeclaration.asEnum() [EnumDeclaration.java <32:29 32:34>]
REFERENCE_ANNOTATION_USAGE: com.github.javaparser.symbolsolver.model.declarations.EnumDeclaration com.github.javaparser.symbolsolver.model.declarations.EnumDeclaration.asEnum() -> java.lang.Override [EnumDeclaration.java <31:6 31:13>]
REFERENCE_TYPE_USAGE: com.github.javaparser.symbolsolver.model.declarations.EnumDeclaration com.github.javaparser.symbolsolver.model.declarations.EnumDeclaration.asEnum() -> com.github.javaparser.symbolsolver.model.declarations.EnumDeclaration [EnumDeclaration.java <32:13 32:27>]
LOCAL_SYMBOL: EnumDeclaration.java<24:83> [EnumDeclaration.java <24:83 24:83>]
LOCAL_SYMBOL: EnumDeclaration.java<24:83> [EnumDeclaration.java <35:1 35:1>]
LOCAL_SYMBOL: EnumDeclaration.java<27:30> [EnumDeclaration.java <27:30 27:30>]
LOCAL_SYMBOL: EnumDeclaration.java<27:30> [EnumDeclaration.java <29:5 29:5>]
LOCAL_SYMBOL: EnumDeclaration.java<32:38> [EnumDeclaration.java <32:38 32:38>]
LOCAL_SYMBOL: EnumDeclaration.java<32:38> [EnumDeclaration.java <34:5 34:5>]
COMMENT: comment [EnumDeclaration.java <1:1 15:3>]
COMMENT: comment [EnumDeclaration.java <19:1 23:3>]
