FILE: ValueDeclaration.java
SYMBOL_PACKAGE: com.github.javaparser.symbolsolver.model.declarations [ValueDeclaration.java <17:50 17:61>]
QUALIFIER: com.github.javaparser.symbolsolver.model [ValueDeclaration.java <17:44 17:48>]
QUALIFIER: com.github.javaparser.symbolsolver.model [ValueDeclaration.java <19:43 19:47>]
SYMBOL_PACKAGE: com.github.javaparser.symbolsolver.model
QUALIFIER: com.github.javaparser.symbolsolver [ValueDeclaration.java <17:31 17:42>]
QUALIFIER: com.github.javaparser.symbolsolver [ValueDeclaration.java <19:30 19:41>]
SYMBOL_PACKAGE: com.github.javaparser.symbolsolver
QUALIFIER: com.github.javaparser [ValueDeclaration.java <17:20 17:29>]
QUALIFIER: com.github.javaparser [ValueDeclaration.java <19:19 19:28>]
SYMBOL_PACKAGE: com.github.javaparser
QUALIFIER: com.github [ValueDeclaration.java <17:13 17:18>]
QUALIFIER: com.github [ValueDeclaration.java <19:12 19:17>]
SYMBOL_PACKAGE: com.github
QUALIFIER: com [ValueDeclaration.java <17:9 17:11>]
QUALIFIER: com [ValueDeclaration.java <19:8 19:10>]
SYMBOL_PACKAGE: com
QUALIFIER: com.github.javaparser.symbolsolver.model.typesystem [ValueDeclaration.java <19:49 19:58>]
SYMBOL_PACKAGE: com.github.javaparser.symbolsolver.model.typesystem
SYMBOL_INTERFACE: public com.github.javaparser.symbolsolver.model.declarations.ValueDeclaration [ValueDeclaration.java <26:1 <26:18 26:33> 33:1>]
SYMBOL_METHOD: default com.github.javaparser.symbolsolver.model.typesystem.Type com.github.javaparser.symbolsolver.model.declarations.ValueDeclaration.getType() [ValueDeclaration.java <31:1 <31:1 <31:10 31:16> 31:18> 31:19>]
REFERENCE_IMPORT: ValueDeclaration.java -> com.github.javaparser.symbolsolver.model.typesystem.Type [ValueDeclaration.java <19:60 19:63>]
REFERENCE_INHERITANCE: com.github.javaparser.symbolsolver.model.declarations.ValueDeclaration -> com.github.javaparser.symbolsolver.model.declarations.Declaration [ValueDeclaration.java <26:43 26:53>]
REFERENCE_TYPE_USAGE: com.github.javaparser.symbolsolver.model.typesystem.Type com.github.javaparser.symbolsolver.model.declarations.ValueDeclaration.getType() -> com.github.javaparser.symbolsolver.model.typesystem.Type [ValueDeclaration.java <31:5 31:8>]
LOCAL_SYMBOL: ValueDeclaration.java<26:55> [ValueDeclaration.java <26:55 26:55>]
LOCAL_SYMBOL: ValueDeclaration.java<26:55> [ValueDeclaration.java <33:1 33:1>]
COMMENT: comment [ValueDeclaration.java <1:1 15:3>]
COMMENT: comment [ValueDeclaration.java <21:1 25:3>]
COMMENT: comment [ValueDeclaration.java <28:5 30:7>]
