FILE: ContextHelper.java
SYMBOL_PACKAGE: com.github.javaparser.symbolsolver.core.resolution [ContextHelper.java <17:49 17:58>]
QUALIFIER: com.github.javaparser.symbolsolver.core [ContextHelper.java <17:44 17:47>]
SYMBOL_PACKAGE: com.github.javaparser.symbolsolver.core
QUALIFIER: com.github.javaparser.symbolsolver [ContextHelper.java <17:31 17:42>]
QUALIFIER: com.github.javaparser.symbolsolver [ContextHelper.java <19:30 19:41>]
QUALIFIER: com.github.javaparser.symbolsolver [ContextHelper.java <20:30 20:41>]
QUALIFIER: com.github.javaparser.symbolsolver [ContextHelper.java <21:30 21:41>]
QUALIFIER: com.github.javaparser.symbolsolver [ContextHelper.java <22:30 22:41>]
QUALIFIER: com.github.javaparser.symbolsolver [ContextHelper.java <23:30 23:41>]
QUALIFIER: com.github.javaparser.symbolsolver [ContextHelper.java <24:30 24:41>]
QUALIFIER: com.github.javaparser.symbolsolver [ContextHelper.java <25:30 25:41>]
SYMBOL_PACKAGE: com.github.javaparser.symbolsolver
QUALIFIER: com.github.javaparser [ContextHelper.java <17:20 17:29>]
QUALIFIER: com.github.javaparser [ContextHelper.java <19:19 19:28>]
QUALIFIER: com.github.javaparser [ContextHelper.java <20:19 20:28>]
QUALIFIER: com.github.javaparser [ContextHelper.java <21:19 21:28>]
QUALIFIER: com.github.javaparser [ContextHelper.java <22:19 22:28>]
QUALIFIER: com.github.javaparser [ContextHelper.java <23:19 23:28>]
QUALIFIER: com.github.javaparser [ContextHelper.java <24:19 24:28>]
QUALIFIER: com.github.javaparser [ContextHelper.java <25:19 25:28>]
SYMBOL_PACKAGE: com.github.javaparser
QUALIFIER: com.github [ContextHelper.java <17:13 17:18>]
QUALIFIER: com.github [ContextHelper.java <19:12 19:17>]
QUALIFIER: com.github [ContextHelper.java <20:12 20:17>]
QUALIFIER: com.github [ContextHelper.java <21:12 21:17>]
QUALIFIER: com.github [ContextHelper.java <22:12 22:17>]
QUALIFIER: com.github [ContextHelper.java <23:12 23:17>]
QUALIFIER: com.github [ContextHelper.java <24:12 24:17>]
QUALIFIER: com.github [ContextHelper.java <25:12 25:17>]
SYMBOL_PACKAGE: com.github
QUALIFIER: com [ContextHelper.java <17:9 17:11>]
QUALIFIER: com [ContextHelper.java <19:8 19:10>]
QUALIFIER: com [ContextHelper.java <20:8 20:10>]
QUALIFIER: com [ContextHelper.java <21:8 21:10>]
QUALIFIER: com [ContextHelper.java <22:8 22:10>]
QUALIFIER: com [ContextHelper.java <23:8 23:10>]
QUALIFIER: com [ContextHelper.java <24:8 24:10>]
QUALIFIER: com [ContextHelper.java <25:8 25:10>]
SYMBOL_PACKAGE: com
QUALIFIER: com.github.javaparser.symbolsolver.javaparsermodel.declarations.JavaParserEnumDeclaration [ContextHelper.java <43:49 43:73>]
QUALIFIER: com.github.javaparser.symbolsolver.javaparsermodel.declarations.JavaParserEnumDeclaration [ContextHelper.java <44:22 44:46>]
QUALIFIER: com.github.javaparser.symbolsolver.javaparsermodel.declarations [ContextHelper.java <19:59 19:70>]
QUALIFIER: com.github.javaparser.symbolsolver.javaparsermodel.declarations [ContextHelper.java <20:59 20:70>]
SYMBOL_PACKAGE: com.github.javaparser.symbolsolver.javaparsermodel.declarations
QUALIFIER: com.github.javaparser.symbolsolver.javaparsermodel [ContextHelper.java <19:43 19:57>]
QUALIFIER: com.github.javaparser.symbolsolver.javaparsermodel [ContextHelper.java <20:43 20:57>]
SYMBOL_PACKAGE: com.github.javaparser.symbolsolver.javaparsermodel
QUALIFIER: com.github.javaparser.symbolsolver.javassistmodel [ContextHelper.java <21:43 21:56>]
SYMBOL_PACKAGE: com.github.javaparser.symbolsolver.javassistmodel
QUALIFIER: com.github.javaparser.symbolsolver.model.declarations [ContextHelper.java <22:49 22:60>]
SYMBOL_PACKAGE: com.github.javaparser.symbolsolver.model.declarations
QUALIFIER: com.github.javaparser.symbolsolver.model [ContextHelper.java <22:43 22:47>]
QUALIFIER: com.github.javaparser.symbolsolver.model [ContextHelper.java <23:43 23:47>]
QUALIFIER: com.github.javaparser.symbolsolver.model [ContextHelper.java <24:43 24:47>]
SYMBOL_PACKAGE: com.github.javaparser.symbolsolver.model
QUALIFIER: com.github.javaparser.symbolsolver.model.methods [ContextHelper.java <23:49 23:55>]
SYMBOL_PACKAGE: com.github.javaparser.symbolsolver.model.methods
QUALIFIER: com.github.javaparser.symbolsolver.model.typesystem [ContextHelper.java <24:49 24:58>]
SYMBOL_PACKAGE: com.github.javaparser.symbolsolver.model.typesystem
QUALIFIER: com.github.javaparser.symbolsolver.reflectionmodel [ContextHelper.java <25:43 25:57>]
SYMBOL_PACKAGE: com.github.javaparser.symbolsolver.reflectionmodel
QUALIFIER: java.util [ContextHelper.java <27:13 27:16>]
SYMBOL_PACKAGE: java.util
QUALIFIER: java [ContextHelper.java <27:8 27:11>]
SYMBOL_PACKAGE: java
SYMBOL_CLASS: default com.github.javaparser.symbolsolver.core.resolution.ContextHelper [ContextHelper.java <32:1 <32:7 32:19> 51:1>]
SYMBOL_METHOD: private com.github.javaparser.symbolsolver.core.resolution.ContextHelper.ContextHelper() [ContextHelper.java <34:5 <34:5 <34:13 34:25> 34:27> 36:5>]
SYMBOL_METHOD: default static com.github.javaparser.symbolsolver.model.methods.MethodUsage com.github.javaparser.symbolsolver.core.resolution.ContextHelper.resolveTypeVariables(com.github.javaparser.symbolsolver.core.resolution.Context, com.github.javaparser.symbolsolver.model.declarations.MethodDeclaration, java.util.List<com.github.javaparser.symbolsolver.model.typesystem.Type>) [ContextHelper.java <38:5 <38:5 <38:24 38:43> 38:124> 50:5>]
SYMBOL_METHOD: com.github.javaparser.symbolsolver.model.methods.MethodUsage com.github.javaparser.symbolsolver.javaparsermodel.declarations.JavaParserMethodDeclaration.resolveTypeVariables(com.github.javaparser.symbolsolver.core.resolution.Context, java.util.List<com.github.javaparser.symbolsolver.model.typesystem.Type>)
SYMBOL_METHOD: com.github.javaparser.symbolsolver.model.methods.MethodUsage com.github.javaparser.symbolsolver.javassistmodel.JavassistMethodDeclaration.resolveTypeVariables(com.github.javaparser.symbolsolver.core.resolution.Context, java.util.List<com.github.javaparser.symbolsolver.model.typesystem.Type>)
SYMBOL_METHOD: com.github.javaparser.symbolsolver.model.methods.MethodUsage com.github.javaparser.symbolsolver.javaparsermodel.declarations.JavaParserEnumDeclaration.ValuesMethod.resolveTypeVariables(com.github.javaparser.symbolsolver.core.resolution.Context, java.util.List<com.github.javaparser.symbolsolver.model.typesystem.Type>)
SYMBOL_METHOD: com.github.javaparser.symbolsolver.model.methods.MethodUsage com.github.javaparser.symbolsolver.reflectionmodel.ReflectionMethodDeclaration.resolveTypeVariables(com.github.javaparser.symbolsolver.core.resolution.Context, java.util.List<com.github.javaparser.symbolsolver.model.typesystem.Type>)
SYMBOL_METHOD: java.lang.UnsupportedOperationException.UnsupportedOperationException()
SYMBOL_PACKAGE: java.lang
REFERENCE_IMPORT: ContextHelper.java -> com.github.javaparser.symbolsolver.javaparsermodel.declarations.JavaParserEnumDeclaration [ContextHelper.java <19:72 19:96>]
REFERENCE_IMPORT: ContextHelper.java -> com.github.javaparser.symbolsolver.javaparsermodel.declarations.JavaParserMethodDeclaration [ContextHelper.java <20:72 20:98>]
REFERENCE_IMPORT: ContextHelper.java -> com.github.javaparser.symbolsolver.javassistmodel.JavassistMethodDeclaration [ContextHelper.java <21:58 21:83>]
REFERENCE_IMPORT: ContextHelper.java -> com.github.javaparser.symbolsolver.model.declarations.MethodDeclaration [ContextHelper.java <22:62 22:78>]
REFERENCE_IMPORT: ContextHelper.java -> com.github.javaparser.symbolsolver.model.methods.MethodUsage [ContextHelper.java <23:57 23:67>]
REFERENCE_IMPORT: ContextHelper.java -> com.github.javaparser.symbolsolver.model.typesystem.Type [ContextHelper.java <24:60 24:63>]
REFERENCE_IMPORT: ContextHelper.java -> com.github.javaparser.symbolsolver.reflectionmodel.ReflectionMethodDeclaration [ContextHelper.java <25:59 25:85>]
REFERENCE_IMPORT: ContextHelper.java -> java.util.List<E> [ContextHelper.java <27:18 27:21>]
REFERENCE_TYPE_USAGE: static com.github.javaparser.symbolsolver.model.methods.MethodUsage com.github.javaparser.symbolsolver.core.resolution.ContextHelper.resolveTypeVariables(com.github.javaparser.symbolsolver.core.resolution.Context, com.github.javaparser.symbolsolver.model.declarations.MethodDeclaration, java.util.List<com.github.javaparser.symbolsolver.model.typesystem.Type>) -> com.github.javaparser.symbolsolver.model.methods.MethodUsage [ContextHelper.java <38:12 38:22>]
REFERENCE_TYPE_USAGE: static com.github.javaparser.symbolsolver.model.methods.MethodUsage com.github.javaparser.symbolsolver.core.resolution.ContextHelper.resolveTypeVariables(com.github.javaparser.symbolsolver.core.resolution.Context, com.github.javaparser.symbolsolver.model.declarations.MethodDeclaration, java.util.List<com.github.javaparser.symbolsolver.model.typesystem.Type>) -> com.github.javaparser.symbolsolver.core.resolution.Context [ContextHelper.java <38:45 38:51>]
REFERENCE_TYPE_USAGE: static com.github.javaparser.symbolsolver.model.methods.MethodUsage com.github.javaparser.symbolsolver.core.resolution.ContextHelper.resolveTypeVariables(com.github.javaparser.symbolsolver.core.resolution.Context, com.github.javaparser.symbolsolver.model.declarations.MethodDeclaration, java.util.List<com.github.javaparser.symbolsolver.model.typesystem.Type>) -> com.github.javaparser.symbolsolver.model.declarations.MethodDeclaration [ContextHelper.java <38:62 38:78>]
REFERENCE_TYPE_ARGUMENT: java.util.List<E> -> com.github.javaparser.symbolsolver.model.typesystem.Type [ContextHelper.java <38:104 38:107>]
REFERENCE_TYPE_USAGE: static com.github.javaparser.symbolsolver.model.methods.MethodUsage com.github.javaparser.symbolsolver.core.resolution.ContextHelper.resolveTypeVariables(com.github.javaparser.symbolsolver.core.resolution.Context, com.github.javaparser.symbolsolver.model.declarations.MethodDeclaration, java.util.List<com.github.javaparser.symbolsolver.model.typesystem.Type>) -> java.util.List<E> [ContextHelper.java <38:99 38:102>]
REFERENCE_TYPE_USAGE: static com.github.javaparser.symbolsolver.model.methods.MethodUsage com.github.javaparser.symbolsolver.core.resolution.ContextHelper.resolveTypeVariables(com.github.javaparser.symbolsolver.core.resolution.Context, com.github.javaparser.symbolsolver.model.declarations.MethodDeclaration, java.util.List<com.github.javaparser.symbolsolver.model.typesystem.Type>) -> com.github.javaparser.symbolsolver.model.typesystem.Type [ContextHelper.java <38:104 38:107>]
REFERENCE_TYPE_USAGE: static com.github.javaparser.symbolsolver.model.methods.MethodUsage com.github.javaparser.symbolsolver.core.resolution.ContextHelper.resolveTypeVariables(com.github.javaparser.symbolsolver.core.resolution.Context, com.github.javaparser.symbolsolver.model.declarations.MethodDeclaration, java.util.List<com.github.javaparser.symbolsolver.model.typesystem.Type>) -> com.github.javaparser.symbolsolver.javaparsermodel.declarations.JavaParserMethodDeclaration [ContextHelper.java <39:42 39:68>]
REFERENCE_TYPE_USAGE: static com.github.javaparser.symbolsolver.model.methods.MethodUsage com.github.javaparser.symbolsolver.core.resolution.ContextHelper.resolveTypeVariables(com.github.javaparser.symbolsolver.core.resolution.Context, com.github.javaparser.symbolsolver.model.declarations.MethodDeclaration, java.util.List<com.github.javaparser.symbolsolver.model.typesystem.Type>) -> com.github.javaparser.symbolsolver.javaparsermodel.declarations.JavaParserMethodDeclaration [ContextHelper.java <40:22 40:48>]
REFERENCE_CALL: static com.github.javaparser.symbolsolver.model.methods.MethodUsage com.github.javaparser.symbolsolver.core.resolution.ContextHelper.resolveTypeVariables(com.github.javaparser.symbolsolver.core.resolution.Context, com.github.javaparser.symbolsolver.model.declarations.MethodDeclaration, java.util.List<com.github.javaparser.symbolsolver.model.typesystem.Type>) -> com.github.javaparser.symbolsolver.model.methods.MethodUsage com.github.javaparser.symbolsolver.javaparsermodel.declarations.JavaParserMethodDeclaration.resolveTypeVariables(com.github.javaparser.symbolsolver.core.resolution.Context, java.util.List<com.github.javaparser.symbolsolver.model.typesystem.Type>) [ContextHelper.java <40:70 40:89>]
REFERENCE_TYPE_USAGE: static com.github.javaparser.symbolsolver.model.methods.MethodUsage com.github.javaparser.symbolsolver.core.resolution.ContextHelper.resolveTypeVariables(com.github.javaparser.symbolsolver.core.resolution.Context, com.github.javaparser.symbolsolver.model.declarations.MethodDeclaration, java.util.List<com.github.javaparser.symbolsolver.model.typesystem.Type>) -> com.github.javaparser.symbolsolver.javassistmodel.JavassistMethodDeclaration [ContextHelper.java <41:49 41:74>]
REFERENCE_TYPE_USAGE: static com.github.javaparser.symbolsolver.model.methods.MethodUsage com.github.javaparser.symbolsolver.core.resolution.ContextHelper.resolveTypeVariables(com.github.javaparser.symbolsolver.core.resolution.Context, com.github.javaparser.symbolsolver.model.declarations.MethodDeclaration, java.util.List<com.github.javaparser.symbolsolver.model.typesystem.Type>) -> com.github.javaparser.symbolsolver.javassistmodel.JavassistMethodDeclaration [ContextHelper.java <42:22 42:47>]
REFERENCE_CALL: static com.github.javaparser.symbolsolver.model.methods.MethodUsage com.github.javaparser.symbolsolver.core.resolution.ContextHelper.resolveTypeVariables(com.github.javaparser.symbolsolver.core.resolution.Context, com.github.javaparser.symbolsolver.model.declarations.MethodDeclaration, java.util.List<com.github.javaparser.symbolsolver.model.typesystem.Type>) -> com.github.javaparser.symbolsolver.model.methods.MethodUsage com.github.javaparser.symbolsolver.javassistmodel.JavassistMethodDeclaration.resolveTypeVariables(com.github.javaparser.symbolsolver.core.resolution.Context, java.util.List<com.github.javaparser.symbolsolver.model.typesystem.Type>) [ContextHelper.java <42:69 42:88>]
REFERENCE_TYPE_USAGE: static com.github.javaparser.symbolsolver.model.methods.MethodUsage com.github.javaparser.symbolsolver.core.resolution.ContextHelper.resolveTypeVariables(com.github.javaparser.symbolsolver.core.resolution.Context, com.github.javaparser.symbolsolver.model.declarations.MethodDeclaration, java.util.List<com.github.javaparser.symbolsolver.model.typesystem.Type>) -> com.github.javaparser.symbolsolver.javaparsermodel.declarations.JavaParserEnumDeclaration.ValuesMethod [ContextHelper.java <43:75 43:86>]
REFERENCE_TYPE_USAGE: static com.github.javaparser.symbolsolver.model.methods.MethodUsage com.github.javaparser.symbolsolver.core.resolution.ContextHelper.resolveTypeVariables(com.github.javaparser.symbolsolver.core.resolution.Context, com.github.javaparser.symbolsolver.model.declarations.MethodDeclaration, java.util.List<com.github.javaparser.symbolsolver.model.typesystem.Type>) -> com.github.javaparser.symbolsolver.javaparsermodel.declarations.JavaParserEnumDeclaration.ValuesMethod [ContextHelper.java <44:48 44:59>]
REFERENCE_CALL: static com.github.javaparser.symbolsolver.model.methods.MethodUsage com.github.javaparser.symbolsolver.core.resolution.ContextHelper.resolveTypeVariables(com.github.javaparser.symbolsolver.core.resolution.Context, com.github.javaparser.symbolsolver.model.declarations.MethodDeclaration, java.util.List<com.github.javaparser.symbolsolver.model.typesystem.Type>) -> com.github.javaparser.symbolsolver.model.methods.MethodUsage com.github.javaparser.symbolsolver.javaparsermodel.declarations.JavaParserEnumDeclaration.ValuesMethod.resolveTypeVariables(com.github.javaparser.symbolsolver.core.resolution.Context, java.util.List<com.github.javaparser.symbolsolver.model.typesystem.Type>) [ContextHelper.java <44:81 44:100>]
REFERENCE_TYPE_USAGE: static com.github.javaparser.symbolsolver.model.methods.MethodUsage com.github.javaparser.symbolsolver.core.resolution.ContextHelper.resolveTypeVariables(com.github.javaparser.symbolsolver.core.resolution.Context, com.github.javaparser.symbolsolver.model.declarations.MethodDeclaration, java.util.List<com.github.javaparser.symbolsolver.model.typesystem.Type>) -> com.github.javaparser.symbolsolver.reflectionmodel.ReflectionMethodDeclaration [ContextHelper.java <45:49 45:75>]
REFERENCE_TYPE_USAGE: static com.github.javaparser.symbolsolver.model.methods.MethodUsage com.github.javaparser.symbolsolver.core.resolution.ContextHelper.resolveTypeVariables(com.github.javaparser.symbolsolver.core.resolution.Context, com.github.javaparser.symbolsolver.model.declarations.MethodDeclaration, java.util.List<com.github.javaparser.symbolsolver.model.typesystem.Type>) -> com.github.javaparser.symbolsolver.reflectionmodel.ReflectionMethodDeclaration [ContextHelper.java <46:22 46:48>]
REFERENCE_CALL: static com.github.javaparser.symbolsolver.model.methods.MethodUsage com.github.javaparser.symbolsolver.core.resolution.ContextHelper.resolveTypeVariables(com.github.javaparser.symbolsolver.core.resolution.Context, com.github.javaparser.symbolsolver.model.declarations.MethodDeclaration, java.util.List<com.github.javaparser.symbolsolver.model.typesystem.Type>) -> com.github.javaparser.symbolsolver.model.methods.MethodUsage com.github.javaparser.symbolsolver.reflectionmodel.ReflectionMethodDeclaration.resolveTypeVariables(com.github.javaparser.symbolsolver.core.resolution.Context, java.util.List<com.github.javaparser.symbolsolver.model.typesystem.Type>) [ContextHelper.java <46:70 46:89>]
REFERENCE_CALL: static com.github.javaparser.symbolsolver.model.methods.MethodUsage com.github.javaparser.symbolsolver.core.resolution.ContextHelper.resolveTypeVariables(com.github.javaparser.symbolsolver.core.resolution.Context, com.github.javaparser.symbolsolver.model.declarations.MethodDeclaration, java.util.List<com.github.javaparser.symbolsolver.model.typesystem.Type>) -> java.lang.UnsupportedOperationException.UnsupportedOperationException() [ContextHelper.java <48:23 48:51>]
REFERENCE_TYPE_USAGE: static com.github.javaparser.symbolsolver.model.methods.MethodUsage com.github.javaparser.symbolsolver.core.resolution.ContextHelper.resolveTypeVariables(com.github.javaparser.symbolsolver.core.resolution.Context, com.github.javaparser.symbolsolver.model.declarations.MethodDeclaration, java.util.List<com.github.javaparser.symbolsolver.model.typesystem.Type>) -> java.lang.UnsupportedOperationException [ContextHelper.java <48:23 48:51>]
LOCAL_SYMBOL: ContextHelper.java<32:21> [ContextHelper.java <32:21 32:21>]
LOCAL_SYMBOL: ContextHelper.java<32:21> [ContextHelper.java <51:1 51:1>]
LOCAL_SYMBOL: ContextHelper.java<34:29> [ContextHelper.java <34:29 34:29>]
LOCAL_SYMBOL: ContextHelper.java<34:29> [ContextHelper.java <36:5 36:5>]
LOCAL_SYMBOL: ContextHelper.java<38:126> [ContextHelper.java <38:126 38:126>]
LOCAL_SYMBOL: ContextHelper.java<38:126> [ContextHelper.java <50:5 50:5>]
LOCAL_SYMBOL: ContextHelper.java<39:71> [ContextHelper.java <39:71 39:71>]
LOCAL_SYMBOL: ContextHelper.java<39:71> [ContextHelper.java <41:9 41:9>]
LOCAL_SYMBOL: ContextHelper.java<41:77> [ContextHelper.java <41:77 41:77>]
LOCAL_SYMBOL: ContextHelper.java<41:77> [ContextHelper.java <43:9 43:9>]
LOCAL_SYMBOL: ContextHelper.java<43:89> [ContextHelper.java <43:89 43:89>]
LOCAL_SYMBOL: ContextHelper.java<43:89> [ContextHelper.java <45:9 45:9>]
LOCAL_SYMBOL: ContextHelper.java<45:78> [ContextHelper.java <45:78 45:78>]
LOCAL_SYMBOL: ContextHelper.java<45:78> [ContextHelper.java <47:9 47:9>]
LOCAL_SYMBOL: ContextHelper.java<47:16> [ContextHelper.java <47:16 47:16>]
LOCAL_SYMBOL: ContextHelper.java<47:16> [ContextHelper.java <49:9 49:9>]
LOCAL_SYMBOL: com.github.javaparser.symbolsolver.core.resolution.ContextHelper.resolveTypeVariables<0> [ContextHelper.java <38:53 38:59>]
LOCAL_SYMBOL: com.github.javaparser.symbolsolver.core.resolution.ContextHelper.resolveTypeVariables<0> [ContextHelper.java <40:91 40:97>]
LOCAL_SYMBOL: com.github.javaparser.symbolsolver.core.resolution.ContextHelper.resolveTypeVariables<0> [ContextHelper.java <42:90 42:96>]
LOCAL_SYMBOL: com.github.javaparser.symbolsolver.core.resolution.ContextHelper.resolveTypeVariables<0> [ContextHelper.java <44:102 44:108>]
LOCAL_SYMBOL: com.github.javaparser.symbolsolver.core.resolution.ContextHelper.resolveTypeVariables<0> [ContextHelper.java <46:91 46:97>]
LOCAL_SYMBOL: com.github.javaparser.symbolsolver.core.resolution.ContextHelper.resolveTypeVariables<1> [ContextHelper.java <38:80 38:96>]
LOCAL_SYMBOL: com.github.javaparser.symbolsolver.core.resolution.ContextHelper.resolveTypeVariables<1> [ContextHelper.java <39:13 39:29>]
LOCAL_SYMBOL: com.github.javaparser.symbolsolver.core.resolution.ContextHelper.resolveTypeVariables<1> [ContextHelper.java <40:51 40:67>]
LOCAL_SYMBOL: com.github.javaparser.symbolsolver.core.resolution.ContextHelper.resolveTypeVariables<1> [ContextHelper.java <41:20 41:36>]
LOCAL_SYMBOL: com.github.javaparser.symbolsolver.core.resolution.ContextHelper.resolveTypeVariables<1> [ContextHelper.java <42:50 42:66>]
LOCAL_SYMBOL: com.github.javaparser.symbolsolver.core.resolution.ContextHelper.resolveTypeVariables<1> [ContextHelper.java <43:20 43:36>]
LOCAL_SYMBOL: com.github.javaparser.symbolsolver.core.resolution.ContextHelper.resolveTypeVariables<1> [ContextHelper.java <44:62 44:78>]
LOCAL_SYMBOL: com.github.javaparser.symbolsolver.core.resolution.ContextHelper.resolveTypeVariables<1> [ContextHelper.java <45:20 45:36>]
LOCAL_SYMBOL: com.github.javaparser.symbolsolver.core.resolution.ContextHelper.resolveTypeVariables<1> [ContextHelper.java <46:51 46:67>]
LOCAL_SYMBOL: com.github.javaparser.symbolsolver.core.resolution.ContextHelper.resolveTypeVariables<2> [ContextHelper.java <38:110 38:123>]
LOCAL_SYMBOL: com.github.javaparser.symbolsolver.core.resolution.ContextHelper.resolveTypeVariables<2> [ContextHelper.java <40:100 40:113>]
LOCAL_SYMBOL: com.github.javaparser.symbolsolver.core.resolution.ContextHelper.resolveTypeVariables<2> [ContextHelper.java <42:99 42:112>]
LOCAL_SYMBOL: com.github.javaparser.symbolsolver.core.resolution.ContextHelper.resolveTypeVariables<2> [ContextHelper.java <44:111 44:124>]
LOCAL_SYMBOL: com.github.javaparser.symbolsolver.core.resolution.ContextHelper.resolveTypeVariables<2> [ContextHelper.java <46:100 46:113>]
COMMENT: comment [ContextHelper.java <1:1 15:3>]
COMMENT: comment [ContextHelper.java <29:1 31:3>]
COMMENT: comment [ContextHelper.java <35:9 35:32>]
