FILE: ConstructorDeclaration.java
SYMBOL_PACKAGE: com.github.javaparser.symbolsolver.model.declarations [ConstructorDeclaration.java <17:50 17:61>]
QUALIFIER: com.github.javaparser.symbolsolver.model [ConstructorDeclaration.java <17:44 17:48>]
SYMBOL_PACKAGE: com.github.javaparser.symbolsolver.model
QUALIFIER: com.github.javaparser.symbolsolver [ConstructorDeclaration.java <17:31 17:42>]
SYMBOL_PACKAGE: com.github.javaparser.symbolsolver
QUALIFIER: com.github.javaparser [ConstructorDeclaration.java <17:20 17:29>]
SYMBOL_PACKAGE: com.github.javaparser
QUALIFIER: com.github [ConstructorDeclaration.java <17:13 17:18>]
SYMBOL_PACKAGE: com.github
QUALIFIER: com [ConstructorDeclaration.java <17:9 17:11>]
SYMBOL_PACKAGE: com
SYMBOL_INTERFACE: public com.github.javaparser.symbolsolver.model.declarations.ConstructorDeclaration [ConstructorDeclaration.java <24:1 <24:18 24:39> 28:1>]
SYMBOL_METHOD: default com.github.javaparser.symbolsolver.model.declarations.ClassDeclaration com.github.javaparser.symbolsolver.model.declarations.ConstructorDeclaration.declaringType() [ConstructorDeclaration.java <26:5 <26:5 <27:22 27:34> 27:36> 27:37>]
SYMBOL_METHOD: com.github.javaparser.symbolsolver.model.declarations.ReferenceTypeDeclaration com.github.javaparser.symbolsolver.model.declarations.MethodLikeDeclaration.declaringType()
SYMBOL_PACKAGE: java.lang
REFERENCE_INHERITANCE: com.github.javaparser.symbolsolver.model.declarations.ConstructorDeclaration -> com.github.javaparser.symbolsolver.model.declarations.MethodLikeDeclaration [ConstructorDeclaration.java <24:49 24:69>]
REFERENCE_OVERRIDE: com.github.javaparser.symbolsolver.model.declarations.ClassDeclaration com.github.javaparser.symbolsolver.model.declarations.ConstructorDeclaration.declaringType() -> com.github.javaparser.symbolsolver.model.declarations.ReferenceTypeDeclaration com.github.javaparser.symbolsolver.model.declarations.MethodLikeDeclaration.declaringType() [ConstructorDeclaration.java <27:22 27:34>]
REFERENCE_ANNOTATION_USAGE: com.github.javaparser.symbolsolver.model.declarations.ClassDeclaration com.github.javaparser.symbolsolver.model.declarations.ConstructorDeclaration.declaringType() -> java.lang.Override [ConstructorDeclaration.java <26:6 26:13>]
REFERENCE_TYPE_USAGE: com.github.javaparser.symbolsolver.model.declarations.ClassDeclaration com.github.javaparser.symbolsolver.model.declarations.ConstructorDeclaration.declaringType() -> com.github.javaparser.symbolsolver.model.declarations.ClassDeclaration [ConstructorDeclaration.java <27:5 27:20>]
LOCAL_SYMBOL: ConstructorDeclaration.java<24:71> [ConstructorDeclaration.java <24:71 24:71>]
LOCAL_SYMBOL: ConstructorDeclaration.java<24:71> [ConstructorDeclaration.java <28:1 28:1>]
COMMENT: comment [ConstructorDeclaration.java <1:1 15:3>]
COMMENT: comment [ConstructorDeclaration.java <19:1 23:3>]
