FILE: LambdaConstraintType.java
SYMBOL_PACKAGE: com.github.javaparser.symbolsolver.model.typesystem [LambdaConstraintType.java <1:50 1:59>]
QUALIFIER: com.github.javaparser.symbolsolver.model [LambdaConstraintType.java <1:44 1:48>]
SYMBOL_PACKAGE: com.github.javaparser.symbolsolver.model
QUALIFIER: com.github.javaparser.symbolsolver [LambdaConstraintType.java <1:31 1:42>]
SYMBOL_PACKAGE: com.github.javaparser.symbolsolver
QUALIFIER: com.github.javaparser [LambdaConstraintType.java <1:20 1:29>]
SYMBOL_PACKAGE: com.github.javaparser
QUALIFIER: com.github [LambdaConstraintType.java <1:13 1:18>]
SYMBOL_PACKAGE: com.github
QUALIFIER: com [LambdaConstraintType.java <1:9 1:11>]
SYMBOL_PACKAGE: com
QUALIFIER: com.github.javaparser.symbolsolver.model.typesystem.LambdaConstraintType [LambdaConstraintType.java <7:9 7:12>]
SYMBOL_CLASS: public com.github.javaparser.symbolsolver.model.typesystem.LambdaConstraintType [LambdaConstraintType.java <3:1 <3:14 3:33> 37:1>]
SYMBOL_FIELD: default com.github.javaparser.symbolsolver.model.typesystem.Type com.github.javaparser.symbolsolver.model.typesystem.LambdaConstraintType.bound [LambdaConstraintType.java <4:10 4:14>]
SYMBOL_METHOD: public com.github.javaparser.symbolsolver.model.typesystem.LambdaConstraintType.LambdaConstraintType(com.github.javaparser.symbolsolver.model.typesystem.Type) [LambdaConstraintType.java <6:5 <6:5 <6:12 6:31> 6:43> 8:5>]
SYMBOL_METHOD: public java.lang.String com.github.javaparser.symbolsolver.model.typesystem.LambdaConstraintType.describe() [LambdaConstraintType.java <10:5 <10:5 <11:19 11:26> 11:28> 13:5>]
SYMBOL_METHOD: java.lang.String com.github.javaparser.symbolsolver.model.typesystem.Type.describe()
SYMBOL_PACKAGE: java.lang
SYMBOL_METHOD: public com.github.javaparser.symbolsolver.model.typesystem.Type com.github.javaparser.symbolsolver.model.typesystem.LambdaConstraintType.getBound() [LambdaConstraintType.java <15:5 <15:5 <15:17 15:24> 15:26> 17:5>]
SYMBOL_METHOD: public boolean com.github.javaparser.symbolsolver.model.typesystem.LambdaConstraintType.isConstraint() [LambdaConstraintType.java <19:5 <19:5 <20:20 20:31> 20:33> 22:5>]
SYMBOL_METHOD: boolean com.github.javaparser.symbolsolver.model.typesystem.Type.isConstraint()
SYMBOL_BUILTIN_TYPE: boolean
SYMBOL_METHOD: public com.github.javaparser.symbolsolver.model.typesystem.LambdaConstraintType com.github.javaparser.symbolsolver.model.typesystem.LambdaConstraintType.asConstraintType() [LambdaConstraintType.java <24:5 <24:5 <25:33 25:48> 25:50> 27:5>]
SYMBOL_METHOD: com.github.javaparser.symbolsolver.model.typesystem.LambdaConstraintType com.github.javaparser.symbolsolver.model.typesystem.Type.asConstraintType()
SYMBOL_METHOD: public static com.github.javaparser.symbolsolver.model.typesystem.LambdaConstraintType com.github.javaparser.symbolsolver.model.typesystem.LambdaConstraintType.bound(com.github.javaparser.symbolsolver.model.typesystem.Type) [LambdaConstraintType.java <29:5 <29:5 <29:40 29:44> 29:56> 31:5>]
SYMBOL_METHOD: public boolean com.github.javaparser.symbolsolver.model.typesystem.LambdaConstraintType.isAssignableBy(com.github.javaparser.symbolsolver.model.typesystem.Type) [LambdaConstraintType.java <33:5 <33:5 <34:20 34:33> 34:45> 36:5>]
SYMBOL_METHOD: boolean com.github.javaparser.symbolsolver.model.typesystem.Type.isAssignableBy(com.github.javaparser.symbolsolver.model.typesystem.Type)
REFERENCE_INHERITANCE: com.github.javaparser.symbolsolver.model.typesystem.LambdaConstraintType -> com.github.javaparser.symbolsolver.model.typesystem.Type [LambdaConstraintType.java <3:47 3:50>]
REFERENCE_TYPE_USAGE: com.github.javaparser.symbolsolver.model.typesystem.Type com.github.javaparser.symbolsolver.model.typesystem.LambdaConstraintType.bound -> com.github.javaparser.symbolsolver.model.typesystem.Type [LambdaConstraintType.java <4:5 4:8>]
REFERENCE_TYPE_USAGE: com.github.javaparser.symbolsolver.model.typesystem.LambdaConstraintType.LambdaConstraintType(com.github.javaparser.symbolsolver.model.typesystem.Type) -> com.github.javaparser.symbolsolver.model.typesystem.Type [LambdaConstraintType.java <6:33 6:36>]
REFERENCE_USAGE: com.github.javaparser.symbolsolver.model.typesystem.LambdaConstraintType.LambdaConstraintType(com.github.javaparser.symbolsolver.model.typesystem.Type) -> com.github.javaparser.symbolsolver.model.typesystem.Type com.github.javaparser.symbolsolver.model.typesystem.LambdaConstraintType.bound [LambdaConstraintType.java <7:14 7:18>]
REFERENCE_OVERRIDE: java.lang.String com.github.javaparser.symbolsolver.model.typesystem.LambdaConstraintType.describe() -> java.lang.String com.github.javaparser.symbolsolver.model.typesystem.Type.describe() [LambdaConstraintType.java <11:19 11:26>]
REFERENCE_ANNOTATION_USAGE: java.lang.String com.github.javaparser.symbolsolver.model.typesystem.LambdaConstraintType.describe() -> java.lang.Override [LambdaConstraintType.java <10:6 10:13>]
REFERENCE_TYPE_USAGE: java.lang.String com.github.javaparser.symbolsolver.model.typesystem.LambdaConstraintType.describe() -> java.lang.String [LambdaConstraintType.java <11:12 11:17>]
REFERENCE_CALL: java.lang.String com.github.javaparser.symbolsolver.model.typesystem.LambdaConstraintType.describe() -> java.lang.String com.github.javaparser.symbolsolver.model.typesystem.Type.describe() [LambdaConstraintType.java <12:35 12:42>]
REFERENCE_USAGE: java.lang.String com.github.javaparser.symbolsolver.model.typesystem.LambdaConstraintType.describe() -> com.github.javaparser.symbolsolver.model.typesystem.Type com.github.javaparser.symbolsolver.model.typesystem.LambdaConstraintType.bound [LambdaConstraintType.java <12:29 12:33>]
REFERENCE_TYPE_USAGE: com.github.javaparser.symbolsolver.model.typesystem.Type com.github.javaparser.symbolsolver.model.typesystem.LambdaConstraintType.getBound() -> com.github.javaparser.symbolsolver.model.typesystem.Type [LambdaConstraintType.java <15:12 15:15>]
REFERENCE_USAGE: com.github.javaparser.symbolsolver.model.typesystem.Type com.github.javaparser.symbolsolver.model.typesystem.LambdaConstraintType.getBound() -> com.github.javaparser.symbolsolver.model.typesystem.Type com.github.javaparser.symbolsolver.model.typesystem.LambdaConstraintType.bound [LambdaConstraintType.java <16:16 16:20>]
REFERENCE_OVERRIDE: boolean com.github.javaparser.symbolsolver.model.typesystem.LambdaConstraintType.isConstraint() -> boolean com.github.javaparser.symbolsolver.model.typesystem.Type.isConstraint() [LambdaConstraintType.java <20:20 20:31>]
REFERENCE_ANNOTATION_USAGE: boolean com.github.javaparser.symbolsolver.model.typesystem.LambdaConstraintType.isConstraint() -> java.lang.Override [LambdaConstraintType.java <19:6 19:13>]
REFERENCE_TYPE_USAGE: boolean com.github.javaparser.symbolsolver.model.typesystem.LambdaConstraintType.isConstraint() -> boolean [LambdaConstraintType.java <20:12 20:18>]
REFERENCE_OVERRIDE: com.github.javaparser.symbolsolver.model.typesystem.LambdaConstraintType com.github.javaparser.symbolsolver.model.typesystem.LambdaConstraintType.asConstraintType() -> com.github.javaparser.symbolsolver.model.typesystem.LambdaConstraintType com.github.javaparser.symbolsolver.model.typesystem.Type.asConstraintType() [LambdaConstraintType.java <25:33 25:48>]
REFERENCE_ANNOTATION_USAGE: com.github.javaparser.symbolsolver.model.typesystem.LambdaConstraintType com.github.javaparser.symbolsolver.model.typesystem.LambdaConstraintType.asConstraintType() -> java.lang.Override [LambdaConstraintType.java <24:6 24:13>]
REFERENCE_TYPE_USAGE: com.github.javaparser.symbolsolver.model.typesystem.LambdaConstraintType com.github.javaparser.symbolsolver.model.typesystem.LambdaConstraintType.asConstraintType() -> com.github.javaparser.symbolsolver.model.typesystem.LambdaConstraintType [LambdaConstraintType.java <25:12 25:31>]
REFERENCE_TYPE_USAGE: static com.github.javaparser.symbolsolver.model.typesystem.LambdaConstraintType com.github.javaparser.symbolsolver.model.typesystem.LambdaConstraintType.bound(com.github.javaparser.symbolsolver.model.typesystem.Type) -> com.github.javaparser.symbolsolver.model.typesystem.LambdaConstraintType [LambdaConstraintType.java <29:19 29:38>]
REFERENCE_TYPE_USAGE: static com.github.javaparser.symbolsolver.model.typesystem.LambdaConstraintType com.github.javaparser.symbolsolver.model.typesystem.LambdaConstraintType.bound(com.github.javaparser.symbolsolver.model.typesystem.Type) -> com.github.javaparser.symbolsolver.model.typesystem.LambdaConstraintType [LambdaConstraintType.java <30:20 30:39>]
REFERENCE_TYPE_USAGE: static com.github.javaparser.symbolsolver.model.typesystem.LambdaConstraintType com.github.javaparser.symbolsolver.model.typesystem.LambdaConstraintType.bound(com.github.javaparser.symbolsolver.model.typesystem.Type) -> com.github.javaparser.symbolsolver.model.typesystem.Type [LambdaConstraintType.java <29:46 29:49>]
REFERENCE_CALL: static com.github.javaparser.symbolsolver.model.typesystem.LambdaConstraintType com.github.javaparser.symbolsolver.model.typesystem.LambdaConstraintType.bound(com.github.javaparser.symbolsolver.model.typesystem.Type) -> com.github.javaparser.symbolsolver.model.typesystem.LambdaConstraintType.LambdaConstraintType(com.github.javaparser.symbolsolver.model.typesystem.Type) [LambdaConstraintType.java <30:20 30:39>]
REFERENCE_OVERRIDE: boolean com.github.javaparser.symbolsolver.model.typesystem.LambdaConstraintType.isAssignableBy(com.github.javaparser.symbolsolver.model.typesystem.Type) -> boolean com.github.javaparser.symbolsolver.model.typesystem.Type.isAssignableBy(com.github.javaparser.symbolsolver.model.typesystem.Type) [LambdaConstraintType.java <34:20 34:33>]
REFERENCE_ANNOTATION_USAGE: boolean com.github.javaparser.symbolsolver.model.typesystem.LambdaConstraintType.isAssignableBy(com.github.javaparser.symbolsolver.model.typesystem.Type) -> java.lang.Override [LambdaConstraintType.java <33:6 33:13>]
REFERENCE_TYPE_USAGE: boolean com.github.javaparser.symbolsolver.model.typesystem.LambdaConstraintType.isAssignableBy(com.github.javaparser.symbolsolver.model.typesystem.Type) -> boolean [LambdaConstraintType.java <34:12 34:18>]
REFERENCE_TYPE_USAGE: boolean com.github.javaparser.symbolsolver.model.typesystem.LambdaConstraintType.isAssignableBy(com.github.javaparser.symbolsolver.model.typesystem.Type) -> com.github.javaparser.symbolsolver.model.typesystem.Type [LambdaConstraintType.java <34:35 34:38>]
REFERENCE_CALL: boolean com.github.javaparser.symbolsolver.model.typesystem.LambdaConstraintType.isAssignableBy(com.github.javaparser.symbolsolver.model.typesystem.Type) -> boolean com.github.javaparser.symbolsolver.model.typesystem.Type.isAssignableBy(com.github.javaparser.symbolsolver.model.typesystem.Type) [LambdaConstraintType.java <35:22 35:35>]
REFERENCE_USAGE: boolean com.github.javaparser.symbolsolver.model.typesystem.LambdaConstraintType.isAssignableBy(com.github.javaparser.symbolsolver.model.typesystem.Type) -> com.github.javaparser.symbolsolver.model.typesystem.Type com.github.javaparser.symbolsolver.model.typesystem.LambdaConstraintType.bound [LambdaConstraintType.java <35:16 35:20>]
LOCAL_SYMBOL: LambdaConstraintType.java<11:30> [LambdaConstraintType.java <11:30 11:30>]
LOCAL_SYMBOL: LambdaConstraintType.java<11:30> [LambdaConstraintType.java <13:5 13:5>]
LOCAL_SYMBOL: LambdaConstraintType.java<15:28> [LambdaConstraintType.java <15:28 15:28>]
LOCAL_SYMBOL: LambdaConstraintType.java<15:28> [LambdaConstraintType.java <17:5 17:5>]
LOCAL_SYMBOL: LambdaConstraintType.java<20:35> [LambdaConstraintType.java <20:35 20:35>]
LOCAL_SYMBOL: LambdaConstraintType.java<20:35> [LambdaConstraintType.java <22:5 22:5>]
LOCAL_SYMBOL: LambdaConstraintType.java<25:52> [LambdaConstraintType.java <25:52 25:52>]
LOCAL_SYMBOL: LambdaConstraintType.java<25:52> [LambdaConstraintType.java <27:5 27:5>]
LOCAL_SYMBOL: LambdaConstraintType.java<29:57> [LambdaConstraintType.java <29:57 29:57>]
LOCAL_SYMBOL: LambdaConstraintType.java<29:57> [LambdaConstraintType.java <31:5 31:5>]
LOCAL_SYMBOL: LambdaConstraintType.java<34:47> [LambdaConstraintType.java <34:47 34:47>]
LOCAL_SYMBOL: LambdaConstraintType.java<34:47> [LambdaConstraintType.java <36:5 36:5>]
LOCAL_SYMBOL: LambdaConstraintType.java<3:52> [LambdaConstraintType.java <3:52 3:52>]
LOCAL_SYMBOL: LambdaConstraintType.java<3:52> [LambdaConstraintType.java <37:1 37:1>]
LOCAL_SYMBOL: LambdaConstraintType.java<6:45> [LambdaConstraintType.java <6:45 6:45>]
LOCAL_SYMBOL: LambdaConstraintType.java<6:45> [LambdaConstraintType.java <8:5 8:5>]
LOCAL_SYMBOL: com.github.javaparser.symbolsolver.model.typesystem.LambdaConstraintType.LambdaConstraintType<0> [LambdaConstraintType.java <6:38 6:42>]
LOCAL_SYMBOL: com.github.javaparser.symbolsolver.model.typesystem.LambdaConstraintType.LambdaConstraintType<0> [LambdaConstraintType.java <7:22 7:26>]
LOCAL_SYMBOL: com.github.javaparser.symbolsolver.model.typesystem.LambdaConstraintType.bound<0> [LambdaConstraintType.java <29:51 29:55>]
LOCAL_SYMBOL: com.github.javaparser.symbolsolver.model.typesystem.LambdaConstraintType.bound<0> [LambdaConstraintType.java <30:41 30:45>]
LOCAL_SYMBOL: com.github.javaparser.symbolsolver.model.typesystem.LambdaConstraintType.isAssignableBy<0> [LambdaConstraintType.java <34:40 34:44>]
LOCAL_SYMBOL: com.github.javaparser.symbolsolver.model.typesystem.LambdaConstraintType.isAssignableBy<0> [LambdaConstraintType.java <35:37 35:41>]
