FILE: ConfilictingGenericTypesException.java
SYMBOL_PACKAGE: com.github.javaparser.symbolsolver.logic [ConfilictingGenericTypesException.java <1:44 1:48>]
QUALIFIER: com.github.javaparser.symbolsolver [ConfilictingGenericTypesException.java <1:31 1:42>]
QUALIFIER: com.github.javaparser.symbolsolver [ConfilictingGenericTypesException.java <3:30 3:41>]
SYMBOL_PACKAGE: com.github.javaparser.symbolsolver
QUALIFIER: com.github.javaparser [ConfilictingGenericTypesException.java <1:20 1:29>]
QUALIFIER: com.github.javaparser [ConfilictingGenericTypesException.java <3:19 3:28>]
SYMBOL_PACKAGE: com.github.javaparser
QUALIFIER: com.github [ConfilictingGenericTypesException.java <1:13 1:18>]
QUALIFIER: com.github [ConfilictingGenericTypesException.java <3:12 3:17>]
SYMBOL_PACKAGE: com.github
QUALIFIER: com [ConfilictingGenericTypesException.java <1:9 1:11>]
QUALIFIER: com [ConfilictingGenericTypesException.java <3:8 3:10>]
SYMBOL_PACKAGE: com
QUALIFIER: com.github.javaparser.symbolsolver.model.typesystem [ConfilictingGenericTypesException.java <3:49 3:58>]
SYMBOL_PACKAGE: com.github.javaparser.symbolsolver.model.typesystem
QUALIFIER: com.github.javaparser.symbolsolver.model [ConfilictingGenericTypesException.java <3:43 3:47>]
SYMBOL_PACKAGE: com.github.javaparser.symbolsolver.model
SYMBOL_CLASS: public com.github.javaparser.symbolsolver.logic.ConfilictingGenericTypesException [ConfilictingGenericTypesException.java <8:1 <8:14 8:46> 13:1>]
SYMBOL_PACKAGE: java.lang
SYMBOL_METHOD: public com.github.javaparser.symbolsolver.logic.ConfilictingGenericTypesException.ConfilictingGenericTypesException(com.github.javaparser.symbolsolver.model.typesystem.Type, com.github.javaparser.symbolsolver.model.typesystem.Type) [ConfilictingGenericTypesException.java <10:5 <10:5 <10:12 10:44> 10:78> 12:5>]
SYMBOL_METHOD: java.lang.RuntimeException.RuntimeException(java.lang.String)
SYMBOL_METHOD: static java.lang.String java.lang.String.format(java.lang.String, java.lang.Object)
QUALIFIER: java.lang.String [ConfilictingGenericTypesException.java <11:15 11:20>]
REFERENCE_IMPORT: ConfilictingGenericTypesException.java -> com.github.javaparser.symbolsolver.model.typesystem.Type [ConfilictingGenericTypesException.java <3:60 3:63>]
REFERENCE_INHERITANCE: com.github.javaparser.symbolsolver.logic.ConfilictingGenericTypesException -> java.lang.RuntimeException [ConfilictingGenericTypesException.java <8:56 8:71>]
REFERENCE_TYPE_USAGE: com.github.javaparser.symbolsolver.logic.ConfilictingGenericTypesException.ConfilictingGenericTypesException(com.github.javaparser.symbolsolver.model.typesystem.Type, com.github.javaparser.symbolsolver.model.typesystem.Type) -> com.github.javaparser.symbolsolver.model.typesystem.Type [ConfilictingGenericTypesException.java <10:46 10:49>]
REFERENCE_TYPE_USAGE: com.github.javaparser.symbolsolver.logic.ConfilictingGenericTypesException.ConfilictingGenericTypesException(com.github.javaparser.symbolsolver.model.typesystem.Type, com.github.javaparser.symbolsolver.model.typesystem.Type) -> com.github.javaparser.symbolsolver.model.typesystem.Type [ConfilictingGenericTypesException.java <10:63 10:66>]
REFERENCE_CALL: com.github.javaparser.symbolsolver.logic.ConfilictingGenericTypesException.ConfilictingGenericTypesException(com.github.javaparser.symbolsolver.model.typesystem.Type, com.github.javaparser.symbolsolver.model.typesystem.Type) -> java.lang.RuntimeException.RuntimeException(java.lang.String) [ConfilictingGenericTypesException.java <11:9 11:13>]
REFERENCE_CALL: com.github.javaparser.symbolsolver.logic.ConfilictingGenericTypesException.ConfilictingGenericTypesException(com.github.javaparser.symbolsolver.model.typesystem.Type, com.github.javaparser.symbolsolver.model.typesystem.Type) -> static java.lang.String java.lang.String.format(java.lang.String, java.lang.Object) [ConfilictingGenericTypesException.java <11:22 11:27>]
LOCAL_SYMBOL: ConfilictingGenericTypesException.java<10:80> [ConfilictingGenericTypesException.java <10:80 10:80>]
LOCAL_SYMBOL: ConfilictingGenericTypesException.java<10:80> [ConfilictingGenericTypesException.java <12:5 12:5>]
LOCAL_SYMBOL: ConfilictingGenericTypesException.java<8:73> [ConfilictingGenericTypesException.java <8:73 8:73>]
LOCAL_SYMBOL: ConfilictingGenericTypesException.java<8:73> [ConfilictingGenericTypesException.java <13:1 13:1>]
LOCAL_SYMBOL: com.github.javaparser.symbolsolver.logic.ConfilictingGenericTypesException.ConfilictingGenericTypesException<0> [ConfilictingGenericTypesException.java <10:51 10:60>]
LOCAL_SYMBOL: com.github.javaparser.symbolsolver.logic.ConfilictingGenericTypesException.ConfilictingGenericTypesException<0> [ConfilictingGenericTypesException.java <11:80 11:89>]
LOCAL_SYMBOL: com.github.javaparser.symbolsolver.logic.ConfilictingGenericTypesException.ConfilictingGenericTypesException<1> [ConfilictingGenericTypesException.java <10:68 10:77>]
LOCAL_SYMBOL: com.github.javaparser.symbolsolver.logic.ConfilictingGenericTypesException.ConfilictingGenericTypesException<1> [ConfilictingGenericTypesException.java <11:92 11:101>]
COMMENT: comment [ConfilictingGenericTypesException.java <5:1 7:3>]
