FILE: ArrayType.java
SYMBOL_PACKAGE: com.github.javaparser.symbolsolver.model.typesystem [ArrayType.java <17:50 17:59>]
QUALIFIER: com.github.javaparser.symbolsolver.model [ArrayType.java <17:44 17:48>]
QUALIFIER: com.github.javaparser.symbolsolver.model [ArrayType.java <19:43 19:47>]
SYMBOL_PACKAGE: com.github.javaparser.symbolsolver.model
QUALIFIER: com.github.javaparser.symbolsolver [ArrayType.java <17:31 17:42>]
QUALIFIER: com.github.javaparser.symbolsolver [ArrayType.java <19:30 19:41>]
SYMBOL_PACKAGE: com.github.javaparser.symbolsolver
QUALIFIER: com.github.javaparser [ArrayType.java <17:20 17:29>]
QUALIFIER: com.github.javaparser [ArrayType.java <19:19 19:28>]
SYMBOL_PACKAGE: com.github.javaparser
QUALIFIER: com.github [ArrayType.java <17:13 17:18>]
QUALIFIER: com.github [ArrayType.java <19:12 19:17>]
SYMBOL_PACKAGE: com.github
QUALIFIER: com [ArrayType.java <17:9 17:11>]
QUALIFIER: com [ArrayType.java <19:8 19:10>]
SYMBOL_PACKAGE: com
QUALIFIER: com.github.javaparser.symbolsolver.model.declarations [ArrayType.java <19:49 19:60>]
SYMBOL_PACKAGE: com.github.javaparser.symbolsolver.model.declarations
QUALIFIER: java.util [ArrayType.java <21:13 21:16>]
SYMBOL_PACKAGE: java.util
QUALIFIER: java [ArrayType.java <21:8 21:11>]
SYMBOL_PACKAGE: java
QUALIFIER: com.github.javaparser.symbolsolver.model.typesystem.ArrayType [ArrayType.java <33:9 33:12>]
SYMBOL_CLASS: public com.github.javaparser.symbolsolver.model.typesystem.ArrayType [ArrayType.java <28:1 <28:14 28:22> 108:1>]
SYMBOL_FIELD: private com.github.javaparser.symbolsolver.model.typesystem.Type com.github.javaparser.symbolsolver.model.typesystem.ArrayType.baseType [ArrayType.java <30:18 30:25>]
SYMBOL_METHOD: public com.github.javaparser.symbolsolver.model.typesystem.ArrayType.ArrayType(com.github.javaparser.symbolsolver.model.typesystem.Type) [ArrayType.java <32:5 <32:5 <32:12 32:20> 32:35> 34:5>]
SYMBOL_METHOD: public boolean com.github.javaparser.symbolsolver.model.typesystem.ArrayType.equals(java.lang.Object) [ArrayType.java <40:5 <40:5 <41:20 41:25> 41:35> 50:5>]
SYMBOL_METHOD: boolean java.lang.Object.equals(java.lang.Object)
SYMBOL_PACKAGE: java.lang
SYMBOL_BUILTIN_TYPE: boolean
SYMBOL_METHOD: java.lang.Class<?> java.lang.Object.getClass()
SYMBOL_METHOD: public int com.github.javaparser.symbolsolver.model.typesystem.ArrayType.hashCode() [ArrayType.java <52:5 <52:5 <53:16 53:23> 53:25> 55:5>]
SYMBOL_METHOD: int java.lang.Object.hashCode()
SYMBOL_BUILTIN_TYPE: int
SYMBOL_METHOD: public java.lang.String com.github.javaparser.symbolsolver.model.typesystem.ArrayType.toString() [ArrayType.java <57:5 <57:5 <58:19 58:26> 58:28> 60:5>]
SYMBOL_METHOD: java.lang.String java.lang.Object.toString()
SYMBOL_METHOD: public com.github.javaparser.symbolsolver.model.typesystem.ArrayType com.github.javaparser.symbolsolver.model.typesystem.ArrayType.asArrayType() [ArrayType.java <66:5 <66:5 <67:22 67:32> 67:34> 69:5>]
SYMBOL_METHOD: com.github.javaparser.symbolsolver.model.typesystem.ArrayType com.github.javaparser.symbolsolver.model.typesystem.Type.asArrayType()
SYMBOL_METHOD: public boolean com.github.javaparser.symbolsolver.model.typesystem.ArrayType.isArray() [ArrayType.java <71:5 <71:5 <72:20 72:26> 72:28> 74:5>]
SYMBOL_METHOD: boolean com.github.javaparser.symbolsolver.model.typesystem.Type.isArray()
SYMBOL_METHOD: public java.lang.String com.github.javaparser.symbolsolver.model.typesystem.ArrayType.describe() [ArrayType.java <76:5 <76:5 <77:19 77:26> 77:28> 79:5>]
SYMBOL_METHOD: java.lang.String com.github.javaparser.symbolsolver.model.typesystem.Type.describe()
SYMBOL_METHOD: public com.github.javaparser.symbolsolver.model.typesystem.Type com.github.javaparser.symbolsolver.model.typesystem.ArrayType.getComponentType() [ArrayType.java <81:5 <81:5 <81:17 81:32> 81:34> 83:5>]
SYMBOL_METHOD: public boolean com.github.javaparser.symbolsolver.model.typesystem.ArrayType.isAssignableBy(com.github.javaparser.symbolsolver.model.typesystem.Type) [ArrayType.java <85:5 <85:5 <86:20 86:33> 86:45> 96:5>]
SYMBOL_METHOD: boolean com.github.javaparser.symbolsolver.model.typesystem.Type.isAssignableBy(com.github.javaparser.symbolsolver.model.typesystem.Type)
SYMBOL_METHOD: boolean com.github.javaparser.symbolsolver.model.typesystem.Type.isPrimitive()
SYMBOL_METHOD: boolean com.github.javaparser.symbolsolver.model.typesystem.Type.isNull()
SYMBOL_METHOD: public com.github.javaparser.symbolsolver.model.typesystem.Type com.github.javaparser.symbolsolver.model.typesystem.ArrayType.replaceTypeVariables(com.github.javaparser.symbolsolver.model.declarations.TypeParameterDeclaration, com.github.javaparser.symbolsolver.model.typesystem.Type, java.util.Map<com.github.javaparser.symbolsolver.model.declarations.TypeParameterDeclaration, com.github.javaparser.symbolsolver.model.typesystem.Type>) [ArrayType.java <98:5 <98:5 <99:17 99:36> 99:140> 106:5>]
SYMBOL_METHOD: com.github.javaparser.symbolsolver.model.typesystem.Type com.github.javaparser.symbolsolver.model.typesystem.Type.replaceTypeVariables(com.github.javaparser.symbolsolver.model.declarations.TypeParameterDeclaration, com.github.javaparser.symbolsolver.model.typesystem.Type, java.util.Map<com.github.javaparser.symbolsolver.model.declarations.TypeParameterDeclaration, com.github.javaparser.symbolsolver.model.typesystem.Type>)
REFERENCE_IMPORT: ArrayType.java -> com.github.javaparser.symbolsolver.model.declarations.TypeParameterDeclaration [ArrayType.java <19:62 19:85>]
REFERENCE_IMPORT: ArrayType.java -> java.util.Map<K, V> [ArrayType.java <21:18 21:20>]
REFERENCE_INHERITANCE: com.github.javaparser.symbolsolver.model.typesystem.ArrayType -> com.github.javaparser.symbolsolver.model.typesystem.Type [ArrayType.java <28:35 28:38>]
REFERENCE_TYPE_USAGE: com.github.javaparser.symbolsolver.model.typesystem.Type com.github.javaparser.symbolsolver.model.typesystem.ArrayType.baseType -> com.github.javaparser.symbolsolver.model.typesystem.Type [ArrayType.java <30:13 30:16>]
REFERENCE_TYPE_USAGE: com.github.javaparser.symbolsolver.model.typesystem.ArrayType.ArrayType(com.github.javaparser.symbolsolver.model.typesystem.Type) -> com.github.javaparser.symbolsolver.model.typesystem.Type [ArrayType.java <32:22 32:25>]
REFERENCE_USAGE: com.github.javaparser.symbolsolver.model.typesystem.ArrayType.ArrayType(com.github.javaparser.symbolsolver.model.typesystem.Type) -> com.github.javaparser.symbolsolver.model.typesystem.Type com.github.javaparser.symbolsolver.model.typesystem.ArrayType.baseType [ArrayType.java <33:14 33:21>]
REFERENCE_OVERRIDE: boolean com.github.javaparser.symbolsolver.model.typesystem.ArrayType.equals(java.lang.Object) -> boolean java.lang.Object.equals(java.lang.Object) [ArrayType.java <41:20 41:25>]
REFERENCE_ANNOTATION_USAGE: boolean com.github.javaparser.symbolsolver.model.typesystem.ArrayType.equals(java.lang.Object) -> java.lang.Override [ArrayType.java <40:6 40:13>]
REFERENCE_TYPE_USAGE: boolean com.github.javaparser.symbolsolver.model.typesystem.ArrayType.equals(java.lang.Object) -> boolean [ArrayType.java <41:12 41:18>]
REFERENCE_TYPE_USAGE: boolean com.github.javaparser.symbolsolver.model.typesystem.ArrayType.equals(java.lang.Object) -> java.lang.Object [ArrayType.java <41:27 41:32>]
REFERENCE_CALL: boolean com.github.javaparser.symbolsolver.model.typesystem.ArrayType.equals(java.lang.Object) -> java.lang.Class<?> java.lang.Object.getClass() [ArrayType.java <43:26 43:33>]
REFERENCE_CALL: boolean com.github.javaparser.symbolsolver.model.typesystem.ArrayType.equals(java.lang.Object) -> java.lang.Class<?> java.lang.Object.getClass() [ArrayType.java <43:42 43:49>]
REFERENCE_TYPE_USAGE: boolean com.github.javaparser.symbolsolver.model.typesystem.ArrayType.equals(java.lang.Object) -> com.github.javaparser.symbolsolver.model.typesystem.ArrayType [ArrayType.java <45:9 45:17>]
REFERENCE_TYPE_USAGE: boolean com.github.javaparser.symbolsolver.model.typesystem.ArrayType.equals(java.lang.Object) -> com.github.javaparser.symbolsolver.model.typesystem.ArrayType [ArrayType.java <45:27 45:35>]
REFERENCE_CALL: boolean com.github.javaparser.symbolsolver.model.typesystem.ArrayType.equals(java.lang.Object) -> boolean java.lang.Object.equals(java.lang.Object) [ArrayType.java <47:23 47:28>]
REFERENCE_USAGE: boolean com.github.javaparser.symbolsolver.model.typesystem.ArrayType.equals(java.lang.Object) -> com.github.javaparser.symbolsolver.model.typesystem.Type com.github.javaparser.symbolsolver.model.typesystem.ArrayType.baseType [ArrayType.java <47:14 47:21>]
REFERENCE_USAGE: boolean com.github.javaparser.symbolsolver.model.typesystem.ArrayType.equals(java.lang.Object) -> com.github.javaparser.symbolsolver.model.typesystem.Type com.github.javaparser.symbolsolver.model.typesystem.ArrayType.baseType [ArrayType.java <47:35 47:42>]
REFERENCE_OVERRIDE: int com.github.javaparser.symbolsolver.model.typesystem.ArrayType.hashCode() -> int java.lang.Object.hashCode() [ArrayType.java <53:16 53:23>]
REFERENCE_ANNOTATION_USAGE: int com.github.javaparser.symbolsolver.model.typesystem.ArrayType.hashCode() -> java.lang.Override [ArrayType.java <52:6 52:13>]
REFERENCE_TYPE_USAGE: int com.github.javaparser.symbolsolver.model.typesystem.ArrayType.hashCode() -> int [ArrayType.java <53:12 53:14>]
REFERENCE_CALL: int com.github.javaparser.symbolsolver.model.typesystem.ArrayType.hashCode() -> int java.lang.Object.hashCode() [ArrayType.java <54:25 54:32>]
REFERENCE_USAGE: int com.github.javaparser.symbolsolver.model.typesystem.ArrayType.hashCode() -> com.github.javaparser.symbolsolver.model.typesystem.Type com.github.javaparser.symbolsolver.model.typesystem.ArrayType.baseType [ArrayType.java <54:16 54:23>]
REFERENCE_OVERRIDE: java.lang.String com.github.javaparser.symbolsolver.model.typesystem.ArrayType.toString() -> java.lang.String java.lang.Object.toString() [ArrayType.java <58:19 58:26>]
REFERENCE_ANNOTATION_USAGE: java.lang.String com.github.javaparser.symbolsolver.model.typesystem.ArrayType.toString() -> java.lang.Override [ArrayType.java <57:6 57:13>]
REFERENCE_TYPE_USAGE: java.lang.String com.github.javaparser.symbolsolver.model.typesystem.ArrayType.toString() -> java.lang.String [ArrayType.java <58:12 58:17>]
REFERENCE_USAGE: java.lang.String com.github.javaparser.symbolsolver.model.typesystem.ArrayType.toString() -> com.github.javaparser.symbolsolver.model.typesystem.Type com.github.javaparser.symbolsolver.model.typesystem.ArrayType.baseType [ArrayType.java <59:36 59:43>]
REFERENCE_OVERRIDE: com.github.javaparser.symbolsolver.model.typesystem.ArrayType com.github.javaparser.symbolsolver.model.typesystem.ArrayType.asArrayType() -> com.github.javaparser.symbolsolver.model.typesystem.ArrayType com.github.javaparser.symbolsolver.model.typesystem.Type.asArrayType() [ArrayType.java <67:22 67:32>]
REFERENCE_ANNOTATION_USAGE: com.github.javaparser.symbolsolver.model.typesystem.ArrayType com.github.javaparser.symbolsolver.model.typesystem.ArrayType.asArrayType() -> java.lang.Override [ArrayType.java <66:6 66:13>]
REFERENCE_TYPE_USAGE: com.github.javaparser.symbolsolver.model.typesystem.ArrayType com.github.javaparser.symbolsolver.model.typesystem.ArrayType.asArrayType() -> com.github.javaparser.symbolsolver.model.typesystem.ArrayType [ArrayType.java <67:12 67:20>]
REFERENCE_OVERRIDE: boolean com.github.javaparser.symbolsolver.model.typesystem.ArrayType.isArray() -> boolean com.github.javaparser.symbolsolver.model.typesystem.Type.isArray() [ArrayType.java <72:20 72:26>]
REFERENCE_ANNOTATION_USAGE: boolean com.github.javaparser.symbolsolver.model.typesystem.ArrayType.isArray() -> java.lang.Override [ArrayType.java <71:6 71:13>]
REFERENCE_TYPE_USAGE: boolean com.github.javaparser.symbolsolver.model.typesystem.ArrayType.isArray() -> boolean [ArrayType.java <72:12 72:18>]
REFERENCE_OVERRIDE: java.lang.String com.github.javaparser.symbolsolver.model.typesystem.ArrayType.describe() -> java.lang.String com.github.javaparser.symbolsolver.model.typesystem.Type.describe() [ArrayType.java <77:19 77:26>]
REFERENCE_ANNOTATION_USAGE: java.lang.String com.github.javaparser.symbolsolver.model.typesystem.ArrayType.describe() -> java.lang.Override [ArrayType.java <76:6 76:13>]
REFERENCE_TYPE_USAGE: java.lang.String com.github.javaparser.symbolsolver.model.typesystem.ArrayType.describe() -> java.lang.String [ArrayType.java <77:12 77:17>]
REFERENCE_CALL: java.lang.String com.github.javaparser.symbolsolver.model.typesystem.ArrayType.describe() -> java.lang.String com.github.javaparser.symbolsolver.model.typesystem.Type.describe() [ArrayType.java <78:25 78:32>]
REFERENCE_USAGE: java.lang.String com.github.javaparser.symbolsolver.model.typesystem.ArrayType.describe() -> com.github.javaparser.symbolsolver.model.typesystem.Type com.github.javaparser.symbolsolver.model.typesystem.ArrayType.baseType [ArrayType.java <78:16 78:23>]
REFERENCE_TYPE_USAGE: com.github.javaparser.symbolsolver.model.typesystem.Type com.github.javaparser.symbolsolver.model.typesystem.ArrayType.getComponentType() -> com.github.javaparser.symbolsolver.model.typesystem.Type [ArrayType.java <81:12 81:15>]
REFERENCE_USAGE: com.github.javaparser.symbolsolver.model.typesystem.Type com.github.javaparser.symbolsolver.model.typesystem.ArrayType.getComponentType() -> com.github.javaparser.symbolsolver.model.typesystem.Type com.github.javaparser.symbolsolver.model.typesystem.ArrayType.baseType [ArrayType.java <82:16 82:23>]
REFERENCE_OVERRIDE: boolean com.github.javaparser.symbolsolver.model.typesystem.ArrayType.isAssignableBy(com.github.javaparser.symbolsolver.model.typesystem.Type) -> boolean com.github.javaparser.symbolsolver.model.typesystem.Type.isAssignableBy(com.github.javaparser.symbolsolver.model.typesystem.Type) [ArrayType.java <86:20 86:33>]
REFERENCE_ANNOTATION_USAGE: boolean com.github.javaparser.symbolsolver.model.typesystem.ArrayType.isAssignableBy(com.github.javaparser.symbolsolver.model.typesystem.Type) -> java.lang.Override [ArrayType.java <85:6 85:13>]
REFERENCE_TYPE_USAGE: boolean com.github.javaparser.symbolsolver.model.typesystem.ArrayType.isAssignableBy(com.github.javaparser.symbolsolver.model.typesystem.Type) -> boolean [ArrayType.java <86:12 86:18>]
REFERENCE_TYPE_USAGE: boolean com.github.javaparser.symbolsolver.model.typesystem.ArrayType.isAssignableBy(com.github.javaparser.symbolsolver.model.typesystem.Type) -> com.github.javaparser.symbolsolver.model.typesystem.Type [ArrayType.java <86:35 86:38>]
REFERENCE_CALL: boolean com.github.javaparser.symbolsolver.model.typesystem.ArrayType.isAssignableBy(com.github.javaparser.symbolsolver.model.typesystem.Type) -> boolean com.github.javaparser.symbolsolver.model.typesystem.Type.isArray() [ArrayType.java <87:19 87:25>]
REFERENCE_CALL: boolean com.github.javaparser.symbolsolver.model.typesystem.ArrayType.isAssignableBy(com.github.javaparser.symbolsolver.model.typesystem.Type) -> boolean com.github.javaparser.symbolsolver.model.typesystem.Type.isPrimitive() [ArrayType.java <88:26 88:36>]
REFERENCE_CALL: boolean com.github.javaparser.symbolsolver.model.typesystem.ArrayType.isAssignableBy(com.github.javaparser.symbolsolver.model.typesystem.Type) -> boolean com.github.javaparser.symbolsolver.model.typesystem.Type.isPrimitive() [ArrayType.java <88:82 88:92>]
REFERENCE_USAGE: boolean com.github.javaparser.symbolsolver.model.typesystem.ArrayType.isAssignableBy(com.github.javaparser.symbolsolver.model.typesystem.Type) -> com.github.javaparser.symbolsolver.model.typesystem.Type com.github.javaparser.symbolsolver.model.typesystem.ArrayType.baseType [ArrayType.java <88:17 88:24>]
REFERENCE_USAGE: boolean com.github.javaparser.symbolsolver.model.typesystem.ArrayType.isAssignableBy(com.github.javaparser.symbolsolver.model.typesystem.Type) -> com.github.javaparser.symbolsolver.model.typesystem.Type com.github.javaparser.symbolsolver.model.typesystem.ArrayType.baseType [ArrayType.java <89:22 89:29>]
REFERENCE_USAGE: boolean com.github.javaparser.symbolsolver.model.typesystem.ArrayType.isAssignableBy(com.github.javaparser.symbolsolver.model.typesystem.Type) -> com.github.javaparser.symbolsolver.model.typesystem.Type com.github.javaparser.symbolsolver.model.typesystem.ArrayType.baseType [ArrayType.java <91:20 91:27>]
REFERENCE_CALL: boolean com.github.javaparser.symbolsolver.model.typesystem.ArrayType.isAssignableBy(com.github.javaparser.symbolsolver.model.typesystem.Type) -> com.github.javaparser.symbolsolver.model.typesystem.Type com.github.javaparser.symbolsolver.model.typesystem.ArrayType.getComponentType() [ArrayType.java <88:63 88:78>]
REFERENCE_CALL: boolean com.github.javaparser.symbolsolver.model.typesystem.ArrayType.isAssignableBy(com.github.javaparser.symbolsolver.model.typesystem.Type) -> com.github.javaparser.symbolsolver.model.typesystem.Type com.github.javaparser.symbolsolver.model.typesystem.ArrayType.getComponentType() [ArrayType.java <89:58 89:73>]
REFERENCE_CALL: boolean com.github.javaparser.symbolsolver.model.typesystem.ArrayType.isAssignableBy(com.github.javaparser.symbolsolver.model.typesystem.Type) -> com.github.javaparser.symbolsolver.model.typesystem.Type com.github.javaparser.symbolsolver.model.typesystem.ArrayType.getComponentType() [ArrayType.java <91:64 91:79>]
REFERENCE_CALL: boolean com.github.javaparser.symbolsolver.model.typesystem.ArrayType.isAssignableBy(com.github.javaparser.symbolsolver.model.typesystem.Type) -> com.github.javaparser.symbolsolver.model.typesystem.ArrayType com.github.javaparser.symbolsolver.model.typesystem.Type.asArrayType() [ArrayType.java <88:49 88:59>]
REFERENCE_CALL: boolean com.github.javaparser.symbolsolver.model.typesystem.ArrayType.isAssignableBy(com.github.javaparser.symbolsolver.model.typesystem.Type) -> com.github.javaparser.symbolsolver.model.typesystem.ArrayType com.github.javaparser.symbolsolver.model.typesystem.Type.asArrayType() [ArrayType.java <89:44 89:54>]
REFERENCE_CALL: boolean com.github.javaparser.symbolsolver.model.typesystem.ArrayType.isAssignableBy(com.github.javaparser.symbolsolver.model.typesystem.Type) -> com.github.javaparser.symbolsolver.model.typesystem.ArrayType com.github.javaparser.symbolsolver.model.typesystem.Type.asArrayType() [ArrayType.java <91:50 91:60>]
REFERENCE_CALL: boolean com.github.javaparser.symbolsolver.model.typesystem.ArrayType.isAssignableBy(com.github.javaparser.symbolsolver.model.typesystem.Type) -> boolean java.lang.Object.equals(java.lang.Object) [ArrayType.java <89:31 89:36>]
REFERENCE_CALL: boolean com.github.javaparser.symbolsolver.model.typesystem.ArrayType.isAssignableBy(com.github.javaparser.symbolsolver.model.typesystem.Type) -> boolean com.github.javaparser.symbolsolver.model.typesystem.Type.isAssignableBy(com.github.javaparser.symbolsolver.model.typesystem.Type) [ArrayType.java <91:29 91:42>]
REFERENCE_CALL: boolean com.github.javaparser.symbolsolver.model.typesystem.ArrayType.isAssignableBy(com.github.javaparser.symbolsolver.model.typesystem.Type) -> boolean com.github.javaparser.symbolsolver.model.typesystem.Type.isNull() [ArrayType.java <92:26 92:31>]
REFERENCE_OVERRIDE: com.github.javaparser.symbolsolver.model.typesystem.Type com.github.javaparser.symbolsolver.model.typesystem.ArrayType.replaceTypeVariables(com.github.javaparser.symbolsolver.model.declarations.TypeParameterDeclaration, com.github.javaparser.symbolsolver.model.typesystem.Type, java.util.Map<com.github.javaparser.symbolsolver.model.declarations.TypeParameterDeclaration, com.github.javaparser.symbolsolver.model.typesystem.Type>) -> com.github.javaparser.symbolsolver.model.typesystem.Type com.github.javaparser.symbolsolver.model.typesystem.Type.replaceTypeVariables(com.github.javaparser.symbolsolver.model.declarations.TypeParameterDeclaration, com.github.javaparser.symbolsolver.model.typesystem.Type, java.util.Map<com.github.javaparser.symbolsolver.model.declarations.TypeParameterDeclaration, com.github.javaparser.symbolsolver.model.typesystem.Type>) [ArrayType.java <99:17 99:36>]
REFERENCE_ANNOTATION_USAGE: com.github.javaparser.symbolsolver.model.typesystem.Type com.github.javaparser.symbolsolver.model.typesystem.ArrayType.replaceTypeVariables(com.github.javaparser.symbolsolver.model.declarations.TypeParameterDeclaration, com.github.javaparser.symbolsolver.model.typesystem.Type, java.util.Map<com.github.javaparser.symbolsolver.model.declarations.TypeParameterDeclaration, com.github.javaparser.symbolsolver.model.typesystem.Type>) -> java.lang.Override [ArrayType.java <98:6 98:13>]
REFERENCE_TYPE_USAGE: com.github.javaparser.symbolsolver.model.typesystem.Type com.github.javaparser.symbolsolver.model.typesystem.ArrayType.replaceTypeVariables(com.github.javaparser.symbolsolver.model.declarations.TypeParameterDeclaration, com.github.javaparser.symbolsolver.model.typesystem.Type, java.util.Map<com.github.javaparser.symbolsolver.model.declarations.TypeParameterDeclaration, com.github.javaparser.symbolsolver.model.typesystem.Type>) -> com.github.javaparser.symbolsolver.model.typesystem.Type [ArrayType.java <99:12 99:15>]
REFERENCE_TYPE_USAGE: com.github.javaparser.symbolsolver.model.typesystem.Type com.github.javaparser.symbolsolver.model.typesystem.ArrayType.replaceTypeVariables(com.github.javaparser.symbolsolver.model.declarations.TypeParameterDeclaration, com.github.javaparser.symbolsolver.model.typesystem.Type, java.util.Map<com.github.javaparser.symbolsolver.model.declarations.TypeParameterDeclaration, com.github.javaparser.symbolsolver.model.typesystem.Type>) -> com.github.javaparser.symbolsolver.model.typesystem.Type [ArrayType.java <99:76 99:79>]
REFERENCE_TYPE_USAGE: com.github.javaparser.symbolsolver.model.typesystem.Type com.github.javaparser.symbolsolver.model.typesystem.ArrayType.replaceTypeVariables(com.github.javaparser.symbolsolver.model.declarations.TypeParameterDeclaration, com.github.javaparser.symbolsolver.model.typesystem.Type, java.util.Map<com.github.javaparser.symbolsolver.model.declarations.TypeParameterDeclaration, com.github.javaparser.symbolsolver.model.typesystem.Type>) -> com.github.javaparser.symbolsolver.model.typesystem.Type [ArrayType.java <99:121 99:124>]
REFERENCE_TYPE_USAGE: com.github.javaparser.symbolsolver.model.typesystem.Type com.github.javaparser.symbolsolver.model.typesystem.ArrayType.replaceTypeVariables(com.github.javaparser.symbolsolver.model.declarations.TypeParameterDeclaration, com.github.javaparser.symbolsolver.model.typesystem.Type, java.util.Map<com.github.javaparser.symbolsolver.model.declarations.TypeParameterDeclaration, com.github.javaparser.symbolsolver.model.typesystem.Type>) -> com.github.javaparser.symbolsolver.model.typesystem.Type [ArrayType.java <100:9 100:12>]
REFERENCE_TYPE_USAGE: com.github.javaparser.symbolsolver.model.typesystem.Type com.github.javaparser.symbolsolver.model.typesystem.ArrayType.replaceTypeVariables(com.github.javaparser.symbolsolver.model.declarations.TypeParameterDeclaration, com.github.javaparser.symbolsolver.model.typesystem.Type, java.util.Map<com.github.javaparser.symbolsolver.model.declarations.TypeParameterDeclaration, com.github.javaparser.symbolsolver.model.typesystem.Type>) -> com.github.javaparser.symbolsolver.model.declarations.TypeParameterDeclaration [ArrayType.java <99:38 99:61>]
REFERENCE_TYPE_USAGE: com.github.javaparser.symbolsolver.model.typesystem.Type com.github.javaparser.symbolsolver.model.typesystem.ArrayType.replaceTypeVariables(com.github.javaparser.symbolsolver.model.declarations.TypeParameterDeclaration, com.github.javaparser.symbolsolver.model.typesystem.Type, java.util.Map<com.github.javaparser.symbolsolver.model.declarations.TypeParameterDeclaration, com.github.javaparser.symbolsolver.model.typesystem.Type>) -> com.github.javaparser.symbolsolver.model.declarations.TypeParameterDeclaration [ArrayType.java <99:95 99:118>]
REFERENCE_TYPE_ARGUMENT: java.util.Map<K, V> -> com.github.javaparser.symbolsolver.model.declarations.TypeParameterDeclaration [ArrayType.java <99:95 99:118>]
REFERENCE_TYPE_ARGUMENT: java.util.Map<K, V> -> com.github.javaparser.symbolsolver.model.typesystem.Type [ArrayType.java <99:121 99:124>]
REFERENCE_TYPE_USAGE: com.github.javaparser.symbolsolver.model.typesystem.Type com.github.javaparser.symbolsolver.model.typesystem.ArrayType.replaceTypeVariables(com.github.javaparser.symbolsolver.model.declarations.TypeParameterDeclaration, com.github.javaparser.symbolsolver.model.typesystem.Type, java.util.Map<com.github.javaparser.symbolsolver.model.declarations.TypeParameterDeclaration, com.github.javaparser.symbolsolver.model.typesystem.Type>) -> java.util.Map<K, V> [ArrayType.java <99:91 99:93>]
REFERENCE_CALL: com.github.javaparser.symbolsolver.model.typesystem.Type com.github.javaparser.symbolsolver.model.typesystem.ArrayType.replaceTypeVariables(com.github.javaparser.symbolsolver.model.declarations.TypeParameterDeclaration, com.github.javaparser.symbolsolver.model.typesystem.Type, java.util.Map<com.github.javaparser.symbolsolver.model.declarations.TypeParameterDeclaration, com.github.javaparser.symbolsolver.model.typesystem.Type>) -> com.github.javaparser.symbolsolver.model.typesystem.Type com.github.javaparser.symbolsolver.model.typesystem.Type.replaceTypeVariables(com.github.javaparser.symbolsolver.model.declarations.TypeParameterDeclaration, com.github.javaparser.symbolsolver.model.typesystem.Type, java.util.Map<com.github.javaparser.symbolsolver.model.declarations.TypeParameterDeclaration, com.github.javaparser.symbolsolver.model.typesystem.Type>) [ArrayType.java <100:42 100:61>]
REFERENCE_USAGE: com.github.javaparser.symbolsolver.model.typesystem.Type com.github.javaparser.symbolsolver.model.typesystem.ArrayType.replaceTypeVariables(com.github.javaparser.symbolsolver.model.declarations.TypeParameterDeclaration, com.github.javaparser.symbolsolver.model.typesystem.Type, java.util.Map<com.github.javaparser.symbolsolver.model.declarations.TypeParameterDeclaration, com.github.javaparser.symbolsolver.model.typesystem.Type>) -> com.github.javaparser.symbolsolver.model.typesystem.Type com.github.javaparser.symbolsolver.model.typesystem.ArrayType.baseType [ArrayType.java <100:33 100:40>]
REFERENCE_USAGE: com.github.javaparser.symbolsolver.model.typesystem.Type com.github.javaparser.symbolsolver.model.typesystem.ArrayType.replaceTypeVariables(com.github.javaparser.symbolsolver.model.declarations.TypeParameterDeclaration, com.github.javaparser.symbolsolver.model.typesystem.Type, java.util.Map<com.github.javaparser.symbolsolver.model.declarations.TypeParameterDeclaration, com.github.javaparser.symbolsolver.model.typesystem.Type>) -> com.github.javaparser.symbolsolver.model.typesystem.Type com.github.javaparser.symbolsolver.model.typesystem.ArrayType.baseType [ArrayType.java <101:33 101:40>]
REFERENCE_CALL: com.github.javaparser.symbolsolver.model.typesystem.Type com.github.javaparser.symbolsolver.model.typesystem.ArrayType.replaceTypeVariables(com.github.javaparser.symbolsolver.model.declarations.TypeParameterDeclaration, com.github.javaparser.symbolsolver.model.typesystem.Type, java.util.Map<com.github.javaparser.symbolsolver.model.declarations.TypeParameterDeclaration, com.github.javaparser.symbolsolver.model.typesystem.Type>) -> com.github.javaparser.symbolsolver.model.typesystem.ArrayType.ArrayType(com.github.javaparser.symbolsolver.model.typesystem.Type) [ArrayType.java <104:24 104:32>]
REFERENCE_TYPE_USAGE: com.github.javaparser.symbolsolver.model.typesystem.Type com.github.javaparser.symbolsolver.model.typesystem.ArrayType.replaceTypeVariables(com.github.javaparser.symbolsolver.model.declarations.TypeParameterDeclaration, com.github.javaparser.symbolsolver.model.typesystem.Type, java.util.Map<com.github.javaparser.symbolsolver.model.declarations.TypeParameterDeclaration, com.github.javaparser.symbolsolver.model.typesystem.Type>) -> com.github.javaparser.symbolsolver.model.typesystem.ArrayType [ArrayType.java <104:24 104:32>]
LOCAL_SYMBOL: ArrayType.java<101:43> [ArrayType.java <101:43 101:43>]
LOCAL_SYMBOL: ArrayType.java<101:43> [ArrayType.java <103:9 103:9>]
LOCAL_SYMBOL: ArrayType.java<103:16> [ArrayType.java <103:16 103:16>]
LOCAL_SYMBOL: ArrayType.java<103:16> [ArrayType.java <105:9 105:9>]
LOCAL_SYMBOL: ArrayType.java<28:40> [ArrayType.java <28:40 28:40>]
LOCAL_SYMBOL: ArrayType.java<28:40> [ArrayType.java <108:1 108:1>]
LOCAL_SYMBOL: ArrayType.java<32:37> [ArrayType.java <32:37 32:37>]
LOCAL_SYMBOL: ArrayType.java<32:37> [ArrayType.java <34:5 34:5>]
LOCAL_SYMBOL: ArrayType.java<41:37> [ArrayType.java <41:37 41:37>]
LOCAL_SYMBOL: ArrayType.java<41:37> [ArrayType.java <50:5 50:5>]
LOCAL_SYMBOL: ArrayType.java<53:27> [ArrayType.java <53:27 53:27>]
LOCAL_SYMBOL: ArrayType.java<53:27> [ArrayType.java <55:5 55:5>]
LOCAL_SYMBOL: ArrayType.java<58:30> [ArrayType.java <58:30 58:30>]
LOCAL_SYMBOL: ArrayType.java<58:30> [ArrayType.java <60:5 60:5>]
LOCAL_SYMBOL: ArrayType.java<67:36> [ArrayType.java <67:36 67:36>]
LOCAL_SYMBOL: ArrayType.java<67:36> [ArrayType.java <69:5 69:5>]
LOCAL_SYMBOL: ArrayType.java<72:30> [ArrayType.java <72:30 72:30>]
LOCAL_SYMBOL: ArrayType.java<72:30> [ArrayType.java <74:5 74:5>]
LOCAL_SYMBOL: ArrayType.java<77:30> [ArrayType.java <77:30 77:30>]
LOCAL_SYMBOL: ArrayType.java<77:30> [ArrayType.java <79:5 79:5>]
LOCAL_SYMBOL: ArrayType.java<81:36> [ArrayType.java <81:36 81:36>]
LOCAL_SYMBOL: ArrayType.java<81:36> [ArrayType.java <83:5 83:5>]
LOCAL_SYMBOL: ArrayType.java<86:47> [ArrayType.java <86:47 86:47>]
LOCAL_SYMBOL: ArrayType.java<86:47> [ArrayType.java <96:5 96:5>]
LOCAL_SYMBOL: ArrayType.java<87:30> [ArrayType.java <87:30 87:30>]
LOCAL_SYMBOL: ArrayType.java<87:30> [ArrayType.java <92:9 92:9>]
LOCAL_SYMBOL: ArrayType.java<88:97> [ArrayType.java <88:97 88:97>]
LOCAL_SYMBOL: ArrayType.java<88:97> [ArrayType.java <90:13 90:13>]
LOCAL_SYMBOL: ArrayType.java<92:36> [ArrayType.java <92:36 92:36>]
LOCAL_SYMBOL: ArrayType.java<92:36> [ArrayType.java <94:9 94:9>]
LOCAL_SYMBOL: ArrayType.java<99:142> [ArrayType.java <99:142 99:142>]
LOCAL_SYMBOL: ArrayType.java<99:142> [ArrayType.java <106:5 106:5>]
LOCAL_SYMBOL: com.github.javaparser.symbolsolver.model.typesystem.ArrayType.ArrayType<0> [ArrayType.java <32:27 32:34>]
LOCAL_SYMBOL: com.github.javaparser.symbolsolver.model.typesystem.ArrayType.ArrayType<0> [ArrayType.java <33:25 33:32>]
LOCAL_SYMBOL: com.github.javaparser.symbolsolver.model.typesystem.ArrayType.equals<0> [ArrayType.java <41:34 41:34>]
LOCAL_SYMBOL: com.github.javaparser.symbolsolver.model.typesystem.ArrayType.equals<0> [ArrayType.java <42:21 42:21>]
LOCAL_SYMBOL: com.github.javaparser.symbolsolver.model.typesystem.ArrayType.equals<0> [ArrayType.java <43:13 43:13>]
LOCAL_SYMBOL: com.github.javaparser.symbolsolver.model.typesystem.ArrayType.equals<0> [ArrayType.java <43:40 43:40>]
LOCAL_SYMBOL: com.github.javaparser.symbolsolver.model.typesystem.ArrayType.equals<0> [ArrayType.java <45:38 45:38>]
LOCAL_SYMBOL: com.github.javaparser.symbolsolver.model.typesystem.ArrayType.equals<1> [ArrayType.java <45:19 45:22>]
LOCAL_SYMBOL: com.github.javaparser.symbolsolver.model.typesystem.ArrayType.equals<1> [ArrayType.java <47:30 47:33>]
LOCAL_SYMBOL: com.github.javaparser.symbolsolver.model.typesystem.ArrayType.isAssignableBy<0> [ArrayType.java <86:40 86:44>]
LOCAL_SYMBOL: com.github.javaparser.symbolsolver.model.typesystem.ArrayType.isAssignableBy<0> [ArrayType.java <87:13 87:17>]
LOCAL_SYMBOL: com.github.javaparser.symbolsolver.model.typesystem.ArrayType.isAssignableBy<0> [ArrayType.java <88:43 88:47>]
LOCAL_SYMBOL: com.github.javaparser.symbolsolver.model.typesystem.ArrayType.isAssignableBy<0> [ArrayType.java <89:38 89:42>]
LOCAL_SYMBOL: com.github.javaparser.symbolsolver.model.typesystem.ArrayType.isAssignableBy<0> [ArrayType.java <91:44 91:48>]
LOCAL_SYMBOL: com.github.javaparser.symbolsolver.model.typesystem.ArrayType.isAssignableBy<0> [ArrayType.java <92:20 92:24>]
LOCAL_SYMBOL: com.github.javaparser.symbolsolver.model.typesystem.ArrayType.replaceTypeVariables<0> [ArrayType.java <99:63 99:73>]
LOCAL_SYMBOL: com.github.javaparser.symbolsolver.model.typesystem.ArrayType.replaceTypeVariables<0> [ArrayType.java <100:63 100:73>]
LOCAL_SYMBOL: com.github.javaparser.symbolsolver.model.typesystem.ArrayType.replaceTypeVariables<1> [ArrayType.java <99:81 99:88>]
LOCAL_SYMBOL: com.github.javaparser.symbolsolver.model.typesystem.ArrayType.replaceTypeVariables<1> [ArrayType.java <100:76 100:83>]
LOCAL_SYMBOL: com.github.javaparser.symbolsolver.model.typesystem.ArrayType.replaceTypeVariables<2> [ArrayType.java <99:127 99:139>]
LOCAL_SYMBOL: com.github.javaparser.symbolsolver.model.typesystem.ArrayType.replaceTypeVariables<2> [ArrayType.java <100:86 100:98>]
LOCAL_SYMBOL: com.github.javaparser.symbolsolver.model.typesystem.ArrayType.replaceTypeVariables<3> [ArrayType.java <100:14 100:29>]
LOCAL_SYMBOL: com.github.javaparser.symbolsolver.model.typesystem.ArrayType.replaceTypeVariables<3> [ArrayType.java <101:13 101:28>]
LOCAL_SYMBOL: com.github.javaparser.symbolsolver.model.typesystem.ArrayType.replaceTypeVariables<3> [ArrayType.java <104:34 104:49>]
COMMENT: comment [ArrayType.java <1:1 15:3>]
COMMENT: comment [ArrayType.java <23:1 27:3>]
COMMENT: comment [ArrayType.java <36:5 36:7>]
COMMENT: comment [ArrayType.java <37:5 37:22>]
COMMENT: comment [ArrayType.java <38:5 38:7>]
COMMENT: comment [ArrayType.java <62:5 62:7>]
COMMENT: comment [ArrayType.java <63:5 63:20>]
COMMENT: comment [ArrayType.java <64:5 64:7>]
