FILE: FieldDeclaration.java
SYMBOL_PACKAGE: com.github.javaparser.symbolsolver.model.declarations [FieldDeclaration.java <17:50 17:61>]
QUALIFIER: com.github.javaparser.symbolsolver.model [FieldDeclaration.java <17:44 17:48>]
SYMBOL_PACKAGE: com.github.javaparser.symbolsolver.model
QUALIFIER: com.github.javaparser.symbolsolver [FieldDeclaration.java <17:31 17:42>]
SYMBOL_PACKAGE: com.github.javaparser.symbolsolver
QUALIFIER: com.github.javaparser [FieldDeclaration.java <17:20 17:29>]
SYMBOL_PACKAGE: com.github.javaparser
QUALIFIER: com.github [FieldDeclaration.java <17:13 17:18>]
SYMBOL_PACKAGE: com.github
QUALIFIER: com [FieldDeclaration.java <17:9 17:11>]
SYMBOL_PACKAGE: com
SYMBOL_INTERFACE: public com.github.javaparser.symbolsolver.model.declarations.FieldDeclaration [FieldDeclaration.java <24:1 <24:18 24:33> 46:1>]
SYMBOL_METHOD: default boolean com.github.javaparser.symbolsolver.model.declarations.FieldDeclaration.isStatic() [FieldDeclaration.java <29:1 <29:1 <29:13 29:20> 29:22> 29:23>]
SYMBOL_BUILTIN_TYPE: boolean
SYMBOL_METHOD: default boolean com.github.javaparser.symbolsolver.model.declarations.FieldDeclaration.isField() [FieldDeclaration.java <31:5 <31:5 <32:21 32:27> 32:29> 34:5>]
SYMBOL_METHOD: boolean com.github.javaparser.symbolsolver.model.declarations.Declaration.isField()
SYMBOL_PACKAGE: java.lang
SYMBOL_METHOD: default com.github.javaparser.symbolsolver.model.declarations.FieldDeclaration com.github.javaparser.symbolsolver.model.declarations.FieldDeclaration.asField() [FieldDeclaration.java <36:5 <36:5 <37:30 37:36> 37:38> 39:5>]
SYMBOL_METHOD: com.github.javaparser.symbolsolver.model.declarations.FieldDeclaration com.github.javaparser.symbolsolver.model.declarations.Declaration.asField()
SYMBOL_METHOD: default com.github.javaparser.symbolsolver.model.declarations.TypeDeclaration com.github.javaparser.symbolsolver.model.declarations.FieldDeclaration.declaringType() [FieldDeclaration.java <44:1 <44:1 <44:21 44:33> 44:35> 44:36>]
REFERENCE_INHERITANCE: com.github.javaparser.symbolsolver.model.declarations.FieldDeclaration -> com.github.javaparser.symbolsolver.model.declarations.ValueDeclaration [FieldDeclaration.java <24:43 24:58>]
REFERENCE_INHERITANCE: com.github.javaparser.symbolsolver.model.declarations.FieldDeclaration -> com.github.javaparser.symbolsolver.model.declarations.HasAccessLevel [FieldDeclaration.java <24:61 24:74>]
REFERENCE_TYPE_USAGE: boolean com.github.javaparser.symbolsolver.model.declarations.FieldDeclaration.isStatic() -> boolean [FieldDeclaration.java <29:5 29:11>]
REFERENCE_OVERRIDE: boolean com.github.javaparser.symbolsolver.model.declarations.FieldDeclaration.isField() -> boolean com.github.javaparser.symbolsolver.model.declarations.Declaration.isField() [FieldDeclaration.java <32:21 32:27>]
REFERENCE_ANNOTATION_USAGE: boolean com.github.javaparser.symbolsolver.model.declarations.FieldDeclaration.isField() -> java.lang.Override [FieldDeclaration.java <31:6 31:13>]
REFERENCE_TYPE_USAGE: boolean com.github.javaparser.symbolsolver.model.declarations.FieldDeclaration.isField() -> boolean [FieldDeclaration.java <32:13 32:19>]
REFERENCE_OVERRIDE: com.github.javaparser.symbolsolver.model.declarations.FieldDeclaration com.github.javaparser.symbolsolver.model.declarations.FieldDeclaration.asField() -> com.github.javaparser.symbolsolver.model.declarations.FieldDeclaration com.github.javaparser.symbolsolver.model.declarations.Declaration.asField() [FieldDeclaration.java <37:30 37:36>]
REFERENCE_ANNOTATION_USAGE: com.github.javaparser.symbolsolver.model.declarations.FieldDeclaration com.github.javaparser.symbolsolver.model.declarations.FieldDeclaration.asField() -> java.lang.Override [FieldDeclaration.java <36:6 36:13>]
REFERENCE_TYPE_USAGE: com.github.javaparser.symbolsolver.model.declarations.FieldDeclaration com.github.javaparser.symbolsolver.model.declarations.FieldDeclaration.asField() -> com.github.javaparser.symbolsolver.model.declarations.FieldDeclaration [FieldDeclaration.java <37:13 37:28>]
REFERENCE_TYPE_USAGE: com.github.javaparser.symbolsolver.model.declarations.TypeDeclaration com.github.javaparser.symbolsolver.model.declarations.FieldDeclaration.declaringType() -> com.github.javaparser.symbolsolver.model.declarations.TypeDeclaration [FieldDeclaration.java <44:5 44:19>]
LOCAL_SYMBOL: FieldDeclaration.java<24:76> [FieldDeclaration.java <24:76 24:76>]
LOCAL_SYMBOL: FieldDeclaration.java<24:76> [FieldDeclaration.java <46:1 46:1>]
LOCAL_SYMBOL: FieldDeclaration.java<32:31> [FieldDeclaration.java <32:31 32:31>]
LOCAL_SYMBOL: FieldDeclaration.java<32:31> [FieldDeclaration.java <34:5 34:5>]
LOCAL_SYMBOL: FieldDeclaration.java<37:40> [FieldDeclaration.java <37:40 37:40>]
LOCAL_SYMBOL: FieldDeclaration.java<37:40> [FieldDeclaration.java <39:5 39:5>]
COMMENT: comment [FieldDeclaration.java <1:1 15:3>]
COMMENT: comment [FieldDeclaration.java <19:1 23:3>]
COMMENT: comment [FieldDeclaration.java <26:5 28:7>]
COMMENT: comment [FieldDeclaration.java <41:5 43:7>]
