FILE: JavaParserParameterDeclaration.java
SYMBOL_PACKAGE: com.github.javaparser.symbolsolver.javaparsermodel.declarations [JavaParserParameterDeclaration.java <17:60 17:71>]
QUALIFIER: com.github.javaparser.symbolsolver.javaparsermodel [JavaParserParameterDeclaration.java <17:44 17:58>]
QUALIFIER: com.github.javaparser.symbolsolver.javaparsermodel [JavaParserParameterDeclaration.java <20:43 20:57>]
SYMBOL_PACKAGE: com.github.javaparser.symbolsolver.javaparsermodel
QUALIFIER: com.github.javaparser.symbolsolver [JavaParserParameterDeclaration.java <17:31 17:42>]
QUALIFIER: com.github.javaparser.symbolsolver [JavaParserParameterDeclaration.java <20:30 20:41>]
QUALIFIER: com.github.javaparser.symbolsolver [JavaParserParameterDeclaration.java <21:30 21:41>]
QUALIFIER: com.github.javaparser.symbolsolver [JavaParserParameterDeclaration.java <22:30 22:41>]
QUALIFIER: com.github.javaparser.symbolsolver [JavaParserParameterDeclaration.java <23:30 23:41>]
QUALIFIER: com.github.javaparser.symbolsolver [JavaParserParameterDeclaration.java <24:30 24:41>]
SYMBOL_PACKAGE: com.github.javaparser.symbolsolver
QUALIFIER: com.github.javaparser [JavaParserParameterDeclaration.java <17:20 17:29>]
QUALIFIER: com.github.javaparser [JavaParserParameterDeclaration.java <19:19 19:28>]
QUALIFIER: com.github.javaparser [JavaParserParameterDeclaration.java <20:19 20:28>]
QUALIFIER: com.github.javaparser [JavaParserParameterDeclaration.java <21:19 21:28>]
QUALIFIER: com.github.javaparser [JavaParserParameterDeclaration.java <22:19 22:28>]
QUALIFIER: com.github.javaparser [JavaParserParameterDeclaration.java <23:19 23:28>]
QUALIFIER: com.github.javaparser [JavaParserParameterDeclaration.java <24:19 24:28>]
SYMBOL_PACKAGE: com.github.javaparser
QUALIFIER: com.github [JavaParserParameterDeclaration.java <17:13 17:18>]
QUALIFIER: com.github [JavaParserParameterDeclaration.java <19:12 19:17>]
QUALIFIER: com.github [JavaParserParameterDeclaration.java <20:12 20:17>]
QUALIFIER: com.github [JavaParserParameterDeclaration.java <21:12 21:17>]
QUALIFIER: com.github [JavaParserParameterDeclaration.java <22:12 22:17>]
QUALIFIER: com.github [JavaParserParameterDeclaration.java <23:12 23:17>]
QUALIFIER: com.github [JavaParserParameterDeclaration.java <24:12 24:17>]
SYMBOL_PACKAGE: com.github
QUALIFIER: com [JavaParserParameterDeclaration.java <17:9 17:11>]
QUALIFIER: com [JavaParserParameterDeclaration.java <19:8 19:10>]
QUALIFIER: com [JavaParserParameterDeclaration.java <20:8 20:10>]
QUALIFIER: com [JavaParserParameterDeclaration.java <21:8 21:10>]
QUALIFIER: com [JavaParserParameterDeclaration.java <22:8 22:10>]
QUALIFIER: com [JavaParserParameterDeclaration.java <23:8 23:10>]
QUALIFIER: com [JavaParserParameterDeclaration.java <24:8 24:10>]
SYMBOL_PACKAGE: com
QUALIFIER: com.github.javaparser.ast.body [JavaParserParameterDeclaration.java <19:34 19:37>]
SYMBOL_PACKAGE: com.github.javaparser.ast.body
QUALIFIER: com.github.javaparser.ast [JavaParserParameterDeclaration.java <19:30 19:32>]
SYMBOL_PACKAGE: com.github.javaparser.ast
QUALIFIER: com.github.javaparser.symbolsolver.javaparsermodel.JavaParserFacade [JavaParserParameterDeclaration.java <66:20 66:35>]
QUALIFIER: com.github.javaparser.symbolsolver.model.declarations [JavaParserParameterDeclaration.java <21:49 21:60>]
SYMBOL_PACKAGE: com.github.javaparser.symbolsolver.model.declarations
QUALIFIER: com.github.javaparser.symbolsolver.model [JavaParserParameterDeclaration.java <21:43 21:47>]
QUALIFIER: com.github.javaparser.symbolsolver.model [JavaParserParameterDeclaration.java <22:43 22:47>]
QUALIFIER: com.github.javaparser.symbolsolver.model [JavaParserParameterDeclaration.java <23:43 23:47>]
QUALIFIER: com.github.javaparser.symbolsolver.model [JavaParserParameterDeclaration.java <24:43 24:47>]
SYMBOL_PACKAGE: com.github.javaparser.symbolsolver.model
QUALIFIER: com.github.javaparser.symbolsolver.model.resolution [JavaParserParameterDeclaration.java <22:49 22:58>]
SYMBOL_PACKAGE: com.github.javaparser.symbolsolver.model.resolution
QUALIFIER: com.github.javaparser.symbolsolver.model.typesystem [JavaParserParameterDeclaration.java <23:49 23:58>]
QUALIFIER: com.github.javaparser.symbolsolver.model.typesystem [JavaParserParameterDeclaration.java <24:49 24:58>]
SYMBOL_PACKAGE: com.github.javaparser.symbolsolver.model.typesystem
QUALIFIER: com.github.javaparser.symbolsolver.javaparsermodel.declarations.JavaParserParameterDeclaration [JavaParserParameterDeclaration.java <35:9 35:12>]
QUALIFIER: com.github.javaparser.symbolsolver.javaparsermodel.declarations.JavaParserParameterDeclaration [JavaParserParameterDeclaration.java <36:9 36:12>]
SYMBOL_CLASS: public com.github.javaparser.symbolsolver.javaparsermodel.declarations.JavaParserParameterDeclaration [JavaParserParameterDeclaration.java <29:1 <29:14 29:43> 88:1>]
SYMBOL_FIELD: private com.github.javaparser.ast.body.Parameter com.github.javaparser.symbolsolver.javaparsermodel.declarations.JavaParserParameterDeclaration.wrappedNode [JavaParserParameterDeclaration.java <31:23 31:33>]
SYMBOL_FIELD: private com.github.javaparser.symbolsolver.model.resolution.TypeSolver com.github.javaparser.symbolsolver.javaparsermodel.declarations.JavaParserParameterDeclaration.typeSolver [JavaParserParameterDeclaration.java <32:24 32:33>]
SYMBOL_METHOD: public com.github.javaparser.symbolsolver.javaparsermodel.declarations.JavaParserParameterDeclaration.JavaParserParameterDeclaration(com.github.javaparser.ast.body.Parameter, com.github.javaparser.symbolsolver.model.resolution.TypeSolver) [JavaParserParameterDeclaration.java <34:5 <34:5 <34:12 34:41> 34:87> 37:5>]
SYMBOL_METHOD: public java.lang.String com.github.javaparser.symbolsolver.javaparsermodel.declarations.JavaParserParameterDeclaration.getName() [JavaParserParameterDeclaration.java <39:5 <39:5 <40:19 40:25> 40:27> 42:5>]
SYMBOL_METHOD: java.lang.String com.github.javaparser.symbolsolver.model.declarations.Declaration.getName()
SYMBOL_PACKAGE: java.lang
SYMBOL_METHOD: java.lang.String com.github.javaparser.ast.nodeTypes.NodeWithIdentifier<N>.getId()
SYMBOL_METHOD: com.github.javaparser.ast.expr.SimpleName com.github.javaparser.ast.body.Parameter.getName()
SYMBOL_METHOD: public boolean com.github.javaparser.symbolsolver.javaparsermodel.declarations.JavaParserParameterDeclaration.isField() [JavaParserParameterDeclaration.java <44:5 <44:5 <45:20 45:26> 45:28> 47:5>]
SYMBOL_METHOD: boolean com.github.javaparser.symbolsolver.model.declarations.Declaration.isField()
SYMBOL_BUILTIN_TYPE: boolean
SYMBOL_METHOD: public boolean com.github.javaparser.symbolsolver.javaparsermodel.declarations.JavaParserParameterDeclaration.isParameter() [JavaParserParameterDeclaration.java <49:5 <49:5 <50:20 50:30> 50:32> 52:5>]
SYMBOL_METHOD: boolean com.github.javaparser.symbolsolver.model.declarations.ParameterDeclaration.isParameter()
SYMBOL_METHOD: public boolean com.github.javaparser.symbolsolver.javaparsermodel.declarations.JavaParserParameterDeclaration.isVariadic() [JavaParserParameterDeclaration.java <54:5 <54:5 <55:20 55:29> 55:31> 57:5>]
SYMBOL_METHOD: boolean com.github.javaparser.symbolsolver.model.declarations.ParameterDeclaration.isVariadic()
SYMBOL_METHOD: boolean com.github.javaparser.ast.body.Parameter.isVarArgs()
SYMBOL_METHOD: public boolean com.github.javaparser.symbolsolver.javaparsermodel.declarations.JavaParserParameterDeclaration.isType() [JavaParserParameterDeclaration.java <59:5 <59:5 <60:20 60:25> 60:27> 62:5>]
SYMBOL_METHOD: boolean com.github.javaparser.symbolsolver.model.declarations.Declaration.isType()
SYMBOL_METHOD: java.lang.UnsupportedOperationException.UnsupportedOperationException()
SYMBOL_METHOD: public com.github.javaparser.symbolsolver.model.typesystem.Type com.github.javaparser.symbolsolver.javaparsermodel.declarations.JavaParserParameterDeclaration.getType() [JavaParserParameterDeclaration.java <64:5 <64:5 <65:17 65:23> 65:25> 71:5>]
SYMBOL_METHOD: com.github.javaparser.symbolsolver.model.typesystem.Type com.github.javaparser.symbolsolver.model.declarations.ValueDeclaration.getType()
SYMBOL_METHOD: com.github.javaparser.symbolsolver.model.typesystem.Type com.github.javaparser.symbolsolver.javaparsermodel.JavaParserFacade.convert(com.github.javaparser.ast.type.Type, com.github.javaparser.ast.Node)
SYMBOL_METHOD: static com.github.javaparser.symbolsolver.javaparsermodel.JavaParserFacade com.github.javaparser.symbolsolver.javaparsermodel.JavaParserFacade.get(com.github.javaparser.symbolsolver.model.resolution.TypeSolver)
SYMBOL_METHOD: com.github.javaparser.ast.type.Type com.github.javaparser.ast.body.Parameter.getType()
SYMBOL_METHOD: com.github.javaparser.symbolsolver.model.typesystem.ArrayType.ArrayType(com.github.javaparser.symbolsolver.model.typesystem.Type)
SYMBOL_METHOD: public com.github.javaparser.symbolsolver.model.declarations.ParameterDeclaration com.github.javaparser.symbolsolver.javaparsermodel.declarations.JavaParserParameterDeclaration.asParameter() [JavaParserParameterDeclaration.java <73:5 <73:5 <74:33 74:43> 74:45> 76:5>]
SYMBOL_METHOD: com.github.javaparser.symbolsolver.model.declarations.ParameterDeclaration com.github.javaparser.symbolsolver.model.declarations.ParameterDeclaration.asParameter()
SYMBOL_METHOD: public com.github.javaparser.ast.body.Parameter com.github.javaparser.symbolsolver.javaparsermodel.declarations.JavaParserParameterDeclaration.getWrappedNode() [JavaParserParameterDeclaration.java <83:1 <83:1 <83:22 83:35> 83:37> 85:5>]
REFERENCE_IMPORT: JavaParserParameterDeclaration.java -> com.github.javaparser.ast.body.Parameter [JavaParserParameterDeclaration.java <19:39 19:47>]
REFERENCE_IMPORT: JavaParserParameterDeclaration.java -> com.github.javaparser.symbolsolver.javaparsermodel.JavaParserFacade [JavaParserParameterDeclaration.java <20:59 20:74>]
REFERENCE_IMPORT: JavaParserParameterDeclaration.java -> com.github.javaparser.symbolsolver.model.declarations.ParameterDeclaration [JavaParserParameterDeclaration.java <21:62 21:81>]
REFERENCE_IMPORT: JavaParserParameterDeclaration.java -> com.github.javaparser.symbolsolver.model.resolution.TypeSolver [JavaParserParameterDeclaration.java <22:60 22:69>]
REFERENCE_IMPORT: JavaParserParameterDeclaration.java -> com.github.javaparser.symbolsolver.model.typesystem.ArrayType [JavaParserParameterDeclaration.java <23:60 23:68>]
REFERENCE_IMPORT: JavaParserParameterDeclaration.java -> com.github.javaparser.symbolsolver.model.typesystem.Type [JavaParserParameterDeclaration.java <24:60 24:63>]
REFERENCE_INHERITANCE: com.github.javaparser.symbolsolver.javaparsermodel.declarations.JavaParserParameterDeclaration -> com.github.javaparser.symbolsolver.model.declarations.ParameterDeclaration [JavaParserParameterDeclaration.java <29:56 29:75>]
REFERENCE_TYPE_USAGE: com.github.javaparser.ast.body.Parameter com.github.javaparser.symbolsolver.javaparsermodel.declarations.JavaParserParameterDeclaration.wrappedNode -> com.github.javaparser.ast.body.Parameter [JavaParserParameterDeclaration.java <31:13 31:21>]
REFERENCE_TYPE_USAGE: com.github.javaparser.symbolsolver.model.resolution.TypeSolver com.github.javaparser.symbolsolver.javaparsermodel.declarations.JavaParserParameterDeclaration.typeSolver -> com.github.javaparser.symbolsolver.model.resolution.TypeSolver [JavaParserParameterDeclaration.java <32:13 32:22>]
REFERENCE_TYPE_USAGE: com.github.javaparser.symbolsolver.javaparsermodel.declarations.JavaParserParameterDeclaration.JavaParserParameterDeclaration(com.github.javaparser.ast.body.Parameter, com.github.javaparser.symbolsolver.model.resolution.TypeSolver) -> com.github.javaparser.ast.body.Parameter [JavaParserParameterDeclaration.java <34:43 34:51>]
REFERENCE_TYPE_USAGE: com.github.javaparser.symbolsolver.javaparsermodel.declarations.JavaParserParameterDeclaration.JavaParserParameterDeclaration(com.github.javaparser.ast.body.Parameter, com.github.javaparser.symbolsolver.model.resolution.TypeSolver) -> com.github.javaparser.symbolsolver.model.resolution.TypeSolver [JavaParserParameterDeclaration.java <34:66 34:75>]
REFERENCE_USAGE: com.github.javaparser.symbolsolver.javaparsermodel.declarations.JavaParserParameterDeclaration.JavaParserParameterDeclaration(com.github.javaparser.ast.body.Parameter, com.github.javaparser.symbolsolver.model.resolution.TypeSolver) -> com.github.javaparser.ast.body.Parameter com.github.javaparser.symbolsolver.javaparsermodel.declarations.JavaParserParameterDeclaration.wrappedNode [JavaParserParameterDeclaration.java <35:14 35:24>]
REFERENCE_USAGE: com.github.javaparser.symbolsolver.javaparsermodel.declarations.JavaParserParameterDeclaration.JavaParserParameterDeclaration(com.github.javaparser.ast.body.Parameter, com.github.javaparser.symbolsolver.model.resolution.TypeSolver) -> com.github.javaparser.symbolsolver.model.resolution.TypeSolver com.github.javaparser.symbolsolver.javaparsermodel.declarations.JavaParserParameterDeclaration.typeSolver [JavaParserParameterDeclaration.java <36:14 36:23>]
REFERENCE_OVERRIDE: java.lang.String com.github.javaparser.symbolsolver.javaparsermodel.declarations.JavaParserParameterDeclaration.getName() -> java.lang.String com.github.javaparser.symbolsolver.model.declarations.Declaration.getName() [JavaParserParameterDeclaration.java <40:19 40:25>]
REFERENCE_ANNOTATION_USAGE: java.lang.String com.github.javaparser.symbolsolver.javaparsermodel.declarations.JavaParserParameterDeclaration.getName() -> java.lang.Override [JavaParserParameterDeclaration.java <39:6 39:13>]
REFERENCE_TYPE_USAGE: java.lang.String com.github.javaparser.symbolsolver.javaparsermodel.declarations.JavaParserParameterDeclaration.getName() -> java.lang.String [JavaParserParameterDeclaration.java <40:12 40:17>]
REFERENCE_CALL: java.lang.String com.github.javaparser.symbolsolver.javaparsermodel.declarations.JavaParserParameterDeclaration.getName() -> java.lang.String com.github.javaparser.ast.nodeTypes.NodeWithIdentifier<N>.getId() [JavaParserParameterDeclaration.java <41:38 41:42>]
REFERENCE_CALL: java.lang.String com.github.javaparser.symbolsolver.javaparsermodel.declarations.JavaParserParameterDeclaration.getName() -> com.github.javaparser.ast.expr.SimpleName com.github.javaparser.ast.body.Parameter.getName() [JavaParserParameterDeclaration.java <41:28 41:34>]
REFERENCE_USAGE: java.lang.String com.github.javaparser.symbolsolver.javaparsermodel.declarations.JavaParserParameterDeclaration.getName() -> com.github.javaparser.ast.body.Parameter com.github.javaparser.symbolsolver.javaparsermodel.declarations.JavaParserParameterDeclaration.wrappedNode [JavaParserParameterDeclaration.java <41:16 41:26>]
REFERENCE_OVERRIDE: boolean com.github.javaparser.symbolsolver.javaparsermodel.declarations.JavaParserParameterDeclaration.isField() -> boolean com.github.javaparser.symbolsolver.model.declarations.Declaration.isField() [JavaParserParameterDeclaration.java <45:20 45:26>]
REFERENCE_ANNOTATION_USAGE: boolean com.github.javaparser.symbolsolver.javaparsermodel.declarations.JavaParserParameterDeclaration.isField() -> java.lang.Override [JavaParserParameterDeclaration.java <44:6 44:13>]
REFERENCE_TYPE_USAGE: boolean com.github.javaparser.symbolsolver.javaparsermodel.declarations.JavaParserParameterDeclaration.isField() -> boolean [JavaParserParameterDeclaration.java <45:12 45:18>]
REFERENCE_OVERRIDE: boolean com.github.javaparser.symbolsolver.javaparsermodel.declarations.JavaParserParameterDeclaration.isParameter() -> boolean com.github.javaparser.symbolsolver.model.declarations.ParameterDeclaration.isParameter() [JavaParserParameterDeclaration.java <50:20 50:30>]
REFERENCE_ANNOTATION_USAGE: boolean com.github.javaparser.symbolsolver.javaparsermodel.declarations.JavaParserParameterDeclaration.isParameter() -> java.lang.Override [JavaParserParameterDeclaration.java <49:6 49:13>]
REFERENCE_TYPE_USAGE: boolean com.github.javaparser.symbolsolver.javaparsermodel.declarations.JavaParserParameterDeclaration.isParameter() -> boolean [JavaParserParameterDeclaration.java <50:12 50:18>]
REFERENCE_OVERRIDE: boolean com.github.javaparser.symbolsolver.javaparsermodel.declarations.JavaParserParameterDeclaration.isVariadic() -> boolean com.github.javaparser.symbolsolver.model.declarations.ParameterDeclaration.isVariadic() [JavaParserParameterDeclaration.java <55:20 55:29>]
REFERENCE_ANNOTATION_USAGE: boolean com.github.javaparser.symbolsolver.javaparsermodel.declarations.JavaParserParameterDeclaration.isVariadic() -> java.lang.Override [JavaParserParameterDeclaration.java <54:6 54:13>]
REFERENCE_TYPE_USAGE: boolean com.github.javaparser.symbolsolver.javaparsermodel.declarations.JavaParserParameterDeclaration.isVariadic() -> boolean [JavaParserParameterDeclaration.java <55:12 55:18>]
REFERENCE_CALL: boolean com.github.javaparser.symbolsolver.javaparsermodel.declarations.JavaParserParameterDeclaration.isVariadic() -> boolean com.github.javaparser.ast.body.Parameter.isVarArgs() [JavaParserParameterDeclaration.java <56:28 56:36>]
REFERENCE_USAGE: boolean com.github.javaparser.symbolsolver.javaparsermodel.declarations.JavaParserParameterDeclaration.isVariadic() -> com.github.javaparser.ast.body.Parameter com.github.javaparser.symbolsolver.javaparsermodel.declarations.JavaParserParameterDeclaration.wrappedNode [JavaParserParameterDeclaration.java <56:16 56:26>]
REFERENCE_OVERRIDE: boolean com.github.javaparser.symbolsolver.javaparsermodel.declarations.JavaParserParameterDeclaration.isType() -> boolean com.github.javaparser.symbolsolver.model.declarations.Declaration.isType() [JavaParserParameterDeclaration.java <60:20 60:25>]
REFERENCE_ANNOTATION_USAGE: boolean com.github.javaparser.symbolsolver.javaparsermodel.declarations.JavaParserParameterDeclaration.isType() -> java.lang.Override [JavaParserParameterDeclaration.java <59:6 59:13>]
REFERENCE_TYPE_USAGE: boolean com.github.javaparser.symbolsolver.javaparsermodel.declarations.JavaParserParameterDeclaration.isType() -> boolean [JavaParserParameterDeclaration.java <60:12 60:18>]
REFERENCE_CALL: boolean com.github.javaparser.symbolsolver.javaparsermodel.declarations.JavaParserParameterDeclaration.isType() -> java.lang.UnsupportedOperationException.UnsupportedOperationException() [JavaParserParameterDeclaration.java <61:19 61:47>]
REFERENCE_TYPE_USAGE: boolean com.github.javaparser.symbolsolver.javaparsermodel.declarations.JavaParserParameterDeclaration.isType() -> java.lang.UnsupportedOperationException [JavaParserParameterDeclaration.java <61:19 61:47>]
REFERENCE_OVERRIDE: com.github.javaparser.symbolsolver.model.typesystem.Type com.github.javaparser.symbolsolver.javaparsermodel.declarations.JavaParserParameterDeclaration.getType() -> com.github.javaparser.symbolsolver.model.typesystem.Type com.github.javaparser.symbolsolver.model.declarations.ValueDeclaration.getType() [JavaParserParameterDeclaration.java <65:17 65:23>]
REFERENCE_ANNOTATION_USAGE: com.github.javaparser.symbolsolver.model.typesystem.Type com.github.javaparser.symbolsolver.javaparsermodel.declarations.JavaParserParameterDeclaration.getType() -> java.lang.Override [JavaParserParameterDeclaration.java <64:6 64:13>]
REFERENCE_TYPE_USAGE: com.github.javaparser.symbolsolver.model.typesystem.Type com.github.javaparser.symbolsolver.javaparsermodel.declarations.JavaParserParameterDeclaration.getType() -> com.github.javaparser.symbolsolver.model.typesystem.Type [JavaParserParameterDeclaration.java <65:12 65:15>]
REFERENCE_TYPE_USAGE: com.github.javaparser.symbolsolver.model.typesystem.Type com.github.javaparser.symbolsolver.javaparsermodel.declarations.JavaParserParameterDeclaration.getType() -> com.github.javaparser.symbolsolver.model.typesystem.Type [JavaParserParameterDeclaration.java <66:9 66:12>]
REFERENCE_CALL: com.github.javaparser.symbolsolver.model.typesystem.Type com.github.javaparser.symbolsolver.javaparsermodel.declarations.JavaParserParameterDeclaration.getType() -> com.github.javaparser.symbolsolver.model.typesystem.Type com.github.javaparser.symbolsolver.javaparsermodel.JavaParserFacade.convert(com.github.javaparser.ast.type.Type, com.github.javaparser.ast.Node) [JavaParserParameterDeclaration.java <66:53 66:59>]
REFERENCE_CALL: com.github.javaparser.symbolsolver.model.typesystem.Type com.github.javaparser.symbolsolver.javaparsermodel.declarations.JavaParserParameterDeclaration.getType() -> static com.github.javaparser.symbolsolver.javaparsermodel.JavaParserFacade com.github.javaparser.symbolsolver.javaparsermodel.JavaParserFacade.get(com.github.javaparser.symbolsolver.model.resolution.TypeSolver) [JavaParserParameterDeclaration.java <66:37 66:39>]
REFERENCE_USAGE: com.github.javaparser.symbolsolver.model.typesystem.Type com.github.javaparser.symbolsolver.javaparsermodel.declarations.JavaParserParameterDeclaration.getType() -> com.github.javaparser.symbolsolver.model.resolution.TypeSolver com.github.javaparser.symbolsolver.javaparsermodel.declarations.JavaParserParameterDeclaration.typeSolver [JavaParserParameterDeclaration.java <66:41 66:50>]
REFERENCE_CALL: com.github.javaparser.symbolsolver.model.typesystem.Type com.github.javaparser.symbolsolver.javaparsermodel.declarations.JavaParserParameterDeclaration.getType() -> com.github.javaparser.ast.type.Type com.github.javaparser.ast.body.Parameter.getType() [JavaParserParameterDeclaration.java <66:73 66:79>]
REFERENCE_USAGE: com.github.javaparser.symbolsolver.model.typesystem.Type com.github.javaparser.symbolsolver.javaparsermodel.declarations.JavaParserParameterDeclaration.getType() -> com.github.javaparser.ast.body.Parameter com.github.javaparser.symbolsolver.javaparsermodel.declarations.JavaParserParameterDeclaration.wrappedNode [JavaParserParameterDeclaration.java <66:61 66:71>]
REFERENCE_USAGE: com.github.javaparser.symbolsolver.model.typesystem.Type com.github.javaparser.symbolsolver.javaparsermodel.declarations.JavaParserParameterDeclaration.getType() -> com.github.javaparser.ast.body.Parameter com.github.javaparser.symbolsolver.javaparsermodel.declarations.JavaParserParameterDeclaration.wrappedNode [JavaParserParameterDeclaration.java <66:84 66:94>]
REFERENCE_CALL: com.github.javaparser.symbolsolver.model.typesystem.Type com.github.javaparser.symbolsolver.javaparsermodel.declarations.JavaParserParameterDeclaration.getType() -> boolean com.github.javaparser.symbolsolver.javaparsermodel.declarations.JavaParserParameterDeclaration.isVariadic() [JavaParserParameterDeclaration.java <67:13 67:22>]
REFERENCE_CALL: com.github.javaparser.symbolsolver.model.typesystem.Type com.github.javaparser.symbolsolver.javaparsermodel.declarations.JavaParserParameterDeclaration.getType() -> com.github.javaparser.symbolsolver.model.typesystem.ArrayType.ArrayType(com.github.javaparser.symbolsolver.model.typesystem.Type) [JavaParserParameterDeclaration.java <68:23 68:31>]
REFERENCE_TYPE_USAGE: com.github.javaparser.symbolsolver.model.typesystem.Type com.github.javaparser.symbolsolver.javaparsermodel.declarations.JavaParserParameterDeclaration.getType() -> com.github.javaparser.symbolsolver.model.typesystem.ArrayType [JavaParserParameterDeclaration.java <68:23 68:31>]
REFERENCE_OVERRIDE: com.github.javaparser.symbolsolver.model.declarations.ParameterDeclaration com.github.javaparser.symbolsolver.javaparsermodel.declarations.JavaParserParameterDeclaration.asParameter() -> com.github.javaparser.symbolsolver.model.declarations.ParameterDeclaration com.github.javaparser.symbolsolver.model.declarations.ParameterDeclaration.asParameter() [JavaParserParameterDeclaration.java <74:33 74:43>]
REFERENCE_ANNOTATION_USAGE: com.github.javaparser.symbolsolver.model.declarations.ParameterDeclaration com.github.javaparser.symbolsolver.javaparsermodel.declarations.JavaParserParameterDeclaration.asParameter() -> java.lang.Override [JavaParserParameterDeclaration.java <73:6 73:13>]
REFERENCE_TYPE_USAGE: com.github.javaparser.symbolsolver.model.declarations.ParameterDeclaration com.github.javaparser.symbolsolver.javaparsermodel.declarations.JavaParserParameterDeclaration.asParameter() -> com.github.javaparser.symbolsolver.model.declarations.ParameterDeclaration [JavaParserParameterDeclaration.java <74:12 74:31>]
REFERENCE_TYPE_USAGE: com.github.javaparser.ast.body.Parameter com.github.javaparser.symbolsolver.javaparsermodel.declarations.JavaParserParameterDeclaration.getWrappedNode() -> com.github.javaparser.ast.body.Parameter [JavaParserParameterDeclaration.java <83:12 83:20>]
REFERENCE_USAGE: com.github.javaparser.ast.body.Parameter com.github.javaparser.symbolsolver.javaparsermodel.declarations.JavaParserParameterDeclaration.getWrappedNode() -> com.github.javaparser.ast.body.Parameter com.github.javaparser.symbolsolver.javaparsermodel.declarations.JavaParserParameterDeclaration.wrappedNode [JavaParserParameterDeclaration.java <84:16 84:26>]
LOCAL_SYMBOL: JavaParserParameterDeclaration.java<29:77> [JavaParserParameterDeclaration.java <29:77 29:77>]
LOCAL_SYMBOL: JavaParserParameterDeclaration.java<29:77> [JavaParserParameterDeclaration.java <88:1 88:1>]
LOCAL_SYMBOL: JavaParserParameterDeclaration.java<34:89> [JavaParserParameterDeclaration.java <34:89 34:89>]
LOCAL_SYMBOL: JavaParserParameterDeclaration.java<34:89> [JavaParserParameterDeclaration.java <37:5 37:5>]
LOCAL_SYMBOL: JavaParserParameterDeclaration.java<40:29> [JavaParserParameterDeclaration.java <40:29 40:29>]
LOCAL_SYMBOL: JavaParserParameterDeclaration.java<40:29> [JavaParserParameterDeclaration.java <42:5 42:5>]
LOCAL_SYMBOL: JavaParserParameterDeclaration.java<45:30> [JavaParserParameterDeclaration.java <45:30 45:30>]
LOCAL_SYMBOL: JavaParserParameterDeclaration.java<45:30> [JavaParserParameterDeclaration.java <47:5 47:5>]
LOCAL_SYMBOL: JavaParserParameterDeclaration.java<50:34> [JavaParserParameterDeclaration.java <50:34 50:34>]
LOCAL_SYMBOL: JavaParserParameterDeclaration.java<50:34> [JavaParserParameterDeclaration.java <52:5 52:5>]
LOCAL_SYMBOL: JavaParserParameterDeclaration.java<55:33> [JavaParserParameterDeclaration.java <55:33 55:33>]
LOCAL_SYMBOL: JavaParserParameterDeclaration.java<55:33> [JavaParserParameterDeclaration.java <57:5 57:5>]
LOCAL_SYMBOL: JavaParserParameterDeclaration.java<60:29> [JavaParserParameterDeclaration.java <60:29 60:29>]
LOCAL_SYMBOL: JavaParserParameterDeclaration.java<60:29> [JavaParserParameterDeclaration.java <62:5 62:5>]
LOCAL_SYMBOL: JavaParserParameterDeclaration.java<65:27> [JavaParserParameterDeclaration.java <65:27 65:27>]
LOCAL_SYMBOL: JavaParserParameterDeclaration.java<65:27> [JavaParserParameterDeclaration.java <71:5 71:5>]
LOCAL_SYMBOL: JavaParserParameterDeclaration.java<67:27> [JavaParserParameterDeclaration.java <67:27 67:27>]
LOCAL_SYMBOL: JavaParserParameterDeclaration.java<67:27> [JavaParserParameterDeclaration.java <69:9 69:9>]
LOCAL_SYMBOL: JavaParserParameterDeclaration.java<74:47> [JavaParserParameterDeclaration.java <74:47 74:47>]
LOCAL_SYMBOL: JavaParserParameterDeclaration.java<74:47> [JavaParserParameterDeclaration.java <76:5 76:5>]
LOCAL_SYMBOL: JavaParserParameterDeclaration.java<83:39> [JavaParserParameterDeclaration.java <83:39 83:39>]
LOCAL_SYMBOL: JavaParserParameterDeclaration.java<83:39> [JavaParserParameterDeclaration.java <85:5 85:5>]
LOCAL_SYMBOL: com.github.javaparser.symbolsolver.javaparsermodel.declarations.JavaParserParameterDeclaration.JavaParserParameterDeclaration<0> [JavaParserParameterDeclaration.java <34:53 34:63>]
LOCAL_SYMBOL: com.github.javaparser.symbolsolver.javaparsermodel.declarations.JavaParserParameterDeclaration.JavaParserParameterDeclaration<0> [JavaParserParameterDeclaration.java <35:28 35:38>]
LOCAL_SYMBOL: com.github.javaparser.symbolsolver.javaparsermodel.declarations.JavaParserParameterDeclaration.JavaParserParameterDeclaration<1> [JavaParserParameterDeclaration.java <34:77 34:86>]
LOCAL_SYMBOL: com.github.javaparser.symbolsolver.javaparsermodel.declarations.JavaParserParameterDeclaration.JavaParserParameterDeclaration<1> [JavaParserParameterDeclaration.java <36:27 36:36>]
LOCAL_SYMBOL: com.github.javaparser.symbolsolver.javaparsermodel.declarations.JavaParserParameterDeclaration.getType<0> [JavaParserParameterDeclaration.java <66:14 66:16>]
LOCAL_SYMBOL: com.github.javaparser.symbolsolver.javaparsermodel.declarations.JavaParserParameterDeclaration.getType<0> [JavaParserParameterDeclaration.java <68:13 68:15>]
LOCAL_SYMBOL: com.github.javaparser.symbolsolver.javaparsermodel.declarations.JavaParserParameterDeclaration.getType<0> [JavaParserParameterDeclaration.java <68:33 68:35>]
LOCAL_SYMBOL: com.github.javaparser.symbolsolver.javaparsermodel.declarations.JavaParserParameterDeclaration.getType<0> [JavaParserParameterDeclaration.java <70:16 70:18>]
COMMENT: comment [JavaParserParameterDeclaration.java <1:1 15:3>]
COMMENT: comment [JavaParserParameterDeclaration.java <26:1 28:3>]
COMMENT: comment [JavaParserParameterDeclaration.java <78:5 82:7>]
