FILE: AnnotationDeclaration.java
SYMBOL_PACKAGE: com.github.javaparser.symbolsolver.model.declarations [AnnotationDeclaration.java <1:50 1:61>]
QUALIFIER: com.github.javaparser.symbolsolver.model [AnnotationDeclaration.java <1:44 1:48>]
SYMBOL_PACKAGE: com.github.javaparser.symbolsolver.model
QUALIFIER: com.github.javaparser.symbolsolver [AnnotationDeclaration.java <1:31 1:42>]
SYMBOL_PACKAGE: com.github.javaparser.symbolsolver
QUALIFIER: com.github.javaparser [AnnotationDeclaration.java <1:20 1:29>]
SYMBOL_PACKAGE: com.github.javaparser
QUALIFIER: com.github [AnnotationDeclaration.java <1:13 1:18>]
SYMBOL_PACKAGE: com.github
QUALIFIER: com [AnnotationDeclaration.java <1:9 1:11>]
SYMBOL_PACKAGE: com
SYMBOL_INTERFACE: public com.github.javaparser.symbolsolver.model.declarations.AnnotationDeclaration [AnnotationDeclaration.java <6:1 <6:18 6:38> 7:1>]
REFERENCE_INHERITANCE: com.github.javaparser.symbolsolver.model.declarations.AnnotationDeclaration -> com.github.javaparser.symbolsolver.model.declarations.ReferenceTypeDeclaration [AnnotationDeclaration.java <6:48 6:71>]
LOCAL_SYMBOL: AnnotationDeclaration.java<6:73> [AnnotationDeclaration.java <6:73 6:73>]
LOCAL_SYMBOL: AnnotationDeclaration.java<6:73> [AnnotationDeclaration.java <7:1 7:1>]
COMMENT: comment [AnnotationDeclaration.java <3:1 5:3>]
