FILE: ParameterComparator.java
SYMBOL_PACKAGE: com.github.javaparser.symbolsolver.reflectionmodel.comparators [ParameterComparator.java <1:60 1:70>]
QUALIFIER: com.github.javaparser.symbolsolver.reflectionmodel [ParameterComparator.java <1:44 1:58>]
SYMBOL_PACKAGE: com.github.javaparser.symbolsolver.reflectionmodel
QUALIFIER: com.github.javaparser.symbolsolver [ParameterComparator.java <1:31 1:42>]
SYMBOL_PACKAGE: com.github.javaparser.symbolsolver
QUALIFIER: com.github.javaparser [ParameterComparator.java <1:20 1:29>]
SYMBOL_PACKAGE: com.github.javaparser
QUALIFIER: com.github [ParameterComparator.java <1:13 1:18>]
SYMBOL_PACKAGE: com.github
QUALIFIER: com [ParameterComparator.java <1:9 1:11>]
SYMBOL_PACKAGE: com
QUALIFIER: java.lang [ParameterComparator.java <3:13 3:16>]
SYMBOL_PACKAGE: java.lang
QUALIFIER: java [ParameterComparator.java <3:8 3:11>]
QUALIFIER: java [ParameterComparator.java <4:8 4:11>]
SYMBOL_PACKAGE: java
QUALIFIER: java.lang.reflect [ParameterComparator.java <3:18 3:24>]
SYMBOL_PACKAGE: java.lang.reflect
QUALIFIER: java.util [ParameterComparator.java <4:13 4:16>]
SYMBOL_PACKAGE: java.util
SYMBOL_CLASS: public com.github.javaparser.symbolsolver.reflectionmodel.comparators.ParameterComparator [ParameterComparator.java <9:1 <9:14 9:32> 19:1>]
SYMBOL_METHOD: public int com.github.javaparser.symbolsolver.reflectionmodel.comparators.ParameterComparator.compare(java.lang.reflect.Parameter, java.lang.reflect.Parameter) [ParameterComparator.java <11:5 <11:5 <12:16 12:22> 12:50> 18:5>]
SYMBOL_METHOD: int java.util.Comparator<T>.compare(java.util.Comparator<T>.T, java.util.Comparator<T>.T)
SYMBOL_BUILTIN_TYPE: int
SYMBOL_METHOD: int java.lang.String.compareTo(java.lang.String)
SYMBOL_METHOD: java.lang.String java.lang.reflect.Parameter.getName()
SYMBOL_METHOD: int com.github.javaparser.symbolsolver.reflectionmodel.comparators.ClassComparator.compare(java.lang.Class<?>, java.lang.Class<?>)
SYMBOL_METHOD: com.github.javaparser.symbolsolver.reflectionmodel.comparators.ClassComparator.ClassComparator()
SYMBOL_METHOD: java.lang.Class<?> java.lang.reflect.Parameter.getType()
REFERENCE_IMPORT: ParameterComparator.java -> java.lang.reflect.Parameter [ParameterComparator.java <3:26 3:34>]
REFERENCE_IMPORT: ParameterComparator.java -> java.util.Comparator<T> [ParameterComparator.java <4:18 4:27>]
REFERENCE_TYPE_ARGUMENT: java.util.Comparator<T> -> java.lang.reflect.Parameter [ParameterComparator.java <9:56 9:64>]
REFERENCE_INHERITANCE: com.github.javaparser.symbolsolver.reflectionmodel.comparators.ParameterComparator -> java.util.Comparator<T> [ParameterComparator.java <9:45 9:54>]
REFERENCE_TYPE_USAGE: com.github.javaparser.symbolsolver.reflectionmodel.comparators.ParameterComparator -> java.lang.reflect.Parameter [ParameterComparator.java <9:56 9:64>]
REFERENCE_OVERRIDE: int com.github.javaparser.symbolsolver.reflectionmodel.comparators.ParameterComparator.compare(java.lang.reflect.Parameter, java.lang.reflect.Parameter) -> int java.util.Comparator<T>.compare(java.util.Comparator<T>.T, java.util.Comparator<T>.T) [ParameterComparator.java <12:16 12:22>]
REFERENCE_ANNOTATION_USAGE: int com.github.javaparser.symbolsolver.reflectionmodel.comparators.ParameterComparator.compare(java.lang.reflect.Parameter, java.lang.reflect.Parameter) -> java.lang.Override [ParameterComparator.java <11:6 11:13>]
REFERENCE_TYPE_USAGE: int com.github.javaparser.symbolsolver.reflectionmodel.comparators.ParameterComparator.compare(java.lang.reflect.Parameter, java.lang.reflect.Parameter) -> int [ParameterComparator.java <12:12 12:14>]
REFERENCE_TYPE_USAGE: int com.github.javaparser.symbolsolver.reflectionmodel.comparators.ParameterComparator.compare(java.lang.reflect.Parameter, java.lang.reflect.Parameter) -> int [ParameterComparator.java <13:9 13:11>]
REFERENCE_TYPE_USAGE: int com.github.javaparser.symbolsolver.reflectionmodel.comparators.ParameterComparator.compare(java.lang.reflect.Parameter, java.lang.reflect.Parameter) -> int [ParameterComparator.java <15:9 15:11>]
REFERENCE_TYPE_USAGE: int com.github.javaparser.symbolsolver.reflectionmodel.comparators.ParameterComparator.compare(java.lang.reflect.Parameter, java.lang.reflect.Parameter) -> java.lang.reflect.Parameter [ParameterComparator.java <12:24 12:32>]
REFERENCE_TYPE_USAGE: int com.github.javaparser.symbolsolver.reflectionmodel.comparators.ParameterComparator.compare(java.lang.reflect.Parameter, java.lang.reflect.Parameter) -> java.lang.reflect.Parameter [ParameterComparator.java <12:38 12:46>]
REFERENCE_CALL: int com.github.javaparser.symbolsolver.reflectionmodel.comparators.ParameterComparator.compare(java.lang.reflect.Parameter, java.lang.reflect.Parameter) -> int java.lang.String.compareTo(java.lang.String) [ParameterComparator.java <13:40 13:48>]
REFERENCE_CALL: int com.github.javaparser.symbolsolver.reflectionmodel.comparators.ParameterComparator.compare(java.lang.reflect.Parameter, java.lang.reflect.Parameter) -> java.lang.String java.lang.reflect.Parameter.getName() [ParameterComparator.java <13:30 13:36>]
REFERENCE_CALL: int com.github.javaparser.symbolsolver.reflectionmodel.comparators.ParameterComparator.compare(java.lang.reflect.Parameter, java.lang.reflect.Parameter) -> java.lang.String java.lang.reflect.Parameter.getName() [ParameterComparator.java <13:53 13:59>]
REFERENCE_CALL: int com.github.javaparser.symbolsolver.reflectionmodel.comparators.ParameterComparator.compare(java.lang.reflect.Parameter, java.lang.reflect.Parameter) -> int com.github.javaparser.symbolsolver.reflectionmodel.comparators.ClassComparator.compare(java.lang.Class<?>, java.lang.Class<?>) [ParameterComparator.java <15:49 15:55>]
REFERENCE_CALL: int com.github.javaparser.symbolsolver.reflectionmodel.comparators.ParameterComparator.compare(java.lang.reflect.Parameter, java.lang.reflect.Parameter) -> com.github.javaparser.symbolsolver.reflectionmodel.comparators.ClassComparator.ClassComparator() [ParameterComparator.java <15:31 15:45>]
REFERENCE_TYPE_USAGE: int com.github.javaparser.symbolsolver.reflectionmodel.comparators.ParameterComparator.compare(java.lang.reflect.Parameter, java.lang.reflect.Parameter) -> com.github.javaparser.symbolsolver.reflectionmodel.comparators.ClassComparator [ParameterComparator.java <15:31 15:45>]
REFERENCE_CALL: int com.github.javaparser.symbolsolver.reflectionmodel.comparators.ParameterComparator.compare(java.lang.reflect.Parameter, java.lang.reflect.Parameter) -> java.lang.Class<?> java.lang.reflect.Parameter.getType() [ParameterComparator.java <15:60 15:66>]
REFERENCE_CALL: int com.github.javaparser.symbolsolver.reflectionmodel.comparators.ParameterComparator.compare(java.lang.reflect.Parameter, java.lang.reflect.Parameter) -> java.lang.Class<?> java.lang.reflect.Parameter.getType() [ParameterComparator.java <15:74 15:80>]
LOCAL_SYMBOL: ParameterComparator.java<12:52> [ParameterComparator.java <12:52 12:52>]
LOCAL_SYMBOL: ParameterComparator.java<12:52> [ParameterComparator.java <18:5 18:5>]
LOCAL_SYMBOL: ParameterComparator.java<9:67> [ParameterComparator.java <9:67 9:67>]
LOCAL_SYMBOL: ParameterComparator.java<9:67> [ParameterComparator.java <19:1 19:1>]
LOCAL_SYMBOL: com.github.javaparser.symbolsolver.reflectionmodel.comparators.ParameterComparator.compare<0> [ParameterComparator.java <12:34 12:35>]
LOCAL_SYMBOL: com.github.javaparser.symbolsolver.reflectionmodel.comparators.ParameterComparator.compare<0> [ParameterComparator.java <13:27 13:28>]
LOCAL_SYMBOL: com.github.javaparser.symbolsolver.reflectionmodel.comparators.ParameterComparator.compare<0> [ParameterComparator.java <15:57 15:58>]
LOCAL_SYMBOL: com.github.javaparser.symbolsolver.reflectionmodel.comparators.ParameterComparator.compare<1> [ParameterComparator.java <12:48 12:49>]
LOCAL_SYMBOL: com.github.javaparser.symbolsolver.reflectionmodel.comparators.ParameterComparator.compare<1> [ParameterComparator.java <13:50 13:51>]
LOCAL_SYMBOL: com.github.javaparser.symbolsolver.reflectionmodel.comparators.ParameterComparator.compare<1> [ParameterComparator.java <15:71 15:72>]
LOCAL_SYMBOL: com.github.javaparser.symbolsolver.reflectionmodel.comparators.ParameterComparator.compare<2> [ParameterComparator.java <13:13 13:23>]
LOCAL_SYMBOL: com.github.javaparser.symbolsolver.reflectionmodel.comparators.ParameterComparator.compare<2> [ParameterComparator.java <14:13 14:23>]
LOCAL_SYMBOL: com.github.javaparser.symbolsolver.reflectionmodel.comparators.ParameterComparator.compare<2> [ParameterComparator.java <14:38 14:48>]
LOCAL_SYMBOL: com.github.javaparser.symbolsolver.reflectionmodel.comparators.ParameterComparator.compare<3> [ParameterComparator.java <15:13 15:23>]
LOCAL_SYMBOL: com.github.javaparser.symbolsolver.reflectionmodel.comparators.ParameterComparator.compare<3> [ParameterComparator.java <16:13 16:23>]
LOCAL_SYMBOL: com.github.javaparser.symbolsolver.reflectionmodel.comparators.ParameterComparator.compare<3> [ParameterComparator.java <16:38 16:48>]
COMMENT: comment [ParameterComparator.java <6:1 8:3>]
