FILE: DefaultConstructorDeclaration.java
SYMBOL_PACKAGE: com.github.javaparser.symbolsolver.javaparsermodel.declarations [DefaultConstructorDeclaration.java <17:60 17:71>]
QUALIFIER: com.github.javaparser.symbolsolver.javaparsermodel [DefaultConstructorDeclaration.java <17:44 17:58>]
SYMBOL_PACKAGE: com.github.javaparser.symbolsolver.javaparsermodel
QUALIFIER: com.github.javaparser.symbolsolver [DefaultConstructorDeclaration.java <17:31 17:42>]
QUALIFIER: com.github.javaparser.symbolsolver [DefaultConstructorDeclaration.java <19:30 19:41>]
SYMBOL_PACKAGE: com.github.javaparser.symbolsolver
QUALIFIER: com.github.javaparser [DefaultConstructorDeclaration.java <17:20 17:29>]
QUALIFIER: com.github.javaparser [DefaultConstructorDeclaration.java <19:19 19:28>]
SYMBOL_PACKAGE: com.github.javaparser
QUALIFIER: com.github [DefaultConstructorDeclaration.java <17:13 17:18>]
QUALIFIER: com.github [DefaultConstructorDeclaration.java <19:12 19:17>]
SYMBOL_PACKAGE: com.github
QUALIFIER: com [DefaultConstructorDeclaration.java <17:9 17:11>]
QUALIFIER: com [DefaultConstructorDeclaration.java <19:8 19:10>]
SYMBOL_PACKAGE: com
SYMBOL_PACKAGE: com.github.javaparser.symbolsolver.model.declarations
QUALIFIER: com.github.javaparser.symbolsolver.model [DefaultConstructorDeclaration.java <19:43 19:47>]
SYMBOL_PACKAGE: com.github.javaparser.symbolsolver.model
QUALIFIER: java.util.Collections [DefaultConstructorDeclaration.java <62:16 62:26>]
QUALIFIER: java.util [DefaultConstructorDeclaration.java <21:13 21:16>]
QUALIFIER: java.util [DefaultConstructorDeclaration.java <22:13 22:16>]
SYMBOL_PACKAGE: java.util
QUALIFIER: java [DefaultConstructorDeclaration.java <21:8 21:11>]
QUALIFIER: java [DefaultConstructorDeclaration.java <22:8 22:11>]
SYMBOL_PACKAGE: java
QUALIFIER: com.github.javaparser.symbolsolver.javaparsermodel.declarations.DefaultConstructorDeclaration [DefaultConstructorDeclaration.java <32:9 32:12>]
SYMBOL_CLASS: default com.github.javaparser.symbolsolver.javaparsermodel.declarations.DefaultConstructorDeclaration [DefaultConstructorDeclaration.java <27:1 <27:7 27:35> 64:1>]
SYMBOL_FIELD: private com.github.javaparser.symbolsolver.model.declarations.ClassDeclaration com.github.javaparser.symbolsolver.javaparsermodel.declarations.DefaultConstructorDeclaration.classDeclaration [DefaultConstructorDeclaration.java <29:30 29:45>]
SYMBOL_METHOD: default com.github.javaparser.symbolsolver.javaparsermodel.declarations.DefaultConstructorDeclaration.DefaultConstructorDeclaration(com.github.javaparser.symbolsolver.model.declarations.ClassDeclaration) [DefaultConstructorDeclaration.java <31:5 <31:5 <31:5 31:33> 31:68> 33:5>]
SYMBOL_METHOD: public com.github.javaparser.symbolsolver.model.declarations.ClassDeclaration com.github.javaparser.symbolsolver.javaparsermodel.declarations.DefaultConstructorDeclaration.declaringType() [DefaultConstructorDeclaration.java <35:5 <35:5 <36:29 36:41> 36:43> 38:5>]
SYMBOL_METHOD: com.github.javaparser.symbolsolver.model.declarations.ClassDeclaration com.github.javaparser.symbolsolver.model.declarations.ConstructorDeclaration.declaringType()
SYMBOL_PACKAGE: java.lang
SYMBOL_METHOD: public int com.github.javaparser.symbolsolver.javaparsermodel.declarations.DefaultConstructorDeclaration.getNumberOfParams() [DefaultConstructorDeclaration.java <40:5 <40:5 <41:16 41:32> 41:34> 43:5>]
SYMBOL_METHOD: int com.github.javaparser.symbolsolver.model.declarations.MethodLikeDeclaration.getNumberOfParams()
SYMBOL_BUILTIN_TYPE: int
SYMBOL_METHOD: public com.github.javaparser.symbolsolver.model.declarations.ParameterDeclaration com.github.javaparser.symbolsolver.javaparsermodel.declarations.DefaultConstructorDeclaration.getParam(int) [DefaultConstructorDeclaration.java <45:5 <45:5 <46:33 46:40> 46:47> 48:5>]
SYMBOL_METHOD: com.github.javaparser.symbolsolver.model.declarations.ParameterDeclaration com.github.javaparser.symbolsolver.model.declarations.MethodLikeDeclaration.getParam(int)
SYMBOL_METHOD: java.lang.UnsupportedOperationException.UnsupportedOperationException()
SYMBOL_METHOD: public java.lang.String com.github.javaparser.symbolsolver.javaparsermodel.declarations.DefaultConstructorDeclaration.getName() [DefaultConstructorDeclaration.java <50:5 <50:5 <51:19 51:25> 51:27> 53:5>]
SYMBOL_METHOD: java.lang.String com.github.javaparser.symbolsolver.model.declarations.Declaration.getName()
SYMBOL_METHOD: public com.github.javaparser.symbolsolver.model.declarations.AccessLevel com.github.javaparser.symbolsolver.javaparsermodel.declarations.DefaultConstructorDeclaration.accessLevel() [DefaultConstructorDeclaration.java <55:5 <55:5 <56:24 56:34> 56:36> 58:5>]
SYMBOL_METHOD: com.github.javaparser.symbolsolver.model.declarations.AccessLevel com.github.javaparser.symbolsolver.model.declarations.HasAccessLevel.accessLevel()
QUALIFIER: com.github.javaparser.symbolsolver.model.declarations.AccessLevel [DefaultConstructorDeclaration.java <57:16 57:26>]
SYMBOL_FIELD: com.github.javaparser.symbolsolver.model.declarations.AccessLevel.PUBLIC
SYMBOL_METHOD: public java.util.List<com.github.javaparser.symbolsolver.model.declarations.TypeParameterDeclaration> com.github.javaparser.symbolsolver.javaparsermodel.declarations.DefaultConstructorDeclaration.getTypeParameters() [DefaultConstructorDeclaration.java <60:5 <60:5 <61:43 61:59> 61:61> 63:5>]
SYMBOL_METHOD: java.util.List<com.github.javaparser.symbolsolver.model.declarations.TypeParameterDeclaration> com.github.javaparser.symbolsolver.model.declarations.TypeParametrizable.getTypeParameters()
SYMBOL_METHOD: static java.util.List<T> java.util.Collections.emptyList<T>()
REFERENCE_IMPORT: DefaultConstructorDeclaration.java -> com.github.javaparser.symbolsolver.model.declarations [DefaultConstructorDeclaration.java <19:49 19:60>]
REFERENCE_IMPORT: DefaultConstructorDeclaration.java -> java.util.Collections [DefaultConstructorDeclaration.java <21:18 21:28>]
REFERENCE_IMPORT: DefaultConstructorDeclaration.java -> java.util.List<E> [DefaultConstructorDeclaration.java <22:18 22:21>]
REFERENCE_INHERITANCE: com.github.javaparser.symbolsolver.javaparsermodel.declarations.DefaultConstructorDeclaration -> com.github.javaparser.symbolsolver.model.declarations.ConstructorDeclaration [DefaultConstructorDeclaration.java <27:48 27:69>]
REFERENCE_TYPE_USAGE: com.github.javaparser.symbolsolver.model.declarations.ClassDeclaration com.github.javaparser.symbolsolver.javaparsermodel.declarations.DefaultConstructorDeclaration.classDeclaration -> com.github.javaparser.symbolsolver.model.declarations.ClassDeclaration [DefaultConstructorDeclaration.java <29:13 29:28>]
REFERENCE_TYPE_USAGE: com.github.javaparser.symbolsolver.javaparsermodel.declarations.DefaultConstructorDeclaration.DefaultConstructorDeclaration(com.github.javaparser.symbolsolver.model.declarations.ClassDeclaration) -> com.github.javaparser.symbolsolver.model.declarations.ClassDeclaration [DefaultConstructorDeclaration.java <31:35 31:50>]
REFERENCE_USAGE: com.github.javaparser.symbolsolver.javaparsermodel.declarations.DefaultConstructorDeclaration.DefaultConstructorDeclaration(com.github.javaparser.symbolsolver.model.declarations.ClassDeclaration) -> com.github.javaparser.symbolsolver.model.declarations.ClassDeclaration com.github.javaparser.symbolsolver.javaparsermodel.declarations.DefaultConstructorDeclaration.classDeclaration [DefaultConstructorDeclaration.java <32:14 32:29>]
REFERENCE_OVERRIDE: com.github.javaparser.symbolsolver.model.declarations.ClassDeclaration com.github.javaparser.symbolsolver.javaparsermodel.declarations.DefaultConstructorDeclaration.declaringType() -> com.github.javaparser.symbolsolver.model.declarations.ClassDeclaration com.github.javaparser.symbolsolver.model.declarations.ConstructorDeclaration.declaringType() [DefaultConstructorDeclaration.java <36:29 36:41>]
REFERENCE_ANNOTATION_USAGE: com.github.javaparser.symbolsolver.model.declarations.ClassDeclaration com.github.javaparser.symbolsolver.javaparsermodel.declarations.DefaultConstructorDeclaration.declaringType() -> java.lang.Override [DefaultConstructorDeclaration.java <35:6 35:13>]
REFERENCE_TYPE_USAGE: com.github.javaparser.symbolsolver.model.declarations.ClassDeclaration com.github.javaparser.symbolsolver.javaparsermodel.declarations.DefaultConstructorDeclaration.declaringType() -> com.github.javaparser.symbolsolver.model.declarations.ClassDeclaration [DefaultConstructorDeclaration.java <36:12 36:27>]
REFERENCE_USAGE: com.github.javaparser.symbolsolver.model.declarations.ClassDeclaration com.github.javaparser.symbolsolver.javaparsermodel.declarations.DefaultConstructorDeclaration.declaringType() -> com.github.javaparser.symbolsolver.model.declarations.ClassDeclaration com.github.javaparser.symbolsolver.javaparsermodel.declarations.DefaultConstructorDeclaration.classDeclaration [DefaultConstructorDeclaration.java <37:16 37:31>]
REFERENCE_OVERRIDE: int com.github.javaparser.symbolsolver.javaparsermodel.declarations.DefaultConstructorDeclaration.getNumberOfParams() -> int com.github.javaparser.symbolsolver.model.declarations.MethodLikeDeclaration.getNumberOfParams() [DefaultConstructorDeclaration.java <41:16 41:32>]
REFERENCE_ANNOTATION_USAGE: int com.github.javaparser.symbolsolver.javaparsermodel.declarations.DefaultConstructorDeclaration.getNumberOfParams() -> java.lang.Override [DefaultConstructorDeclaration.java <40:6 40:13>]
REFERENCE_TYPE_USAGE: int com.github.javaparser.symbolsolver.javaparsermodel.declarations.DefaultConstructorDeclaration.getNumberOfParams() -> int [DefaultConstructorDeclaration.java <41:12 41:14>]
REFERENCE_OVERRIDE: com.github.javaparser.symbolsolver.model.declarations.ParameterDeclaration com.github.javaparser.symbolsolver.javaparsermodel.declarations.DefaultConstructorDeclaration.getParam(int) -> com.github.javaparser.symbolsolver.model.declarations.ParameterDeclaration com.github.javaparser.symbolsolver.model.declarations.MethodLikeDeclaration.getParam(int) [DefaultConstructorDeclaration.java <46:33 46:40>]
REFERENCE_ANNOTATION_USAGE: com.github.javaparser.symbolsolver.model.declarations.ParameterDeclaration com.github.javaparser.symbolsolver.javaparsermodel.declarations.DefaultConstructorDeclaration.getParam(int) -> java.lang.Override [DefaultConstructorDeclaration.java <45:6 45:13>]
REFERENCE_TYPE_USAGE: com.github.javaparser.symbolsolver.model.declarations.ParameterDeclaration com.github.javaparser.symbolsolver.javaparsermodel.declarations.DefaultConstructorDeclaration.getParam(int) -> com.github.javaparser.symbolsolver.model.declarations.ParameterDeclaration [DefaultConstructorDeclaration.java <46:12 46:31>]
REFERENCE_TYPE_USAGE: com.github.javaparser.symbolsolver.model.declarations.ParameterDeclaration com.github.javaparser.symbolsolver.javaparsermodel.declarations.DefaultConstructorDeclaration.getParam(int) -> int [DefaultConstructorDeclaration.java <46:42 46:44>]
REFERENCE_CALL: com.github.javaparser.symbolsolver.model.declarations.ParameterDeclaration com.github.javaparser.symbolsolver.javaparsermodel.declarations.DefaultConstructorDeclaration.getParam(int) -> java.lang.UnsupportedOperationException.UnsupportedOperationException() [DefaultConstructorDeclaration.java <47:19 47:47>]
REFERENCE_TYPE_USAGE: com.github.javaparser.symbolsolver.model.declarations.ParameterDeclaration com.github.javaparser.symbolsolver.javaparsermodel.declarations.DefaultConstructorDeclaration.getParam(int) -> java.lang.UnsupportedOperationException [DefaultConstructorDeclaration.java <47:19 47:47>]
REFERENCE_OVERRIDE: java.lang.String com.github.javaparser.symbolsolver.javaparsermodel.declarations.DefaultConstructorDeclaration.getName() -> java.lang.String com.github.javaparser.symbolsolver.model.declarations.Declaration.getName() [DefaultConstructorDeclaration.java <51:19 51:25>]
REFERENCE_ANNOTATION_USAGE: java.lang.String com.github.javaparser.symbolsolver.javaparsermodel.declarations.DefaultConstructorDeclaration.getName() -> java.lang.Override [DefaultConstructorDeclaration.java <50:6 50:13>]
REFERENCE_TYPE_USAGE: java.lang.String com.github.javaparser.symbolsolver.javaparsermodel.declarations.DefaultConstructorDeclaration.getName() -> java.lang.String [DefaultConstructorDeclaration.java <51:12 51:17>]
REFERENCE_CALL: java.lang.String com.github.javaparser.symbolsolver.javaparsermodel.declarations.DefaultConstructorDeclaration.getName() -> java.lang.String com.github.javaparser.symbolsolver.model.declarations.Declaration.getName() [DefaultConstructorDeclaration.java <52:33 52:39>]
REFERENCE_USAGE: java.lang.String com.github.javaparser.symbolsolver.javaparsermodel.declarations.DefaultConstructorDeclaration.getName() -> com.github.javaparser.symbolsolver.model.declarations.ClassDeclaration com.github.javaparser.symbolsolver.javaparsermodel.declarations.DefaultConstructorDeclaration.classDeclaration [DefaultConstructorDeclaration.java <52:16 52:31>]
REFERENCE_OVERRIDE: com.github.javaparser.symbolsolver.model.declarations.AccessLevel com.github.javaparser.symbolsolver.javaparsermodel.declarations.DefaultConstructorDeclaration.accessLevel() -> com.github.javaparser.symbolsolver.model.declarations.AccessLevel com.github.javaparser.symbolsolver.model.declarations.HasAccessLevel.accessLevel() [DefaultConstructorDeclaration.java <56:24 56:34>]
REFERENCE_ANNOTATION_USAGE: com.github.javaparser.symbolsolver.model.declarations.AccessLevel com.github.javaparser.symbolsolver.javaparsermodel.declarations.DefaultConstructorDeclaration.accessLevel() -> java.lang.Override [DefaultConstructorDeclaration.java <55:6 55:13>]
REFERENCE_TYPE_USAGE: com.github.javaparser.symbolsolver.model.declarations.AccessLevel com.github.javaparser.symbolsolver.javaparsermodel.declarations.DefaultConstructorDeclaration.accessLevel() -> com.github.javaparser.symbolsolver.model.declarations.AccessLevel [DefaultConstructorDeclaration.java <56:12 56:22>]
REFERENCE_USAGE: com.github.javaparser.symbolsolver.model.declarations.AccessLevel com.github.javaparser.symbolsolver.javaparsermodel.declarations.DefaultConstructorDeclaration.accessLevel() -> com.github.javaparser.symbolsolver.model.declarations.AccessLevel.PUBLIC [DefaultConstructorDeclaration.java <57:28 57:33>]
REFERENCE_OVERRIDE: java.util.List<com.github.javaparser.symbolsolver.model.declarations.TypeParameterDeclaration> com.github.javaparser.symbolsolver.javaparsermodel.declarations.DefaultConstructorDeclaration.getTypeParameters() -> java.util.List<com.github.javaparser.symbolsolver.model.declarations.TypeParameterDeclaration> com.github.javaparser.symbolsolver.model.declarations.TypeParametrizable.getTypeParameters() [DefaultConstructorDeclaration.java <61:43 61:59>]
REFERENCE_ANNOTATION_USAGE: java.util.List<com.github.javaparser.symbolsolver.model.declarations.TypeParameterDeclaration> com.github.javaparser.symbolsolver.javaparsermodel.declarations.DefaultConstructorDeclaration.getTypeParameters() -> java.lang.Override [DefaultConstructorDeclaration.java <60:6 60:13>]
REFERENCE_TYPE_ARGUMENT: java.util.List<E> -> com.github.javaparser.symbolsolver.model.declarations.TypeParameterDeclaration [DefaultConstructorDeclaration.java <61:17 61:40>]
REFERENCE_TYPE_USAGE: java.util.List<com.github.javaparser.symbolsolver.model.declarations.TypeParameterDeclaration> com.github.javaparser.symbolsolver.javaparsermodel.declarations.DefaultConstructorDeclaration.getTypeParameters() -> java.util.List<E> [DefaultConstructorDeclaration.java <61:12 61:15>]
REFERENCE_TYPE_USAGE: java.util.List<com.github.javaparser.symbolsolver.model.declarations.TypeParameterDeclaration> com.github.javaparser.symbolsolver.javaparsermodel.declarations.DefaultConstructorDeclaration.getTypeParameters() -> com.github.javaparser.symbolsolver.model.declarations.TypeParameterDeclaration [DefaultConstructorDeclaration.java <61:17 61:40>]
REFERENCE_CALL: java.util.List<com.github.javaparser.symbolsolver.model.declarations.TypeParameterDeclaration> com.github.javaparser.symbolsolver.javaparsermodel.declarations.DefaultConstructorDeclaration.getTypeParameters() -> static java.util.List<T> java.util.Collections.emptyList<T>() [DefaultConstructorDeclaration.java <62:28 62:36>]
LOCAL_SYMBOL: DefaultConstructorDeclaration.java<27:71> [DefaultConstructorDeclaration.java <27:71 27:71>]
LOCAL_SYMBOL: DefaultConstructorDeclaration.java<27:71> [DefaultConstructorDeclaration.java <64:1 64:1>]
LOCAL_SYMBOL: DefaultConstructorDeclaration.java<31:70> [DefaultConstructorDeclaration.java <31:70 31:70>]
LOCAL_SYMBOL: DefaultConstructorDeclaration.java<31:70> [DefaultConstructorDeclaration.java <33:5 33:5>]
LOCAL_SYMBOL: DefaultConstructorDeclaration.java<36:45> [DefaultConstructorDeclaration.java <36:45 36:45>]
LOCAL_SYMBOL: DefaultConstructorDeclaration.java<36:45> [DefaultConstructorDeclaration.java <38:5 38:5>]
LOCAL_SYMBOL: DefaultConstructorDeclaration.java<41:36> [DefaultConstructorDeclaration.java <41:36 41:36>]
LOCAL_SYMBOL: DefaultConstructorDeclaration.java<41:36> [DefaultConstructorDeclaration.java <43:5 43:5>]
LOCAL_SYMBOL: DefaultConstructorDeclaration.java<46:49> [DefaultConstructorDeclaration.java <46:49 46:49>]
LOCAL_SYMBOL: DefaultConstructorDeclaration.java<46:49> [DefaultConstructorDeclaration.java <48:5 48:5>]
LOCAL_SYMBOL: DefaultConstructorDeclaration.java<51:29> [DefaultConstructorDeclaration.java <51:29 51:29>]
LOCAL_SYMBOL: DefaultConstructorDeclaration.java<51:29> [DefaultConstructorDeclaration.java <53:5 53:5>]
LOCAL_SYMBOL: DefaultConstructorDeclaration.java<56:38> [DefaultConstructorDeclaration.java <56:38 56:38>]
LOCAL_SYMBOL: DefaultConstructorDeclaration.java<56:38> [DefaultConstructorDeclaration.java <58:5 58:5>]
LOCAL_SYMBOL: DefaultConstructorDeclaration.java<61:63> [DefaultConstructorDeclaration.java <61:63 61:63>]
LOCAL_SYMBOL: DefaultConstructorDeclaration.java<61:63> [DefaultConstructorDeclaration.java <63:5 63:5>]
LOCAL_SYMBOL: com.github.javaparser.symbolsolver.javaparsermodel.declarations.DefaultConstructorDeclaration.DefaultConstructorDeclaration<0> [DefaultConstructorDeclaration.java <31:52 31:67>]
LOCAL_SYMBOL: com.github.javaparser.symbolsolver.javaparsermodel.declarations.DefaultConstructorDeclaration.DefaultConstructorDeclaration<0> [DefaultConstructorDeclaration.java <32:33 32:48>]
LOCAL_SYMBOL: com.github.javaparser.symbolsolver.javaparsermodel.declarations.DefaultConstructorDeclaration.getParam<0> [DefaultConstructorDeclaration.java <46:46 46:46>]
COMMENT: comment [DefaultConstructorDeclaration.java <1:1 15:3>]
COMMENT: comment [DefaultConstructorDeclaration.java <24:1 26:3>]
