FILE: ObjectProvider.java
SYMBOL_PACKAGE: com.github.javaparser.symbolsolver.logic [ObjectProvider.java <17:44 17:48>]
QUALIFIER: com.github.javaparser.symbolsolver [ObjectProvider.java <17:31 17:42>]
QUALIFIER: com.github.javaparser.symbolsolver [ObjectProvider.java <19:30 19:41>]
SYMBOL_PACKAGE: com.github.javaparser.symbolsolver
QUALIFIER: com.github.javaparser [ObjectProvider.java <17:20 17:29>]
QUALIFIER: com.github.javaparser [ObjectProvider.java <19:19 19:28>]
SYMBOL_PACKAGE: com.github.javaparser
QUALIFIER: com.github [ObjectProvider.java <17:13 17:18>]
QUALIFIER: com.github [ObjectProvider.java <19:12 19:17>]
SYMBOL_PACKAGE: com.github
QUALIFIER: com [ObjectProvider.java <17:9 17:11>]
QUALIFIER: com [ObjectProvider.java <19:8 19:10>]
SYMBOL_PACKAGE: com
QUALIFIER: com.github.javaparser.symbolsolver.model.typesystem [ObjectProvider.java <19:49 19:58>]
SYMBOL_PACKAGE: com.github.javaparser.symbolsolver.model.typesystem
QUALIFIER: com.github.javaparser.symbolsolver.model [ObjectProvider.java <19:43 19:47>]
SYMBOL_PACKAGE: com.github.javaparser.symbolsolver.model
SYMBOL_INTERFACE: public com.github.javaparser.symbolsolver.logic.ObjectProvider [ObjectProvider.java <24:1 <24:18 24:31> 27:1>]
SYMBOL_METHOD: default com.github.javaparser.symbolsolver.model.typesystem.ReferenceType com.github.javaparser.symbolsolver.logic.ObjectProvider.object() [ObjectProvider.java <25:5 <25:5 <25:19 25:24> 25:26> 25:27>]
SYMBOL_METHOD: default com.github.javaparser.symbolsolver.model.typesystem.ReferenceType com.github.javaparser.symbolsolver.logic.ObjectProvider.byName(java.lang.String) [ObjectProvider.java <26:5 <26:5 <26:19 26:24> 26:38> 26:39>]
SYMBOL_PACKAGE: java.lang
REFERENCE_IMPORT: ObjectProvider.java -> com.github.javaparser.symbolsolver.model.typesystem.ReferenceType [ObjectProvider.java <19:60 19:72>]
REFERENCE_TYPE_USAGE: com.github.javaparser.symbolsolver.model.typesystem.ReferenceType com.github.javaparser.symbolsolver.logic.ObjectProvider.object() -> com.github.javaparser.symbolsolver.model.typesystem.ReferenceType [ObjectProvider.java <25:5 25:17>]
REFERENCE_TYPE_USAGE: com.github.javaparser.symbolsolver.model.typesystem.ReferenceType com.github.javaparser.symbolsolver.logic.ObjectProvider.byName(java.lang.String) -> com.github.javaparser.symbolsolver.model.typesystem.ReferenceType [ObjectProvider.java <26:5 26:17>]
REFERENCE_TYPE_USAGE: com.github.javaparser.symbolsolver.model.typesystem.ReferenceType com.github.javaparser.symbolsolver.logic.ObjectProvider.byName(java.lang.String) -> java.lang.String [ObjectProvider.java <26:26 26:31>]
LOCAL_SYMBOL: ObjectProvider.java<24:33> [ObjectProvider.java <24:33 24:33>]
LOCAL_SYMBOL: ObjectProvider.java<24:33> [ObjectProvider.java <27:1 27:1>]
LOCAL_SYMBOL: com.github.javaparser.symbolsolver.logic.ObjectProvider.byName<0> [ObjectProvider.java <26:33 26:37>]
COMMENT: comment [ObjectProvider.java <1:1 15:3>]
COMMENT: comment [ObjectProvider.java <21:1 23:3>]
