FILE: JavaParserEnumConstantDeclaration.java
SYMBOL_PACKAGE: com.github.javaparser.symbolsolver.javaparsermodel.declarations [JavaParserEnumConstantDeclaration.java <17:60 17:71>]
QUALIFIER: com.github.javaparser.symbolsolver.javaparsermodel [JavaParserEnumConstantDeclaration.java <17:44 17:58>]
SYMBOL_PACKAGE: com.github.javaparser.symbolsolver.javaparsermodel
QUALIFIER: com.github.javaparser.symbolsolver [JavaParserEnumConstantDeclaration.java <17:31 17:42>]
QUALIFIER: com.github.javaparser.symbolsolver [JavaParserEnumConstantDeclaration.java <20:30 20:41>]
QUALIFIER: com.github.javaparser.symbolsolver [JavaParserEnumConstantDeclaration.java <21:30 21:41>]
QUALIFIER: com.github.javaparser.symbolsolver [JavaParserEnumConstantDeclaration.java <22:30 22:41>]
QUALIFIER: com.github.javaparser.symbolsolver [JavaParserEnumConstantDeclaration.java <23:30 23:41>]
QUALIFIER: com.github.javaparser.symbolsolver [JavaParserEnumConstantDeclaration.java <25:37 25:48>]
SYMBOL_PACKAGE: com.github.javaparser.symbolsolver
QUALIFIER: com.github.javaparser [JavaParserEnumConstantDeclaration.java <17:20 17:29>]
QUALIFIER: com.github.javaparser [JavaParserEnumConstantDeclaration.java <19:19 19:28>]
QUALIFIER: com.github.javaparser [JavaParserEnumConstantDeclaration.java <20:19 20:28>]
QUALIFIER: com.github.javaparser [JavaParserEnumConstantDeclaration.java <21:19 21:28>]
QUALIFIER: com.github.javaparser [JavaParserEnumConstantDeclaration.java <22:19 22:28>]
QUALIFIER: com.github.javaparser [JavaParserEnumConstantDeclaration.java <23:19 23:28>]
QUALIFIER: com.github.javaparser [JavaParserEnumConstantDeclaration.java <25:26 25:35>]
QUALIFIER: com.github.javaparser [JavaParserEnumConstantDeclaration.java <33:24 33:33>]
QUALIFIER: com.github.javaparser [JavaParserEnumConstantDeclaration.java <35:57 35:66>]
QUALIFIER: com.github.javaparser [JavaParserEnumConstantDeclaration.java <55:23 55:32>]
SYMBOL_PACKAGE: com.github.javaparser
QUALIFIER: com.github [JavaParserEnumConstantDeclaration.java <17:13 17:18>]
QUALIFIER: com.github [JavaParserEnumConstantDeclaration.java <19:12 19:17>]
QUALIFIER: com.github [JavaParserEnumConstantDeclaration.java <20:12 20:17>]
QUALIFIER: com.github [JavaParserEnumConstantDeclaration.java <21:12 21:17>]
QUALIFIER: com.github [JavaParserEnumConstantDeclaration.java <22:12 22:17>]
QUALIFIER: com.github [JavaParserEnumConstantDeclaration.java <23:12 23:17>]
QUALIFIER: com.github [JavaParserEnumConstantDeclaration.java <25:19 25:24>]
QUALIFIER: com.github [JavaParserEnumConstantDeclaration.java <33:17 33:22>]
QUALIFIER: com.github [JavaParserEnumConstantDeclaration.java <35:50 35:55>]
QUALIFIER: com.github [JavaParserEnumConstantDeclaration.java <55:16 55:21>]
SYMBOL_PACKAGE: com.github
QUALIFIER: com [JavaParserEnumConstantDeclaration.java <17:9 17:11>]
QUALIFIER: com [JavaParserEnumConstantDeclaration.java <19:8 19:10>]
QUALIFIER: com [JavaParserEnumConstantDeclaration.java <20:8 20:10>]
QUALIFIER: com [JavaParserEnumConstantDeclaration.java <21:8 21:10>]
QUALIFIER: com [JavaParserEnumConstantDeclaration.java <22:8 22:10>]
QUALIFIER: com [JavaParserEnumConstantDeclaration.java <23:8 23:10>]
QUALIFIER: com [JavaParserEnumConstantDeclaration.java <25:15 25:17>]
QUALIFIER: com [JavaParserEnumConstantDeclaration.java <33:13 33:15>]
QUALIFIER: com [JavaParserEnumConstantDeclaration.java <35:46 35:48>]
QUALIFIER: com [JavaParserEnumConstantDeclaration.java <55:12 55:14>]
SYMBOL_PACKAGE: com
QUALIFIER: com.github.javaparser.ast.body [JavaParserEnumConstantDeclaration.java <19:34 19:37>]
QUALIFIER: com.github.javaparser.ast.body [JavaParserEnumConstantDeclaration.java <33:39 33:42>]
QUALIFIER: com.github.javaparser.ast.body [JavaParserEnumConstantDeclaration.java <35:72 35:75>]
QUALIFIER: com.github.javaparser.ast.body [JavaParserEnumConstantDeclaration.java <55:38 55:41>]
SYMBOL_PACKAGE: com.github.javaparser.ast.body
QUALIFIER: com.github.javaparser.ast [JavaParserEnumConstantDeclaration.java <19:30 19:32>]
QUALIFIER: com.github.javaparser.ast [JavaParserEnumConstantDeclaration.java <33:35 33:37>]
QUALIFIER: com.github.javaparser.ast [JavaParserEnumConstantDeclaration.java <35:68 35:70>]
QUALIFIER: com.github.javaparser.ast [JavaParserEnumConstantDeclaration.java <55:34 55:36>]
SYMBOL_PACKAGE: com.github.javaparser.ast
QUALIFIER: com.github.javaparser.symbolsolver.model.declarations [JavaParserEnumConstantDeclaration.java <20:49 20:60>]
SYMBOL_PACKAGE: com.github.javaparser.symbolsolver.model.declarations
QUALIFIER: com.github.javaparser.symbolsolver.model [JavaParserEnumConstantDeclaration.java <20:43 20:47>]
QUALIFIER: com.github.javaparser.symbolsolver.model [JavaParserEnumConstantDeclaration.java <21:43 21:47>]
QUALIFIER: com.github.javaparser.symbolsolver.model [JavaParserEnumConstantDeclaration.java <22:43 22:47>]
QUALIFIER: com.github.javaparser.symbolsolver.model [JavaParserEnumConstantDeclaration.java <23:43 23:47>]
SYMBOL_PACKAGE: com.github.javaparser.symbolsolver.model
QUALIFIER: com.github.javaparser.symbolsolver.model.resolution [JavaParserEnumConstantDeclaration.java <21:49 21:58>]
SYMBOL_PACKAGE: com.github.javaparser.symbolsolver.model.resolution
QUALIFIER: com.github.javaparser.symbolsolver.model.typesystem [JavaParserEnumConstantDeclaration.java <22:49 22:58>]
QUALIFIER: com.github.javaparser.symbolsolver.model.typesystem [JavaParserEnumConstantDeclaration.java <23:49 23:58>]
SYMBOL_PACKAGE: com.github.javaparser.symbolsolver.model.typesystem
SYMBOL_METHOD: static com.github.javaparser.ast.Node com.github.javaparser.symbolsolver.javaparser.Navigator.getParentNode(com.github.javaparser.ast.Node)
QUALIFIER: com.github.javaparser.symbolsolver.javaparser.Navigator [JavaParserEnumConstantDeclaration.java <25:61 25:69>]
QUALIFIER: com.github.javaparser.symbolsolver.javaparser [JavaParserEnumConstantDeclaration.java <25:50 25:59>]
SYMBOL_PACKAGE: com.github.javaparser.symbolsolver.javaparser
QUALIFIER: com.github.javaparser.symbolsolver.javaparsermodel.declarations.JavaParserEnumConstantDeclaration [JavaParserEnumConstantDeclaration.java <36:9 36:12>]
QUALIFIER: com.github.javaparser.symbolsolver.javaparsermodel.declarations.JavaParserEnumConstantDeclaration [JavaParserEnumConstantDeclaration.java <37:9 37:12>]
SYMBOL_CLASS: public com.github.javaparser.symbolsolver.javaparsermodel.declarations.JavaParserEnumConstantDeclaration [JavaParserEnumConstantDeclaration.java <30:1 <30:14 30:46> 59:1>]
SYMBOL_FIELD: private com.github.javaparser.symbolsolver.model.resolution.TypeSolver com.github.javaparser.symbolsolver.javaparsermodel.declarations.JavaParserEnumConstantDeclaration.typeSolver [JavaParserEnumConstantDeclaration.java <32:24 32:33>]
SYMBOL_FIELD: private com.github.javaparser.ast.body.EnumConstantDeclaration com.github.javaparser.symbolsolver.javaparsermodel.declarations.JavaParserEnumConstantDeclaration.wrappedNode [JavaParserEnumConstantDeclaration.java <33:68 33:78>]
SYMBOL_METHOD: public com.github.javaparser.symbolsolver.javaparsermodel.declarations.JavaParserEnumConstantDeclaration.JavaParserEnumConstantDeclaration(com.github.javaparser.ast.body.EnumConstantDeclaration, com.github.javaparser.symbolsolver.model.resolution.TypeSolver) [JavaParserEnumConstantDeclaration.java <35:5 <35:5 <35:12 35:44> 35:135> 38:5>]
SYMBOL_METHOD: public com.github.javaparser.symbolsolver.model.typesystem.Type com.github.javaparser.symbolsolver.javaparsermodel.declarations.JavaParserEnumConstantDeclaration.getType() [JavaParserEnumConstantDeclaration.java <40:5 <40:5 <41:17 41:23> 41:25> 43:5>]
SYMBOL_METHOD: com.github.javaparser.symbolsolver.model.typesystem.Type com.github.javaparser.symbolsolver.model.declarations.ValueDeclaration.getType()
SYMBOL_PACKAGE: java.lang
SYMBOL_METHOD: com.github.javaparser.symbolsolver.model.typesystem.ReferenceTypeImpl.ReferenceTypeImpl(com.github.javaparser.symbolsolver.model.declarations.ReferenceTypeDeclaration, com.github.javaparser.symbolsolver.model.resolution.TypeSolver)
SYMBOL_METHOD: com.github.javaparser.symbolsolver.javaparsermodel.declarations.JavaParserEnumDeclaration.JavaParserEnumDeclaration(com.github.javaparser.ast.body.EnumDeclaration, com.github.javaparser.symbolsolver.model.resolution.TypeSolver)
SYMBOL_METHOD: public java.lang.String com.github.javaparser.symbolsolver.javaparsermodel.declarations.JavaParserEnumConstantDeclaration.getName() [JavaParserEnumConstantDeclaration.java <45:5 <45:5 <46:19 46:25> 46:27> 48:5>]
SYMBOL_METHOD: java.lang.String com.github.javaparser.symbolsolver.model.declarations.Declaration.getName()
SYMBOL_METHOD: java.lang.String com.github.javaparser.ast.nodeTypes.NodeWithIdentifier<N>.getId()
SYMBOL_METHOD: com.github.javaparser.ast.expr.SimpleName com.github.javaparser.ast.body.EnumConstantDeclaration.getName()
SYMBOL_METHOD: public com.github.javaparser.ast.body.EnumConstantDeclaration com.github.javaparser.symbolsolver.javaparsermodel.declarations.JavaParserEnumConstantDeclaration.getWrappedNode() [JavaParserEnumConstantDeclaration.java <55:1 <55:1 <55:67 55:80> 55:82> 57:5>]
REFERENCE_IMPORT: JavaParserEnumConstantDeclaration.java -> com.github.javaparser.ast.body.EnumDeclaration [JavaParserEnumConstantDeclaration.java <19:39 19:53>]
REFERENCE_IMPORT: JavaParserEnumConstantDeclaration.java -> com.github.javaparser.symbolsolver.model.declarations.ValueDeclaration [JavaParserEnumConstantDeclaration.java <20:62 20:77>]
REFERENCE_IMPORT: JavaParserEnumConstantDeclaration.java -> com.github.javaparser.symbolsolver.model.resolution.TypeSolver [JavaParserEnumConstantDeclaration.java <21:60 21:69>]
REFERENCE_IMPORT: JavaParserEnumConstantDeclaration.java -> com.github.javaparser.symbolsolver.model.typesystem.ReferenceTypeImpl [JavaParserEnumConstantDeclaration.java <22:60 22:76>]
REFERENCE_IMPORT: JavaParserEnumConstantDeclaration.java -> com.github.javaparser.symbolsolver.model.typesystem.Type [JavaParserEnumConstantDeclaration.java <23:60 23:63>]
REFERENCE_IMPORT: JavaParserEnumConstantDeclaration.java -> static com.github.javaparser.ast.Node com.github.javaparser.symbolsolver.javaparser.Navigator.getParentNode(com.github.javaparser.ast.Node) [JavaParserEnumConstantDeclaration.java <25:71 25:83>]
REFERENCE_INHERITANCE: com.github.javaparser.symbolsolver.javaparsermodel.declarations.JavaParserEnumConstantDeclaration -> com.github.javaparser.symbolsolver.model.declarations.ValueDeclaration [JavaParserEnumConstantDeclaration.java <30:59 30:74>]
REFERENCE_TYPE_USAGE: com.github.javaparser.symbolsolver.model.resolution.TypeSolver com.github.javaparser.symbolsolver.javaparsermodel.declarations.JavaParserEnumConstantDeclaration.typeSolver -> com.github.javaparser.symbolsolver.model.resolution.TypeSolver [JavaParserEnumConstantDeclaration.java <32:13 32:22>]
REFERENCE_TYPE_USAGE: com.github.javaparser.ast.body.EnumConstantDeclaration com.github.javaparser.symbolsolver.javaparsermodel.declarations.JavaParserEnumConstantDeclaration.wrappedNode -> com.github.javaparser.ast.body.EnumConstantDeclaration [JavaParserEnumConstantDeclaration.java <33:44 33:66>]
REFERENCE_TYPE_USAGE: com.github.javaparser.symbolsolver.javaparsermodel.declarations.JavaParserEnumConstantDeclaration.JavaParserEnumConstantDeclaration(com.github.javaparser.ast.body.EnumConstantDeclaration, com.github.javaparser.symbolsolver.model.resolution.TypeSolver) -> com.github.javaparser.ast.body.EnumConstantDeclaration [JavaParserEnumConstantDeclaration.java <35:77 35:99>]
REFERENCE_TYPE_USAGE: com.github.javaparser.symbolsolver.javaparsermodel.declarations.JavaParserEnumConstantDeclaration.JavaParserEnumConstantDeclaration(com.github.javaparser.ast.body.EnumConstantDeclaration, com.github.javaparser.symbolsolver.model.resolution.TypeSolver) -> com.github.javaparser.symbolsolver.model.resolution.TypeSolver [JavaParserEnumConstantDeclaration.java <35:114 35:123>]
REFERENCE_USAGE: com.github.javaparser.symbolsolver.javaparsermodel.declarations.JavaParserEnumConstantDeclaration.JavaParserEnumConstantDeclaration(com.github.javaparser.ast.body.EnumConstantDeclaration, com.github.javaparser.symbolsolver.model.resolution.TypeSolver) -> com.github.javaparser.ast.body.EnumConstantDeclaration com.github.javaparser.symbolsolver.javaparsermodel.declarations.JavaParserEnumConstantDeclaration.wrappedNode [JavaParserEnumConstantDeclaration.java <36:14 36:24>]
REFERENCE_USAGE: com.github.javaparser.symbolsolver.javaparsermodel.declarations.JavaParserEnumConstantDeclaration.JavaParserEnumConstantDeclaration(com.github.javaparser.ast.body.EnumConstantDeclaration, com.github.javaparser.symbolsolver.model.resolution.TypeSolver) -> com.github.javaparser.symbolsolver.model.resolution.TypeSolver com.github.javaparser.symbolsolver.javaparsermodel.declarations.JavaParserEnumConstantDeclaration.typeSolver [JavaParserEnumConstantDeclaration.java <37:14 37:23>]
REFERENCE_OVERRIDE: com.github.javaparser.symbolsolver.model.typesystem.Type com.github.javaparser.symbolsolver.javaparsermodel.declarations.JavaParserEnumConstantDeclaration.getType() -> com.github.javaparser.symbolsolver.model.typesystem.Type com.github.javaparser.symbolsolver.model.declarations.ValueDeclaration.getType() [JavaParserEnumConstantDeclaration.java <41:17 41:23>]
REFERENCE_ANNOTATION_USAGE: com.github.javaparser.symbolsolver.model.typesystem.Type com.github.javaparser.symbolsolver.javaparsermodel.declarations.JavaParserEnumConstantDeclaration.getType() -> java.lang.Override [JavaParserEnumConstantDeclaration.java <40:6 40:13>]
REFERENCE_TYPE_USAGE: com.github.javaparser.symbolsolver.model.typesystem.Type com.github.javaparser.symbolsolver.javaparsermodel.declarations.JavaParserEnumConstantDeclaration.getType() -> com.github.javaparser.symbolsolver.model.typesystem.Type [JavaParserEnumConstantDeclaration.java <41:12 41:15>]
REFERENCE_CALL: com.github.javaparser.symbolsolver.model.typesystem.Type com.github.javaparser.symbolsolver.javaparsermodel.declarations.JavaParserEnumConstantDeclaration.getType() -> com.github.javaparser.symbolsolver.model.typesystem.ReferenceTypeImpl.ReferenceTypeImpl(com.github.javaparser.symbolsolver.model.declarations.ReferenceTypeDeclaration, com.github.javaparser.symbolsolver.model.resolution.TypeSolver) [JavaParserEnumConstantDeclaration.java <42:20 42:36>]
REFERENCE_TYPE_USAGE: com.github.javaparser.symbolsolver.model.typesystem.Type com.github.javaparser.symbolsolver.javaparsermodel.declarations.JavaParserEnumConstantDeclaration.getType() -> com.github.javaparser.symbolsolver.model.typesystem.ReferenceTypeImpl [JavaParserEnumConstantDeclaration.java <42:20 42:36>]
REFERENCE_CALL: com.github.javaparser.symbolsolver.model.typesystem.Type com.github.javaparser.symbolsolver.javaparsermodel.declarations.JavaParserEnumConstantDeclaration.getType() -> com.github.javaparser.symbolsolver.javaparsermodel.declarations.JavaParserEnumDeclaration.JavaParserEnumDeclaration(com.github.javaparser.ast.body.EnumDeclaration, com.github.javaparser.symbolsolver.model.resolution.TypeSolver) [JavaParserEnumConstantDeclaration.java <42:42 42:66>]
REFERENCE_TYPE_USAGE: com.github.javaparser.symbolsolver.model.typesystem.Type com.github.javaparser.symbolsolver.javaparsermodel.declarations.JavaParserEnumConstantDeclaration.getType() -> com.github.javaparser.symbolsolver.javaparsermodel.declarations.JavaParserEnumDeclaration [JavaParserEnumConstantDeclaration.java <42:42 42:66>]
REFERENCE_TYPE_USAGE: com.github.javaparser.symbolsolver.model.typesystem.Type com.github.javaparser.symbolsolver.javaparsermodel.declarations.JavaParserEnumConstantDeclaration.getType() -> com.github.javaparser.ast.body.EnumDeclaration [JavaParserEnumConstantDeclaration.java <42:69 42:83>]
REFERENCE_CALL: com.github.javaparser.symbolsolver.model.typesystem.Type com.github.javaparser.symbolsolver.javaparsermodel.declarations.JavaParserEnumConstantDeclaration.getType() -> static com.github.javaparser.ast.Node com.github.javaparser.symbolsolver.javaparser.Navigator.getParentNode(com.github.javaparser.ast.Node) [JavaParserEnumConstantDeclaration.java <42:86 42:98>]
REFERENCE_USAGE: com.github.javaparser.symbolsolver.model.typesystem.Type com.github.javaparser.symbolsolver.javaparsermodel.declarations.JavaParserEnumConstantDeclaration.getType() -> com.github.javaparser.ast.body.EnumConstantDeclaration com.github.javaparser.symbolsolver.javaparsermodel.declarations.JavaParserEnumConstantDeclaration.wrappedNode [JavaParserEnumConstantDeclaration.java <42:100 42:110>]
REFERENCE_USAGE: com.github.javaparser.symbolsolver.model.typesystem.Type com.github.javaparser.symbolsolver.javaparsermodel.declarations.JavaParserEnumConstantDeclaration.getType() -> com.github.javaparser.symbolsolver.model.resolution.TypeSolver com.github.javaparser.symbolsolver.javaparsermodel.declarations.JavaParserEnumConstantDeclaration.typeSolver [JavaParserEnumConstantDeclaration.java <42:114 42:123>]
REFERENCE_USAGE: com.github.javaparser.symbolsolver.model.typesystem.Type com.github.javaparser.symbolsolver.javaparsermodel.declarations.JavaParserEnumConstantDeclaration.getType() -> com.github.javaparser.symbolsolver.model.resolution.TypeSolver com.github.javaparser.symbolsolver.javaparsermodel.declarations.JavaParserEnumConstantDeclaration.typeSolver [JavaParserEnumConstantDeclaration.java <42:127 42:136>]
REFERENCE_OVERRIDE: java.lang.String com.github.javaparser.symbolsolver.javaparsermodel.declarations.JavaParserEnumConstantDeclaration.getName() -> java.lang.String com.github.javaparser.symbolsolver.model.declarations.Declaration.getName() [JavaParserEnumConstantDeclaration.java <46:19 46:25>]
REFERENCE_ANNOTATION_USAGE: java.lang.String com.github.javaparser.symbolsolver.javaparsermodel.declarations.JavaParserEnumConstantDeclaration.getName() -> java.lang.Override [JavaParserEnumConstantDeclaration.java <45:6 45:13>]
REFERENCE_TYPE_USAGE: java.lang.String com.github.javaparser.symbolsolver.javaparsermodel.declarations.JavaParserEnumConstantDeclaration.getName() -> java.lang.String [JavaParserEnumConstantDeclaration.java <46:12 46:17>]
REFERENCE_CALL: java.lang.String com.github.javaparser.symbolsolver.javaparsermodel.declarations.JavaParserEnumConstantDeclaration.getName() -> java.lang.String com.github.javaparser.ast.nodeTypes.NodeWithIdentifier<N>.getId() [JavaParserEnumConstantDeclaration.java <47:38 47:42>]
REFERENCE_CALL: java.lang.String com.github.javaparser.symbolsolver.javaparsermodel.declarations.JavaParserEnumConstantDeclaration.getName() -> com.github.javaparser.ast.expr.SimpleName com.github.javaparser.ast.body.EnumConstantDeclaration.getName() [JavaParserEnumConstantDeclaration.java <47:28 47:34>]
REFERENCE_USAGE: java.lang.String com.github.javaparser.symbolsolver.javaparsermodel.declarations.JavaParserEnumConstantDeclaration.getName() -> com.github.javaparser.ast.body.EnumConstantDeclaration com.github.javaparser.symbolsolver.javaparsermodel.declarations.JavaParserEnumConstantDeclaration.wrappedNode [JavaParserEnumConstantDeclaration.java <47:16 47:26>]
REFERENCE_TYPE_USAGE: com.github.javaparser.ast.body.EnumConstantDeclaration com.github.javaparser.symbolsolver.javaparsermodel.declarations.JavaParserEnumConstantDeclaration.getWrappedNode() -> com.github.javaparser.ast.body.EnumConstantDeclaration [JavaParserEnumConstantDeclaration.java <55:43 55:65>]
REFERENCE_USAGE: com.github.javaparser.ast.body.EnumConstantDeclaration com.github.javaparser.symbolsolver.javaparsermodel.declarations.JavaParserEnumConstantDeclaration.getWrappedNode() -> com.github.javaparser.ast.body.EnumConstantDeclaration com.github.javaparser.symbolsolver.javaparsermodel.declarations.JavaParserEnumConstantDeclaration.wrappedNode [JavaParserEnumConstantDeclaration.java <56:16 56:26>]
LOCAL_SYMBOL: JavaParserEnumConstantDeclaration.java<30:76> [JavaParserEnumConstantDeclaration.java <30:76 30:76>]
LOCAL_SYMBOL: JavaParserEnumConstantDeclaration.java<30:76> [JavaParserEnumConstantDeclaration.java <59:1 59:1>]
LOCAL_SYMBOL: JavaParserEnumConstantDeclaration.java<35:137> [JavaParserEnumConstantDeclaration.java <35:137 35:137>]
LOCAL_SYMBOL: JavaParserEnumConstantDeclaration.java<35:137> [JavaParserEnumConstantDeclaration.java <38:5 38:5>]
LOCAL_SYMBOL: JavaParserEnumConstantDeclaration.java<41:27> [JavaParserEnumConstantDeclaration.java <41:27 41:27>]
LOCAL_SYMBOL: JavaParserEnumConstantDeclaration.java<41:27> [JavaParserEnumConstantDeclaration.java <43:5 43:5>]
LOCAL_SYMBOL: JavaParserEnumConstantDeclaration.java<46:29> [JavaParserEnumConstantDeclaration.java <46:29 46:29>]
LOCAL_SYMBOL: JavaParserEnumConstantDeclaration.java<46:29> [JavaParserEnumConstantDeclaration.java <48:5 48:5>]
LOCAL_SYMBOL: JavaParserEnumConstantDeclaration.java<55:84> [JavaParserEnumConstantDeclaration.java <55:84 55:84>]
LOCAL_SYMBOL: JavaParserEnumConstantDeclaration.java<55:84> [JavaParserEnumConstantDeclaration.java <57:5 57:5>]
LOCAL_SYMBOL: com.github.javaparser.symbolsolver.javaparsermodel.declarations.JavaParserEnumConstantDeclaration.JavaParserEnumConstantDeclaration<0> [JavaParserEnumConstantDeclaration.java <35:101 35:111>]
LOCAL_SYMBOL: com.github.javaparser.symbolsolver.javaparsermodel.declarations.JavaParserEnumConstantDeclaration.JavaParserEnumConstantDeclaration<0> [JavaParserEnumConstantDeclaration.java <36:28 36:38>]
LOCAL_SYMBOL: com.github.javaparser.symbolsolver.javaparsermodel.declarations.JavaParserEnumConstantDeclaration.JavaParserEnumConstantDeclaration<1> [JavaParserEnumConstantDeclaration.java <35:125 35:134>]
LOCAL_SYMBOL: com.github.javaparser.symbolsolver.javaparsermodel.declarations.JavaParserEnumConstantDeclaration.JavaParserEnumConstantDeclaration<1> [JavaParserEnumConstantDeclaration.java <37:27 37:36>]
COMMENT: comment [JavaParserEnumConstantDeclaration.java <1:1 15:3>]
COMMENT: comment [JavaParserEnumConstantDeclaration.java <27:1 29:3>]
COMMENT: comment [JavaParserEnumConstantDeclaration.java <50:5 54:7>]
